Archive member included to satisfy reference by file (symbol)

c:/MaximSDK/Libraries/PeriphDrivers/bin/MAX78000/softfp/libPeriphDriver_softfp.a(mxc_delay.o)
                              c:/Users/Jake.Carter/proj/Active/BMI160-MAX78000/build/bmi160_max78000evkit.o (MXC_Delay)
c:/MaximSDK/Libraries/PeriphDrivers/bin/MAX78000/softfp/libPeriphDriver_softfp.a(pins_ai85.o)
                              c:/Users/Jake.Carter/proj/Active/BMI160-MAX78000/build/camera.o (gpio_cfg_pcif_xclk)
c:/MaximSDK/Libraries/PeriphDrivers/bin/MAX78000/softfp/libPeriphDriver_softfp.a(sys_ai85.o)
                              c:/Users/Jake.Carter/proj/Active/BMI160-MAX78000/build/board.o (MXC_SYS_ClockEnable)
c:/MaximSDK/Libraries/PeriphDrivers/bin/MAX78000/softfp/libPeriphDriver_softfp.a(nvic_table.o)
                              c:/Users/Jake.Carter/proj/Active/BMI160-MAX78000/build/camera.o (NVIC_SetVector)
c:/MaximSDK/Libraries/PeriphDrivers/bin/MAX78000/softfp/libPeriphDriver_softfp.a(cameraif_ai85.o)
                              c:/Users/Jake.Carter/proj/Active/BMI160-MAX78000/build/camera.o (MXC_PCIF_Init)
c:/MaximSDK/Libraries/PeriphDrivers/bin/MAX78000/softfp/libPeriphDriver_softfp.a(cameraif_reva.o)
                              c:/MaximSDK/Libraries/PeriphDrivers/bin/MAX78000/softfp/libPeriphDriver_softfp.a(cameraif_ai85.o) (MXC_PCIF_RevA_SetDatawidth)
c:/MaximSDK/Libraries/PeriphDrivers/bin/MAX78000/softfp/libPeriphDriver_softfp.a(dma_me17.o)
                              c:/Users/Jake.Carter/proj/Active/BMI160-MAX78000/build/camera.o (MXC_DMA_SetCallback)
c:/MaximSDK/Libraries/PeriphDrivers/bin/MAX78000/softfp/libPeriphDriver_softfp.a(dma_reva.o)
                              c:/MaximSDK/Libraries/PeriphDrivers/bin/MAX78000/softfp/libPeriphDriver_softfp.a(dma_me17.o) (MXC_DMA_RevA_Init)
c:/MaximSDK/Libraries/PeriphDrivers/bin/MAX78000/softfp/libPeriphDriver_softfp.a(gpio_ai85.o)
                              c:/Users/Jake.Carter/proj/Active/BMI160-MAX78000/build/pb.o (MXC_GPIO_InGet)
c:/MaximSDK/Libraries/PeriphDrivers/bin/MAX78000/softfp/libPeriphDriver_softfp.a(gpio_reva.o)
                              c:/MaximSDK/Libraries/PeriphDrivers/bin/MAX78000/softfp/libPeriphDriver_softfp.a(gpio_ai85.o) (MXC_GPIO_RevA_InGet)
c:/MaximSDK/Libraries/PeriphDrivers/bin/MAX78000/softfp/libPeriphDriver_softfp.a(pt_me17.o)
                              c:/Users/Jake.Carter/proj/Active/BMI160-MAX78000/build/camera.o (MXC_PT_Init)
c:/MaximSDK/Libraries/PeriphDrivers/bin/MAX78000/softfp/libPeriphDriver_softfp.a(pt_reva.o)
                              c:/MaximSDK/Libraries/PeriphDrivers/bin/MAX78000/softfp/libPeriphDriver_softfp.a(pt_me17.o) (MXC_PT_RevA_Init)
c:/MaximSDK/Libraries/PeriphDrivers/bin/MAX78000/softfp/libPeriphDriver_softfp.a(spi_me17.o)
                              c:/Users/Jake.Carter/proj/Active/BMI160-MAX78000/build/tft.o (MXC_SPI_Init)
c:/MaximSDK/Libraries/PeriphDrivers/bin/MAX78000/softfp/libPeriphDriver_softfp.a(spi_reva.o)
                              c:/MaximSDK/Libraries/PeriphDrivers/bin/MAX78000/softfp/libPeriphDriver_softfp.a(spi_me17.o) (MXC_SPI_RevA_Init)
c:/MaximSDK/Libraries/PeriphDrivers/bin/MAX78000/softfp/libPeriphDriver_softfp.a(uart_ai85.o)
                              c:/Users/Jake.Carter/proj/Active/BMI160-MAX78000/build/board.o (MXC_UART_Shutdown)
c:/MaximSDK/Libraries/PeriphDrivers/bin/MAX78000/softfp/libPeriphDriver_softfp.a(uart_common.o)
                              c:/MaximSDK/Libraries/PeriphDrivers/bin/MAX78000/softfp/libPeriphDriver_softfp.a(uart_ai85.o) (MXC_UART_Common_ReadCharacter)
c:/MaximSDK/Libraries/PeriphDrivers/bin/MAX78000/softfp/libPeriphDriver_softfp.a(uart_revb.o)
                              c:/MaximSDK/Libraries/PeriphDrivers/bin/MAX78000/softfp/libPeriphDriver_softfp.a(uart_ai85.o) (MXC_UART_RevB_Init)
c:/MaximSDK/Libraries/PeriphDrivers/bin/MAX78000/softfp/libPeriphDriver_softfp.a(mxc_lock.o)
                              c:/MaximSDK/Libraries/PeriphDrivers/bin/MAX78000/softfp/libPeriphDriver_softfp.a(dma_reva.o) (MXC_GetLock)
c:/MaximSDK/Libraries/PeriphDrivers/bin/MAX78000/softfp/libPeriphDriver_softfp.a(gpio_common.o)
                              c:/MaximSDK/Libraries/PeriphDrivers/bin/MAX78000/softfp/libPeriphDriver_softfp.a(gpio_ai85.o) (MXC_GPIO_Common_Init)
c:/maximsdk/tools/gnutools/bin/../lib/gcc/arm-none-eabi/9.2.1/../../../../arm-none-eabi/lib/thumb/v7e-m+fp/softfp\libc.a(lib_a-errno.o)
                              c:/Users/Jake.Carter/proj/Active/BMI160-MAX78000/build/stdio.o (__errno)
c:/maximsdk/tools/gnutools/bin/../lib/gcc/arm-none-eabi/9.2.1/../../../../arm-none-eabi/lib/thumb/v7e-m+fp/softfp\libc.a(lib_a-exit.o)
                              c:/maximsdk/tools/gnutools/bin/../lib/gcc/arm-none-eabi/9.2.1/../../../../arm-none-eabi/lib/thumb/v7e-m+fp/softfp/crt0.o (exit)
c:/maximsdk/tools/gnutools/bin/../lib/gcc/arm-none-eabi/9.2.1/../../../../arm-none-eabi/lib/thumb/v7e-m+fp/softfp\libc.a(lib_a-impure.o)
[...]
Memory Configuration

Name             Origin             Length             Attributes
ROM              0x00000000         0x00010000         xr
FLASH            0x10000000         0x00080000         xr
SRAM             0x20000000         0x00020000         xrw
*default*        0x00000000         0xffffffff

Linker script and memory map

LOAD c:/maximsdk/tools/gnutools/bin/../lib/gcc/arm-none-eabi/9.2.1/thumb/v7e-m+fp/softfp/crti.o
LOAD c:/maximsdk/tools/gnutools/bin/../lib/gcc/arm-none-eabi/9.2.1/thumb/v7e-m+fp/softfp/crtbegin.o
LOAD c:/maximsdk/tools/gnutools/bin/../lib/gcc/arm-none-eabi/9.2.1/../../../../arm-none-eabi/lib/thumb/v7e-m+fp/softfp/crt0.o
LOAD c:/Users/Jake.Carter/proj/Active/BMI160-MAX78000/build/main.o
LOAD c:/Users/Jake.Carter/proj/Active/BMI160-MAX78000/build/bmi160.o
LOAD c:/Users/Jake.Carter/proj/Active/BMI160-MAX78000/build/bmi160_max78000evkit.o
LOAD c:/Users/Jake.Carter/proj/Active/BMI160-MAX78000/build/board.o
LOAD c:/Users/Jake.Carter/proj/Active/BMI160-MAX78000/build/stdio.o
LOAD c:/Users/Jake.Carter/proj/Active/BMI160-MAX78000/build/led.o
LOAD c:/Users/Jake.Carter/proj/Active/BMI160-MAX78000/build/pb.o
LOAD c:/Users/Jake.Carter/proj/Active/BMI160-MAX78000/build/tft.o
LOAD c:/Users/Jake.Carter/proj/Active/BMI160-MAX78000/build/touchscreen.o
LOAD c:/Users/Jake.Carter/proj/Active/BMI160-MAX78000/build/camera.o
LOAD c:/Users/Jake.Carter/proj/Active/BMI160-MAX78000/build/ov7692.o
LOAD c:/Users/Jake.Carter/proj/Active/BMI160-MAX78000/build/sccb.o
LOAD c:/Users/Jake.Carter/proj/Active/BMI160-MAX78000/build/startup_max78000.o
LOAD c:/Users/Jake.Carter/proj/Active/BMI160-MAX78000/build/heap.o
LOAD c:/Users/Jake.Carter/proj/Active/BMI160-MAX78000/build/system_max78000.o
START GROUP
LOAD c:/MaximSDK/Libraries/PeriphDrivers/bin/MAX78000/softfp/libPeriphDriver_softfp.a
LOAD c:/maximsdk/tools/gnutools/bin/../lib/gcc/arm-none-eabi/9.2.1/../../../../arm-none-eabi/lib/thumb/v7e-m+fp/softfp\libc.a
LOAD c:/maximsdk/tools/gnutools/bin/../lib/gcc/arm-none-eabi/9.2.1/../../../../arm-none-eabi/lib/thumb/v7e-m+fp/softfp\libm.a
LOAD c:/maximsdk/tools/gnutools/bin/../lib/gcc/arm-none-eabi/9.2.1/../../../../arm-none-eabi/lib/thumb/v7e-m+fp/softfp\libnosys.a
END GROUP
START GROUP
LOAD c:/maximsdk/tools/gnutools/bin/../lib/gcc/arm-none-eabi/9.2.1/thumb/v7e-m+fp/softfp\libgcc.a
LOAD c:/maximsdk/tools/gnutools/bin/../lib/gcc/arm-none-eabi/9.2.1/../../../../arm-none-eabi/lib/thumb/v7e-m+fp/softfp\libc.a
END GROUP
LOAD c:/maximsdk/tools/gnutools/bin/../lib/gcc/arm-none-eabi/9.2.1/thumb/v7e-m+fp/softfp/crtend.o
LOAD c:/maximsdk/tools/gnutools/bin/../lib/gcc/arm-none-eabi/9.2.1/thumb/v7e-m+fp/softfp/crtn.o

.rom
 *(.rom_vector)
 *(.rom_handlers*)

.text           0x10000000     0x813c
                0x10000000                _text = .
 *(.isr_vector)
 .isr_vector    0x10000000      0x1e0 c:/Users/Jake.Carter/proj/Active/BMI160-MAX78000/build/startup_max78000.o
                0x10000000                __isr_vector
 *(.text*)
 .text          0x100001e0       0x40 c:/maximsdk/tools/gnutools/bin/../lib/gcc/arm-none-eabi/9.2.1/thumb/v7e-m+fp/softfp/crtbegin.o
 .text.main     0x10000220       0x20 c:/Users/Jake.Carter/proj/Active/BMI160-MAX78000/build/main.o
                0x10000220                main
 .text.null_ptr_check
                0x10000240       0x2a c:/Users/Jake.Carter/proj/Active/BMI160-MAX78000/build/bmi160.o
 .text.default_param_settg
                0x1000026a       0x26 c:/Users/Jake.Carter/proj/Active/BMI160-MAX78000/build/bmi160.o
 .text.process_accel_odr
                0x10000290       0x28 c:/Users/Jake.Carter/proj/Active/BMI160-MAX78000/build/bmi160.o
 .text.process_accel_bw
                0x100002b8       0x2a c:/Users/Jake.Carter/proj/Active/BMI160-MAX78000/build/bmi160.o
 .text.process_accel_range
                0x100002e2       0x28 c:/Users/Jake.Carter/proj/Active/BMI160-MAX78000/build/bmi160.o
 .text.process_gyro_odr
                0x1000030a       0x28 c:/Users/Jake.Carter/proj/Active/BMI160-MAX78000/build/bmi160.o
 .text.process_gyro_bw
                0x10000332       0x20 c:/Users/Jake.Carter/proj/Active/BMI160-MAX78000/build/bmi160.o
 .text.process_gyro_range
                0x10000352       0x28 c:/Users/Jake.Carter/proj/Active/BMI160-MAX78000/build/bmi160.o
 .text.validate_accel_self_test
                0x1000037a       0x40 c:/Users/Jake.Carter/proj/Active/BMI160-MAX78000/build/bmi160.o
 .text.bmi160_get_regs
                0x100003ba       0x36 c:/Users/Jake.Carter/proj/Active/BMI160-MAX78000/build/bmi160.o
                0x100003ba                bmi160_get_regs
 .text.check_accel_config
                0x100003f0       0x38 c:/Users/Jake.Carter/proj/Active/BMI160-MAX78000/build/bmi160.o
 .text.check_gyro_config
                0x10000428       0x38 c:/Users/Jake.Carter/proj/Active/BMI160-MAX78000/build/bmi160.o
 .text.check_invalid_settg
                0x10000460       0x4e c:/Users/Jake.Carter/proj/Active/BMI160-MAX78000/build/bmi160.o
 .text.get_accel_data
                0x100004ae       0x7e c:/Users/Jake.Carter/proj/Active/BMI160-MAX78000/build/bmi160.o
 .text.get_gyro_data
                0x1000052c       0xc4 c:/Users/Jake.Carter/proj/Active/BMI160-MAX78000/build/bmi160.o
 .text.get_accel_gyro_data
                0x100005f0       0xb8 c:/Users/Jake.Carter/proj/Active/BMI160-MAX78000/build/bmi160.o
 .text.validate_gyro_self_test
                0x100006a8       0x26 c:/Users/Jake.Carter/proj/Active/BMI160-MAX78000/build/bmi160.o
 .text.bmi160_set_regs
                0x100006ce       0x8e c:/Users/Jake.Carter/proj/Active/BMI160-MAX78000/build/bmi160.o
                0x100006ce                bmi160_set_regs
 .text.set_accel_conf
                0x1000075c       0x4a c:/Users/Jake.Carter/proj/Active/BMI160-MAX78000/build/bmi160.o
 .text.set_gyro_conf
                0x100007a6       0x4a c:/Users/Jake.Carter/proj/Active/BMI160-MAX78000/build/bmi160.o
 .text.process_under_sampling
                0x100007f0       0x6c c:/Users/Jake.Carter/proj/Active/BMI160-MAX78000/build/bmi160.o
 .text.set_accel_pwr
                0x1000085c       0x5e c:/Users/Jake.Carter/proj/Active/BMI160-MAX78000/build/bmi160.o
 .text.set_gyro_pwr
                0x100008ba       0x5c c:/Users/Jake.Carter/proj/Active/BMI160-MAX78000/build/bmi160.o
 .text.enable_gyro_self_test
                0x10000916       0x46 c:/Users/Jake.Carter/proj/Active/BMI160-MAX78000/build/bmi160.o
 .text.perform_gyro_self_test
                0x1000095c       0x18 c:/Users/Jake.Carter/proj/Active/BMI160-MAX78000/build/bmi160.o
 .text.bmi160_soft_reset
                0x10000974       0x5e c:/Users/Jake.Carter/proj/Active/BMI160-MAX78000/build/bmi160.o
                0x10000974                bmi160_soft_reset
 .text.bmi160_init
                0x100009d2       0x68 c:/Users/Jake.Carter/proj/Active/BMI160-MAX78000/build/bmi160.o
                0x100009d2                bmi160_init
 .text.bmi160_set_power_mode
                0x10000a3a       0x26 c:/Users/Jake.Carter/proj/Active/BMI160-MAX78000/build/bmi160.o
                0x10000a3a                bmi160_set_power_mode
 .text.bmi160_set_sens_conf
                0x10000a60       0x3a c:/Users/Jake.Carter/proj/Active/BMI160-MAX78000/build/bmi160.o
                0x10000a60                bmi160_set_sens_conf
 .text.enable_accel_self_test
                0x10000a9a       0x2e c:/Users/Jake.Carter/proj/Active/BMI160-MAX78000/build/bmi160.o
 .text.bmi160_get_sensor_data
                0x10000ac8       0x6a c:/Users/Jake.Carter/proj/Active/BMI160-MAX78000/build/bmi160.o
                0x10000ac8                bmi160_get_sensor_data
 .text.accel_self_test_positive_excitation
                0x10000b32       0x34 c:/Users/Jake.Carter/proj/Active/BMI160-MAX78000/build/bmi160.o
 .text.accel_self_test_negative_excitation
                0x10000b66       0x34 c:/Users/Jake.Carter/proj/Active/BMI160-MAX78000/build/bmi160.o
 .text.perform_accel_self_test
                0x10000b9a       0x32 c:/Users/Jake.Carter/proj/Active/BMI160-MAX78000/build/bmi160.o
 .text.bmi160_perform_self_test
                0x10000bcc       0x5c c:/Users/Jake.Carter/proj/Active/BMI160-MAX78000/build/bmi160.o
                0x10000bcc                bmi160_perform_self_test
 .text.i2c_read
                0x10000c28        0x4 c:/Users/Jake.Carter/proj/Active/BMI160-MAX78000/build/bmi160_max78000evkit.o
 .text.i2c_write
                0x10000c2c        0x4 c:/Users/Jake.Carter/proj/Active/BMI160-MAX78000/build/bmi160_max78000evkit.o
 .text.delay_ms
                0x10000c30       0x10 c:/Users/Jake.Carter/proj/Active/BMI160-MAX78000/build/bmi160_max78000evkit.o
 .text.init_bmi160
                0x10000c40       0x38 c:/Users/Jake.Carter/proj/Active/BMI160-MAX78000/build/bmi160_max78000evkit.o
                0x10000c40                init_bmi160
 .text.mxc_assert
                0x10000c78       0x10 c:/Users/Jake.Carter/proj/Active/BMI160-MAX78000/build/board.o
                0x10000c78                mxc_assert
 .text.Console_Init
                0x10000c88       0x18 c:/Users/Jake.Carter/proj/Active/BMI160-MAX78000/build/board.o
                0x10000c88                Console_Init
 .text.Board_Init
                0x10000ca0       0x64 c:/Users/Jake.Carter/proj/Active/BMI160-MAX78000/build/board.o
                0x10000ca0                Board_Init
 .text.NMI_Handler
                0x10000d04        0x4 c:/Users/Jake.Carter/proj/Active/BMI160-MAX78000/build/board.o
                0x10000d04                NMI_Handler
 .text._close   0x10000d08        0x6 c:/Users/Jake.Carter/proj/Active/BMI160-MAX78000/build/stdio.o
                0x10000d08                _close
 .text._isatty  0x10000d0e        0x6 c:/Users/Jake.Carter/proj/Active/BMI160-MAX78000/build/stdio.o
                0x10000d0e                _isatty
 .text._lseek   0x10000d14        0x6 c:/Users/Jake.Carter/proj/Active/BMI160-MAX78000/build/stdio.o
                0x10000d14                _lseek
 .text._fstat   0x10000d1a        0x6 c:/Users/Jake.Carter/proj/Active/BMI160-MAX78000/build/stdio.o
                0x10000d1a                _fstat
 .text._read    0x10000d20       0x50 c:/Users/Jake.Carter/proj/Active/BMI160-MAX78000/build/stdio.o
                0x10000d20                _read
 .text._write   0x10000d70       0x50 c:/Users/Jake.Carter/proj/Active/BMI160-MAX78000/build/stdio.o
                0x10000d70                _write
 .text.LED_Off  0x10000dc0       0x44 c:/Users/Jake.Carter/proj/Active/BMI160-MAX78000/build/led.o
                0x10000dc0                LED_Off
 .text.LED_Init
                0x10000e04       0x3c c:/Users/Jake.Carter/proj/Active/BMI160-MAX78000/build/led.o
                0x10000e04                LED_Init
 .text.PB_Init  0x10000e40       0x38 c:/Users/Jake.Carter/proj/Active/BMI160-MAX78000/build/pb.o
                0x10000e40                PB_Init
 .text.GPIO0_IRQHandler
                0x10000e78        0xa c:/Users/Jake.Carter/proj/Active/BMI160-MAX78000/build/pb.o
                0x10000e78                GPIO0_IRQHandler
 .text.GPIO1_IRQHandler
                0x10000e82        0xa c:/Users/Jake.Carter/proj/Active/BMI160-MAX78000/build/pb.o
                0x10000e82                GPIO1_IRQHandler
 .text.GPIO2_IRQHandler
                0x10000e8c        0xa c:/Users/Jake.Carter/proj/Active/BMI160-MAX78000/build/pb.o
                0x10000e8c                GPIO2_IRQHandler
 *fill*         0x10000e96        0x2 
 .text          0x10000e98      0x148 c:/Users/Jake.Carter/proj/Active/BMI160-MAX78000/build/startup_max78000.o
                0x10000e98                Reset_Handler
                0x10000ed6                HardFault_Handler
                0x10000ed8                MemManage_Handler
                0x10000eda                BusFault_Handler
                0x10000edc                UsageFault_Handler
                0x10000ede                SVC_Handler
                0x10000ee0                DebugMon_Handler
                0x10000ee2                PendSV_Handler
                0x10000ee4                SysTick_Handler
                0x10000ee6                Default_Handler
                0x10000ee8                PF_IRQHandler
                0x10000eea                WDT0_IRQHandler
                0x10000eec                RSV02_IRQHandler
                0x10000eee                RTC_IRQHandler
                0x10000ef0                TRNG_IRQHandler
                0x10000ef2                TMR0_IRQHandler
                0x10000ef4                TMR1_IRQHandler
                0x10000ef6                TMR2_IRQHandler
                0x10000ef8                TMR3_IRQHandler
                0x10000efa                TMR4_IRQHandler
                0x10000efc                TMR5_IRQHandler
                0x10000efe                RSV11_IRQHandler
                0x10000f00                RSV12_IRQHandler
                0x10000f02                I2C0_IRQHandler
                0x10000f04                UART0_IRQHandler
                0x10000f06                UART1_IRQHandler
                0x10000f08                SPI1_IRQHandler
                0x10000f0a                RSV17_IRQHandler
                0x10000f0c                RSV18_IRQHandler
                0x10000f0e                RSV19_IRQHandler
                0x10000f10                ADC_IRQHandler
                0x10000f12                RSV21_IRQHandler
                0x10000f14                RSV22_IRQHandler
                0x10000f16                FLC0_IRQHandler
                0x10000f1e                RSV27_IRQHandler
                0x10000f20                DMA0_IRQHandler
                0x10000f22                DMA1_IRQHandler
                0x10000f24                DMA2_IRQHandler
                0x10000f26                DMA3_IRQHandler
                0x10000f28                RSV32_IRQHandler
                0x10000f2a                RSV33_IRQHandler
                0x10000f2c                UART2_IRQHandler
                0x10000f2e                RSV35_IRQHandler
                0x10000f30                I2C1_IRQHandler
                0x10000f32                RSV37_IRQHandler
                0x10000f34                RSV38_IRQHandler
                0x10000f36                RSV39_IRQHandler
                0x10000f38                RSV40_IRQHandler
                0x10000f3a                RSV41_IRQHandler
                0x10000f3c                RSV42_IRQHandler
                0x10000f3e                RSV43_IRQHandler
                0x10000f40                RSV44_IRQHandler
                0x10000f42                RSV45_IRQHandler
                0x10000f44                RSV46_IRQHandler
                0x10000f46                RSV47_IRQHandler
                0x10000f48                RSV48_IRQHandler
                0x10000f4a                RSV49_IRQHandler
                0x10000f4c                RSV50_IRQHandler
                0x10000f4e                RSV51_IRQHandler
                0x10000f50                RSV52_IRQHandler
                0x10000f52                WUT_IRQHandler
                0x10000f54                GPIOWAKE_IRQHandler
                0x10000f56                RSV55_IRQHandler
                0x10000f58                SPI0_IRQHandler
                0x10000f5a                WDT1_IRQHandler
                0x10000f5c                RSV58_IRQHandler
                0x10000f5e                PT_IRQHandler
                0x10000f60                RSV60_IRQHandler
                0x10000f62                RSV61_IRQHandler
                0x10000f64                I2C2_IRQHandler
                0x10000f66                RISCV_IRQHandler
                0x10000f68                RSV64_IRQHandler
                0x10000f6a                RSV65_IRQHandler
                0x10000f6c                RSV66_IRQHandler
                0x10000f6e                OWM_IRQHandler
                0x10000f70                RSV68_IRQHandler
                0x10000f72                RSV69_IRQHandler
                0x10000f74                RSV70_IRQHandler
                0x10000f76                RSV71_IRQHandler
                0x10000f78                RSV72_IRQHandler
                0x10000f7a                RSV73_IRQHandler
                0x10000f7c                RSV74_IRQHandler
                0x10000f7e                RSV75_IRQHandler
                0x10000f80                RSV76_IRQHandler
                0x10000f82                RSV77_IRQHandler
                0x10000f84                RSV78_IRQHandler
                0x10000f86                RSV79_IRQHandler
                0x10000f88                RSV80_IRQHandler
                0x10000f8a                RSV81_IRQHandler
                0x10000f8c                ECC_IRQHandler
                0x10000f8e                DVS_IRQHandler
                0x10000f90                SIMO_IRQHandler
                0x10000f92                RSV85_IRQHandler
                0x10000f94                RSV86_IRQHandler
                0x10000f96                RSV87_IRQHandler
                0x10000f98                UART3_IRQHandler
                0x10000f9a                RSV89_IRQHandler
                0x10000f9c                RSV90_IRQHandler
                0x10000f9e                PCIF_IRQHandler
                0x10000fa0                RSV92_IRQHandler
                0x10000fa2                RSV93_IRQHandler
                0x10000fa4                RSV94_IRQHandler
                0x10000fa6                RSV95_IRQHandler
                0x10000fa8                RSV96_IRQHandler
                0x10000faa                AES_IRQHandler
                0x10000fac                RSV98_IRQHandler
                0x10000fae                I2S_IRQHandler
                0x10000fb0                CNN_FIFO_IRQHandler
                0x10000fb2                CNN_IRQHandler
                0x10000fb4                RSV102_IRQHandler
                0x10000fb6                LPCMP_IRQHandler
 .text._sbrk    0x10000fe0       0x40 c:/Users/Jake.Carter/proj/Active/BMI160-MAX78000/build/heap.o
                0x10000fe0                _sbrk
 .text.SystemCoreClockUpdate
                0x10001020       0x74 c:/Users/Jake.Carter/proj/Active/BMI160-MAX78000/build/system_max78000.o
                0x10001020                SystemCoreClockUpdate
 .text.PreInit  0x10001094        0x4 c:/Users/Jake.Carter/proj/Active/BMI160-MAX78000/build/system_max78000.o
                0x10001094                PreInit
 .text.SystemInit
                0x10001098       0x30 c:/Users/Jake.Carter/proj/Active/BMI160-MAX78000/build/system_max78000.o
                0x10001098                SystemInit
 .text.MXC_DelayInit
                0x100010c8       0x84 c:/MaximSDK/Libraries/PeriphDrivers/bin/MAX78000/softfp/libPeriphDriver_softfp.a(mxc_delay.o)
 .text.MXC_DelayAsync
                0x1000114c       0x44 c:/MaximSDK/Libraries/PeriphDrivers/bin/MAX78000/softfp/libPeriphDriver_softfp.a(mxc_delay.o)
                0x1000114c                MXC_DelayAsync
 .text.MXC_DelayAbort
                0x10001190       0x38 c:/MaximSDK/Libraries/PeriphDrivers/bin/MAX78000/softfp/libPeriphDriver_softfp.a(mxc_delay.o)
                0x10001190                MXC_DelayAbort
 .text.MXC_DelayCheck
                0x100011c8       0x64 c:/MaximSDK/Libraries/PeriphDrivers/bin/MAX78000/softfp/libPeriphDriver_softfp.a(mxc_delay.o)
                0x100011c8                MXC_DelayCheck
 .text.MXC_Delay
                0x1000122c       0x58 c:/MaximSDK/Libraries/PeriphDrivers/bin/MAX78000/softfp/libPeriphDriver_softfp.a(mxc_delay.o)
                0x1000122c                MXC_Delay
 .text.MXC_SYS_ClockDisable
                0x10001284       0x48 c:/MaximSDK/Libraries/PeriphDrivers/bin/MAX78000/softfp/libPeriphDriver_softfp.a(sys_ai85.o)
                0x10001284                MXC_SYS_ClockDisable
 .text.MXC_SYS_ClockEnable
                0x100012cc       0x50 c:/MaximSDK/Libraries/PeriphDrivers/bin/MAX78000/softfp/libPeriphDriver_softfp.a(sys_ai85.o)
                0x100012cc                MXC_SYS_ClockEnable
 .text.MXC_SYS_Clock_Timeout
                0x1000131c       0x30 c:/MaximSDK/Libraries/PeriphDrivers/bin/MAX78000/softfp/libPeriphDriver_softfp.a(sys_ai85.o)
                0x1000131c                MXC_SYS_Clock_Timeout
 .text.MXC_SYS_ClockSourceEnable
                0x1000134c       0x80 c:/MaximSDK/Libraries/PeriphDrivers/bin/MAX78000/softfp/libPeriphDriver_softfp.a(sys_ai85.o)
                0x1000134c                MXC_SYS_ClockSourceEnable
 .text.MXC_SYS_Reset_Periph
                0x100013cc       0x3c c:/MaximSDK/Libraries/PeriphDrivers/bin/MAX78000/softfp/libPeriphDriver_softfp.a(sys_ai85.o)
                0x100013cc                MXC_SYS_Reset_Periph
 .text.MXC_GPIO_Init
                0x10001408       0x30 c:/MaximSDK/Libraries/PeriphDrivers/bin/MAX78000/softfp/libPeriphDriver_softfp.a(gpio_ai85.o)
                0x10001408                MXC_GPIO_Init
 .text.MXC_GPIO_OutSet
                0x10001438       0x38 c:/MaximSDK/Libraries/PeriphDrivers/bin/MAX78000/softfp/libPeriphDriver_softfp.a(gpio_ai85.o)
                0x10001438                MXC_GPIO_OutSet
 .text.MXC_GPIO_Handler
                0x10001470        0x8 c:/MaximSDK/Libraries/PeriphDrivers/bin/MAX78000/softfp/libPeriphDriver_softfp.a(gpio_ai85.o)
                0x10001470                MXC_GPIO_Handler
 .text.MXC_GPIO_ClearFlags
                0x10001478        0x8 c:/MaximSDK/Libraries/PeriphDrivers/bin/MAX78000/softfp/libPeriphDriver_softfp.a(gpio_ai85.o)
                0x10001478                MXC_GPIO_ClearFlags
 .text.MXC_GPIO_GetFlags
                0x10001480        0x8 c:/MaximSDK/Libraries/PeriphDrivers/bin/MAX78000/softfp/libPeriphDriver_softfp.a(gpio_ai85.o)
                0x10001480                MXC_GPIO_GetFlags
 .text.MXC_GPIO_SetVSSEL
                0x10001488        0x8 c:/MaximSDK/Libraries/PeriphDrivers/bin/MAX78000/softfp/libPeriphDriver_softfp.a(gpio_ai85.o)
                0x10001488                MXC_GPIO_SetVSSEL
 .text.MXC_GPIO_Config
                0x10001490      0x1c4 c:/MaximSDK/Libraries/PeriphDrivers/bin/MAX78000/softfp/libPeriphDriver_softfp.a(gpio_ai85.o)
                0x10001490                MXC_GPIO_Config
 .text.MXC_GPIO_RevA_OutSet
                0x10001654        0x4 c:/MaximSDK/Libraries/PeriphDrivers/bin/MAX78000/softfp/libPeriphDriver_softfp.a(gpio_reva.o)
                0x10001654                MXC_GPIO_RevA_OutSet
 .text.MXC_GPIO_RevA_ClearFlags
                0x10001658        0x4 c:/MaximSDK/Libraries/PeriphDrivers/bin/MAX78000/softfp/libPeriphDriver_softfp.a(gpio_reva.o)
                0x10001658                MXC_GPIO_RevA_ClearFlags
 .text.MXC_GPIO_RevA_GetFlags
                0x1000165c        0x4 c:/MaximSDK/Libraries/PeriphDrivers/bin/MAX78000/softfp/libPeriphDriver_softfp.a(gpio_reva.o)
                0x1000165c                MXC_GPIO_RevA_GetFlags
 .text.MXC_GPIO_RevA_SetVSSEL
                0x10001660       0x2a c:/MaximSDK/Libraries/PeriphDrivers/bin/MAX78000/softfp/libPeriphDriver_softfp.a(gpio_reva.o)
                0x10001660                MXC_GPIO_RevA_SetVSSEL
 .text.MXC_GPIO_RevA_SetAF
                0x1000168a       0x54 c:/MaximSDK/Libraries/PeriphDrivers/bin/MAX78000/softfp/libPeriphDriver_softfp.a(gpio_reva.o)
                0x1000168a                MXC_GPIO_RevA_SetAF
 *fill*         0x100016de        0x2 
 .text.MXC_UART_Shutdown
                0x100016e0       0x70 c:/MaximSDK/Libraries/PeriphDrivers/bin/MAX78000/softfp/libPeriphDriver_softfp.a(uart_ai85.o)
                0x100016e0                MXC_UART_Shutdown
 .text.MXC_UART_Init
                0x10001750       0xa4 c:/MaximSDK/Libraries/PeriphDrivers/bin/MAX78000/softfp/libPeriphDriver_softfp.a(uart_ai85.o)
                0x10001750                MXC_UART_Init
 .text.MXC_UART_GetFrequency
                0x100017f4       0x8c c:/MaximSDK/Libraries/PeriphDrivers/bin/MAX78000/softfp/libPeriphDriver_softfp.a(uart_ai85.o)
                0x100017f4                MXC_UART_GetFrequency
 .text.MXC_UART_SetFrequency
                0x10001880       0xcc c:/MaximSDK/Libraries/PeriphDrivers/bin/MAX78000/softfp/libPeriphDriver_softfp.a(uart_ai85.o)
                0x10001880                MXC_UART_SetFrequency
 .text.MXC_UART_SetDataSize
                0x1000194c        0x8 c:/MaximSDK/Libraries/PeriphDrivers/bin/MAX78000/softfp/libPeriphDriver_softfp.a(uart_ai85.o)
                0x1000194c                MXC_UART_SetDataSize
 .text.MXC_UART_SetStopBits
                0x10001954        0x8 c:/MaximSDK/Libraries/PeriphDrivers/bin/MAX78000/softfp/libPeriphDriver_softfp.a(uart_ai85.o)
                0x10001954                MXC_UART_SetStopBits
 .text.MXC_UART_SetParity
                0x1000195c        0x8 c:/MaximSDK/Libraries/PeriphDrivers/bin/MAX78000/softfp/libPeriphDriver_softfp.a(uart_ai85.o)
                0x1000195c                MXC_UART_SetParity
 .text.MXC_UART_ReadCharacterRaw
                0x10001964        0x8 c:/MaximSDK/Libraries/PeriphDrivers/bin/MAX78000/softfp/libPeriphDriver_softfp.a(uart_ai85.o)
                0x10001964                MXC_UART_ReadCharacterRaw
 .text.MXC_UART_WriteCharacterRaw
                0x1000196c        0x8 c:/MaximSDK/Libraries/PeriphDrivers/bin/MAX78000/softfp/libPeriphDriver_softfp.a(uart_ai85.o)
                0x1000196c                MXC_UART_WriteCharacterRaw
 .text.MXC_UART_ReadCharacter
                0x10001974        0x8 c:/MaximSDK/Libraries/PeriphDrivers/bin/MAX78000/softfp/libPeriphDriver_softfp.a(uart_ai85.o)
                0x10001974                MXC_UART_ReadCharacter
 .text.MXC_UART_WriteCharacter
                0x1000197c        0x8 c:/MaximSDK/Libraries/PeriphDrivers/bin/MAX78000/softfp/libPeriphDriver_softfp.a(uart_ai85.o)
                0x1000197c                MXC_UART_WriteCharacter
 .text.MXC_UART_GetRXFIFOAvailable
                0x10001984        0x8 c:/MaximSDK/Libraries/PeriphDrivers/bin/MAX78000/softfp/libPeriphDriver_softfp.a(uart_ai85.o)
                0x10001984                MXC_UART_GetRXFIFOAvailable
 .text.MXC_UART_GetTXFIFOAvailable
                0x1000198c        0x8 c:/MaximSDK/Libraries/PeriphDrivers/bin/MAX78000/softfp/libPeriphDriver_softfp.a(uart_ai85.o)
                0x1000198c                MXC_UART_GetTXFIFOAvailable
 .text.MXC_UART_SetRXThreshold
                0x10001994        0x8 c:/MaximSDK/Libraries/PeriphDrivers/bin/MAX78000/softfp/libPeriphDriver_softfp.a(uart_ai85.o)
                0x10001994                MXC_UART_SetRXThreshold
 .text.MXC_UART_Common_ReadCharacter
                0x1000199c       0x16 c:/MaximSDK/Libraries/PeriphDrivers/bin/MAX78000/softfp/libPeriphDriver_softfp.a(uart_common.o)
                0x1000199c                MXC_UART_Common_ReadCharacter
 .text.MXC_UART_Common_WriteCharacter
                0x100019b2       0x1a c:/MaximSDK/Libraries/PeriphDrivers/bin/MAX78000/softfp/libPeriphDriver_softfp.a(uart_common.o)
                0x100019b2                MXC_UART_Common_WriteCharacter
 .text.MXC_UART_RevB_Init
                0x100019cc       0x7c c:/MaximSDK/Libraries/PeriphDrivers/bin/MAX78000/softfp/libPeriphDriver_softfp.a(uart_revb.o)
                0x100019cc                MXC_UART_RevB_Init
 .text.MXC_UART_RevB_SetFrequency
                0x10001a48       0xa4 c:/MaximSDK/Libraries/PeriphDrivers/bin/MAX78000/softfp/libPeriphDriver_softfp.a(uart_revb.o)
                0x10001a48                MXC_UART_RevB_SetFrequency
 .text.MXC_UART_RevB_GetFrequency
                0x10001aec       0x80 c:/MaximSDK/Libraries/PeriphDrivers/bin/MAX78000/softfp/libPeriphDriver_softfp.a(uart_revb.o)
                0x10001aec                MXC_UART_RevB_GetFrequency
 .text.MXC_UART_RevB_SetDataSize
                0x10001b6c       0x48 c:/MaximSDK/Libraries/PeriphDrivers/bin/MAX78000/softfp/libPeriphDriver_softfp.a(uart_revb.o)
                0x10001b6c                MXC_UART_RevB_SetDataSize
 .text.MXC_UART_RevB_SetStopBits
                0x10001bb4       0x4c c:/MaximSDK/Libraries/PeriphDrivers/bin/MAX78000/softfp/libPeriphDriver_softfp.a(uart_revb.o)
                0x10001bb4                MXC_UART_RevB_SetStopBits
 .text.MXC_UART_RevB_SetParity
                0x10001c00       0xb8 c:/MaximSDK/Libraries/PeriphDrivers/bin/MAX78000/softfp/libPeriphDriver_softfp.a(uart_revb.o)
                0x10001c00                MXC_UART_RevB_SetParity
 .text.MXC_UART_RevB_ReadCharacterRaw
                0x10001cb8       0x3c c:/MaximSDK/Libraries/PeriphDrivers/bin/MAX78000/softfp/libPeriphDriver_softfp.a(uart_revb.o)
                0x10001cb8                MXC_UART_RevB_ReadCharacterRaw
 .text.MXC_UART_RevB_WriteCharacterRaw
                0x10001cf4       0x3c c:/MaximSDK/Libraries/PeriphDrivers/bin/MAX78000/softfp/libPeriphDriver_softfp.a(uart_revb.o)
                0x10001cf4                MXC_UART_RevB_WriteCharacterRaw
 .text.MXC_UART_RevB_GetRXFIFOAvailable
                0x10001d30        0x8 c:/MaximSDK/Libraries/PeriphDrivers/bin/MAX78000/softfp/libPeriphDriver_softfp.a(uart_revb.o)
                0x10001d30                MXC_UART_RevB_GetRXFIFOAvailable
 .text.MXC_UART_RevB_GetTXFIFOAvailable
                0x10001d38        0xc c:/MaximSDK/Libraries/PeriphDrivers/bin/MAX78000/softfp/libPeriphDriver_softfp.a(uart_revb.o)
                0x10001d38                MXC_UART_RevB_GetTXFIFOAvailable
 .text.MXC_UART_RevB_SetRXThreshold
                0x10001d44       0x48 c:/MaximSDK/Libraries/PeriphDrivers/bin/MAX78000/softfp/libPeriphDriver_softfp.a(uart_revb.o)
                0x10001d44                MXC_UART_RevB_SetRXThreshold
 .text.MXC_GPIO_Common_Init
                0x10001d8c       0x44 c:/MaximSDK/Libraries/PeriphDrivers/bin/MAX78000/softfp/libPeriphDriver_softfp.a(gpio_common.o)
                0x10001d8c                MXC_GPIO_Common_Init
 .text.MXC_GPIO_Common_Handler
                0x10001dd0       0x90 c:/MaximSDK/Libraries/PeriphDrivers/bin/MAX78000/softfp/libPeriphDriver_softfp.a(gpio_common.o)
                0x10001dd0                MXC_GPIO_Common_Handler
 .text.__errno  0x10001e60        0xc c:/maximsdk/tools/gnutools/bin/../lib/gcc/arm-none-eabi/9.2.1/../../../../arm-none-eabi/lib/thumb/v7e-m+fp/softfp\libc.a(lib_a-errno.o)
                0x10001e60                __errno
 .text.__libc_init_array
                0x10001e6c       0x48 c:/maximsdk/tools/gnutools/bin/../lib/gcc/arm-none-eabi/9.2.1/../../../../arm-none-eabi/lib/thumb/v7e-m+fp/softfp\libc.a(lib_a-init.o)
                0x10001e6c                __libc_init_array
 .text._malloc_r
                0x10001eb4      0x574 c:/maximsdk/tools/gnutools/bin/../lib/gcc/arm-none-eabi/9.2.1/../../../../arm-none-eabi/lib/thumb/v7e-m+fp/softfp\libc.a(lib_a-mallocr.o)
                0x10001eb4                _malloc_r
 .text          0x10002428      0x134 c:/maximsdk/tools/gnutools/bin/../lib/gcc/arm-none-eabi/9.2.1/../../../../arm-none-eabi/lib/thumb/v7e-m+fp/softfp\libc.a(lib_a-memcpy.o)
                0x10002428                memcpy
 .text.memset   0x1000255c       0xa0 c:/maximsdk/tools/gnutools/bin/../lib/gcc/arm-none-eabi/9.2.1/../../../../arm-none-eabi/lib/thumb/v7e-m+fp/softfp\libc.a(lib_a-memset.o)
                0x1000255c                memset
 .text.__malloc_lock
                0x100025fc        0xc c:/maximsdk/tools/gnutools/bin/../lib/gcc/arm-none-eabi/9.2.1/../../../../arm-none-eabi/lib/thumb/v7e-m+fp/softfp\libc.a(lib_a-mlock.o)
                0x100025fc                __malloc_lock
 .text.__malloc_unlock
                0x10002608        0xc c:/maximsdk/tools/gnutools/bin/../lib/gcc/arm-none-eabi/9.2.1/../../../../arm-none-eabi/lib/thumb/v7e-m+fp/softfp\libc.a(lib_a-mlock.o)
                0x10002608                __malloc_unlock
 .text.printf   0x10002614       0x28 c:/maximsdk/tools/gnutools/bin/../lib/gcc/arm-none-eabi/9.2.1/../../../../arm-none-eabi/lib/thumb/v7e-m+fp/softfp\libc.a(lib_a-printf.o)
                0x10002614                printf
 .text._sbrk_r  0x1000263c       0x24 c:/maximsdk/tools/gnutools/bin/../lib/gcc/arm-none-eabi/9.2.1/../../../../arm-none-eabi/lib/thumb/v7e-m+fp/softfp\libc.a(lib_a-sbrkr.o)
                0x1000263c                _sbrk_r
 *fill*         0x10002660       0x20 
 .text          0x10002680       0xdc c:/maximsdk/tools/gnutools/bin/../lib/gcc/arm-none-eabi/9.2.1/../../../../arm-none-eabi/lib/thumb/v7e-m+fp/softfp\libc.a(lib_a-strlen.o)
                0x10002680                strlen
 *fill*         0x1000275c        0x4 
 .text._vfprintf_r
                0x10002760     0x1bdc c:/maximsdk/tools/gnutools/bin/../lib/gcc/arm-none-eabi/9.2.1/../../../../arm-none-eabi/lib/thumb/v7e-m+fp/softfp\libc.a(lib_a-vfprintf.o)
                0x10002760                _vfprintf_r
 .text.__sbprintf
                0x1000433c       0x84 c:/maximsdk/tools/gnutools/bin/../lib/gcc/arm-none-eabi/9.2.1/../../../../arm-none-eabi/lib/thumb/v7e-m+fp/softfp\libc.a(lib_a-vfprintf.o)
 .text.__swsetup_r
                0x100043c0       0xd0 c:/maximsdk/tools/gnutools/bin/../lib/gcc/arm-none-eabi/9.2.1/../../../../arm-none-eabi/lib/thumb/v7e-m+fp/softfp\libc.a(lib_a-wsetup.o)
                0x100043c0                __swsetup_r
 .text.startup.register_fini
                0x10004490       0x14 c:/maximsdk/tools/gnutools/bin/../lib/gcc/arm-none-eabi/9.2.1/../../../../arm-none-eabi/lib/thumb/v7e-m+fp/softfp\libc.a(lib_a-__call_atexit.o)
 .text.atexit   0x100044a4        0xc c:/maximsdk/tools/gnutools/bin/../lib/gcc/arm-none-eabi/9.2.1/../../../../arm-none-eabi/lib/thumb/v7e-m+fp/softfp\libc.a(lib_a-atexit.o)
                0x100044a4                atexit
 .text.quorem   0x100044b0      0x11c c:/maximsdk/tools/gnutools/bin/../lib/gcc/arm-none-eabi/9.2.1/../../../../arm-none-eabi/lib/thumb/v7e-m+fp/softfp\libc.a(lib_a-dtoa.o)
 *fill*         0x100045cc        0x4 
 .text._dtoa_r  0x100045d0      0xeec c:/maximsdk/tools/gnutools/bin/../lib/gcc/arm-none-eabi/9.2.1/../../../../arm-none-eabi/lib/thumb/v7e-m+fp/softfp\libc.a(lib_a-dtoa.o)
                0x100045d0                _dtoa_r
 .text.__sflush_r
                0x100054bc      0x130 c:/maximsdk/tools/gnutools/bin/../lib/gcc/arm-none-eabi/9.2.1/../../../../arm-none-eabi/lib/thumb/v7e-m+fp/softfp\libc.a(lib_a-fflush.o)
                0x100054bc                __sflush_r
 .text._fflush_r
                0x100055ec       0x5c c:/maximsdk/tools/gnutools/bin/../lib/gcc/arm-none-eabi/9.2.1/../../../../arm-none-eabi/lib/thumb/v7e-m+fp/softfp\libc.a(lib_a-fflush.o)
                0x100055ec                _fflush_r
 .text.std      0x10005648       0x50 c:/maximsdk/tools/gnutools/bin/../lib/gcc/arm-none-eabi/9.2.1/../../../../arm-none-eabi/lib/thumb/v7e-m+fp/softfp\libc.a(lib_a-findfp.o)
 .text._cleanup_r
                0x10005698        0xc c:/maximsdk/tools/gnutools/bin/../lib/gcc/arm-none-eabi/9.2.1/../../../../arm-none-eabi/lib/thumb/v7e-m+fp/softfp\libc.a(lib_a-findfp.o)
                0x10005698                _cleanup_r
 .text.__sinit  0x100056a4       0x54 c:/maximsdk/tools/gnutools/bin/../lib/gcc/arm-none-eabi/9.2.1/../../../../arm-none-eabi/lib/thumb/v7e-m+fp/softfp\libc.a(lib_a-findfp.o)
                0x100056a4                __sinit
 .text.__sfp_lock_acquire
                0x100056f8        0xc c:/maximsdk/tools/gnutools/bin/../lib/gcc/arm-none-eabi/9.2.1/../../../../arm-none-eabi/lib/thumb/v7e-m+fp/softfp\libc.a(lib_a-findfp.o)
                0x100056f8                __sfp_lock_acquire
 .text.__sfp_lock_release
                0x10005704        0xc c:/maximsdk/tools/gnutools/bin/../lib/gcc/arm-none-eabi/9.2.1/../../../../arm-none-eabi/lib/thumb/v7e-m+fp/softfp\libc.a(lib_a-findfp.o)
                0x10005704                __sfp_lock_release
 .text.__libc_fini_array
                0x10005710       0x2c c:/maximsdk/tools/gnutools/bin/../lib/gcc/arm-none-eabi/9.2.1/../../../../arm-none-eabi/lib/thumb/v7e-m+fp/softfp\libc.a(lib_a-fini.o)
                0x10005710                __libc_fini_array
 .text._malloc_trim_r
                0x1000573c       0xa0 c:/maximsdk/tools/gnutools/bin/../lib/gcc/arm-none-eabi/9.2.1/../../../../arm-none-eabi/lib/thumb/v7e-m+fp/softfp\libc.a(lib_a-freer.o)
                0x1000573c                _malloc_trim_r
 .text._free_r  0x100057dc      0x208 c:/maximsdk/tools/gnutools/bin/../lib/gcc/arm-none-eabi/9.2.1/../../../../arm-none-eabi/lib/thumb/v7e-m+fp/softfp\libc.a(lib_a-freer.o)
                0x100057dc                _free_r
 .text._fwalk_reent
                0x100059e4       0x48 c:/maximsdk/tools/gnutools/bin/../lib/gcc/arm-none-eabi/9.2.1/../../../../arm-none-eabi/lib/thumb/v7e-m+fp/softfp\libc.a(lib_a-fwalk.o)
                0x100059e4                _fwalk_reent
 .text._localeconv_r
                0x10005a2c        0x8 c:/maximsdk/tools/gnutools/bin/../lib/gcc/arm-none-eabi/9.2.1/../../../../arm-none-eabi/lib/thumb/v7e-m+fp/softfp\libc.a(lib_a-localeconv.o)
                0x10005a2c                _localeconv_r
 .text.__retarget_lock_init_recursive
                0x10005a34        0x4 c:/maximsdk/tools/gnutools/bin/../lib/gcc/arm-none-eabi/9.2.1/../../../../arm-none-eabi/lib/thumb/v7e-m+fp/softfp\libc.a(lib_a-lock.o)
                0x10005a34                __retarget_lock_init_recursive
 .text.__retarget_lock_close_recursive
                0x10005a38        0x4 c:/maximsdk/tools/gnutools/bin/../lib/gcc/arm-none-eabi/9.2.1/../../../../arm-none-eabi/lib/thumb/v7e-m+fp/softfp\libc.a(lib_a-lock.o)
                0x10005a38                __retarget_lock_close_recursive
 .text.__retarget_lock_acquire_recursive
                0x10005a3c        0x4 c:/maximsdk/tools/gnutools/bin/../lib/gcc/arm-none-eabi/9.2.1/../../../../arm-none-eabi/lib/thumb/v7e-m+fp/softfp\libc.a(lib_a-lock.o)
                0x10005a3c                __retarget_lock_acquire_recursive
 .text.__retarget_lock_release_recursive
                0x10005a40        0x4 c:/maximsdk/tools/gnutools/bin/../lib/gcc/arm-none-eabi/9.2.1/../../../../arm-none-eabi/lib/thumb/v7e-m+fp/softfp\libc.a(lib_a-lock.o)
                0x10005a40                __retarget_lock_release_recursive
 .text.__swhatbuf_r
                0x10005a44       0x5c c:/maximsdk/tools/gnutools/bin/../lib/gcc/arm-none-eabi/9.2.1/../../../../arm-none-eabi/lib/thumb/v7e-m+fp/softfp\libc.a(lib_a-makebuf.o)
                0x10005a44                __swhatbuf_r
 .text.__smakebuf_r
                0x10005aa0       0x98 c:/maximsdk/tools/gnutools/bin/../lib/gcc/arm-none-eabi/9.2.1/../../../../arm-none-eabi/lib/thumb/v7e-m+fp/softfp\libc.a(lib_a-makebuf.o)
                0x10005aa0                __smakebuf_r
 *fill*         0x10005b38        0x8 
 .text          0x10005b40       0xa0 c:/maximsdk/tools/gnutools/bin/../lib/gcc/arm-none-eabi/9.2.1/../../../../arm-none-eabi/lib/thumb/v7e-m+fp/softfp\libc.a(lib_a-memchr.o)
                0x10005b40                memchr
 .text._Balloc  0x10005be0       0x4c c:/maximsdk/tools/gnutools/bin/../lib/gcc/arm-none-eabi/9.2.1/../../../../arm-none-eabi/lib/thumb/v7e-m+fp/softfp\libc.a(lib_a-mprec.o)
                0x10005be0                _Balloc
 .text._Bfree   0x10005c2c       0x14 c:/maximsdk/tools/gnutools/bin/../lib/gcc/arm-none-eabi/9.2.1/../../../../arm-none-eabi/lib/thumb/v7e-m+fp/softfp\libc.a(lib_a-mprec.o)
                0x10005c2c                _Bfree
 .text.__multadd
                0x10005c40       0x8c c:/maximsdk/tools/gnutools/bin/../lib/gcc/arm-none-eabi/9.2.1/../../../../arm-none-eabi/lib/thumb/v7e-m+fp/softfp\libc.a(lib_a-mprec.o)
                0x10005c40                __multadd
 .text.__hi0bits
                0x10005ccc       0x40 c:/maximsdk/tools/gnutools/bin/../lib/gcc/arm-none-eabi/9.2.1/../../../../arm-none-eabi/lib/thumb/v7e-m+fp/softfp\libc.a(lib_a-mprec.o)
                0x10005ccc                __hi0bits
 .text.__lo0bits
                0x10005d0c       0x60 c:/maximsdk/tools/gnutools/bin/../lib/gcc/arm-none-eabi/9.2.1/../../../../arm-none-eabi/lib/thumb/v7e-m+fp/softfp\libc.a(lib_a-mprec.o)
                0x10005d0c                __lo0bits
 .text.__i2b    0x10005d6c       0x14 c:/maximsdk/tools/gnutools/bin/../lib/gcc/arm-none-eabi/9.2.1/../../../../arm-none-eabi/lib/thumb/v7e-m+fp/softfp\libc.a(lib_a-mprec.o)
                0x10005d6c                __i2b
 .text.__multiply
                0x10005d80      0x144 c:/maximsdk/tools/gnutools/bin/../lib/gcc/arm-none-eabi/9.2.1/../../../../arm-none-eabi/lib/thumb/v7e-m+fp/softfp\libc.a(lib_a-mprec.o)
                0x10005d80                __multiply
 .text.__pow5mult
                0x10005ec4       0xa0 c:/maximsdk/tools/gnutools/bin/../lib/gcc/arm-none-eabi/9.2.1/../../../../arm-none-eabi/lib/thumb/v7e-m+fp/softfp\libc.a(lib_a-mprec.o)
                0x10005ec4                __pow5mult
 .text.__lshift
                0x10005f64       0xd4 c:/maximsdk/tools/gnutools/bin/../lib/gcc/arm-none-eabi/9.2.1/../../../../arm-none-eabi/lib/thumb/v7e-m+fp/softfp\libc.a(lib_a-mprec.o)
                0x10005f64                __lshift
 .text.__mcmp   0x10006038       0x3c c:/maximsdk/tools/gnutools/bin/../lib/gcc/arm-none-eabi/9.2.1/../../../../arm-none-eabi/lib/thumb/v7e-m+fp/softfp\libc.a(lib_a-mprec.o)
                0x10006038                __mcmp
 .text.__mdiff  0x10006074      0x138 c:/maximsdk/tools/gnutools/bin/../lib/gcc/arm-none-eabi/9.2.1/../../../../arm-none-eabi/lib/thumb/v7e-m+fp/softfp\libc.a(lib_a-mprec.o)
                0x10006074                __mdiff
 .text.__d2b    0x100061ac       0xbc c:/maximsdk/tools/gnutools/bin/../lib/gcc/arm-none-eabi/9.2.1/../../../../arm-none-eabi/lib/thumb/v7e-m+fp/softfp\libc.a(lib_a-mprec.o)
                0x100061ac                __d2b
 .text.frexp    0x10006268       0x70 c:/maximsdk/tools/gnutools/bin/../lib/gcc/arm-none-eabi/9.2.1/../../../../arm-none-eabi/lib/thumb/v7e-m+fp/softfp\libc.a(lib_a-s_frexp.o)
                0x10006268                frexp
 .text.__sread  0x100062d8       0x24 c:/maximsdk/tools/gnutools/bin/../lib/gcc/arm-none-eabi/9.2.1/../../../../arm-none-eabi/lib/thumb/v7e-m+fp/softfp\libc.a(lib_a-stdio.o)
                0x100062d8                __sread
 .text.__swrite
                0x100062fc       0x40 c:/maximsdk/tools/gnutools/bin/../lib/gcc/arm-none-eabi/9.2.1/../../../../arm-none-eabi/lib/thumb/v7e-m+fp/softfp\libc.a(lib_a-stdio.o)
                0x100062fc                __swrite
 .text.__sseek  0x1000633c       0x20 c:/maximsdk/tools/gnutools/bin/../lib/gcc/arm-none-eabi/9.2.1/../../../../arm-none-eabi/lib/thumb/v7e-m+fp/softfp\libc.a(lib_a-stdio.o)
                0x1000633c                __sseek
 .text.__sclose
                0x1000635c        0x8 c:/maximsdk/tools/gnutools/bin/../lib/gcc/arm-none-eabi/9.2.1/../../../../arm-none-eabi/lib/thumb/v7e-m+fp/softfp\libc.a(lib_a-stdio.o)
                0x1000635c                __sclose
 .text.strncpy  0x10006364       0x68 c:/maximsdk/tools/gnutools/bin/../lib/gcc/arm-none-eabi/9.2.1/../../../../arm-none-eabi/lib/thumb/v7e-m+fp/softfp\libc.a(lib_a-strncpy.o)
                0x10006364                strncpy
 .text.__sprint_r.part.0
                0x100063cc       0x78 c:/maximsdk/tools/gnutools/bin/../lib/gcc/arm-none-eabi/9.2.1/../../../../arm-none-eabi/lib/thumb/v7e-m+fp/softfp\libc.a(lib_a-vfiprintf.o)
 .text.__sprint_r
                0x10006444       0x18 c:/maximsdk/tools/gnutools/bin/../lib/gcc/arm-none-eabi/9.2.1/../../../../arm-none-eabi/lib/thumb/v7e-m+fp/softfp\libc.a(lib_a-vfiprintf.o)
                0x10006444                __sprint_r
 .text._write_r
                0x1000645c       0x2c c:/maximsdk/tools/gnutools/bin/../lib/gcc/arm-none-eabi/9.2.1/../../../../arm-none-eabi/lib/thumb/v7e-m+fp/softfp\libc.a(lib_a-writer.o)
                0x1000645c                _write_r
 .text.__register_exitproc
                0x10006488       0x8c c:/maximsdk/tools/gnutools/bin/../lib/gcc/arm-none-eabi/9.2.1/../../../../arm-none-eabi/lib/thumb/v7e-m+fp/softfp\libc.a(lib_a-__atexit.o)
                0x10006488                __register_exitproc
 .text._calloc_r
                0x10006514       0x60 c:/maximsdk/tools/gnutools/bin/../lib/gcc/arm-none-eabi/9.2.1/../../../../arm-none-eabi/lib/thumb/v7e-m+fp/softfp\libc.a(lib_a-callocr.o)
                0x10006514                _calloc_r
 .text._close_r
                0x10006574       0x24 c:/maximsdk/tools/gnutools/bin/../lib/gcc/arm-none-eabi/9.2.1/../../../../arm-none-eabi/lib/thumb/v7e-m+fp/softfp\libc.a(lib_a-closer.o)
                0x10006574                _close_r
 .text._fclose_r
                0x10006598       0xcc c:/maximsdk/tools/gnutools/bin/../lib/gcc/arm-none-eabi/9.2.1/../../../../arm-none-eabi/lib/thumb/v7e-m+fp/softfp\libc.a(lib_a-fclose.o)
                0x10006598                _fclose_r
 .text.__fputwc
                0x10006664       0xa8 c:/maximsdk/tools/gnutools/bin/../lib/gcc/arm-none-eabi/9.2.1/../../../../arm-none-eabi/lib/thumb/v7e-m+fp/softfp\libc.a(lib_a-fputwc.o)
                0x10006664                __fputwc
 .text._fputwc_r
                0x1000670c       0x68 c:/maximsdk/tools/gnutools/bin/../lib/gcc/arm-none-eabi/9.2.1/../../../../arm-none-eabi/lib/thumb/v7e-m+fp/softfp\libc.a(lib_a-fputwc.o)
                0x1000670c                _fputwc_r
 .text._fstat_r
                0x10006774       0x2c c:/maximsdk/tools/gnutools/bin/../lib/gcc/arm-none-eabi/9.2.1/../../../../arm-none-eabi/lib/thumb/v7e-m+fp/softfp\libc.a(lib_a-fstatr.o)
                0x10006774                _fstat_r
 .text.__sfvwrite_r
                0x100067a0      0x2e0 c:/maximsdk/tools/gnutools/bin/../lib/gcc/arm-none-eabi/9.2.1/../../../../arm-none-eabi/lib/thumb/v7e-m+fp/softfp\libc.a(lib_a-fvwrite.o)
                0x100067a0                __sfvwrite_r
 .text._isatty_r
                0x10006a80       0x24 c:/maximsdk/tools/gnutools/bin/../lib/gcc/arm-none-eabi/9.2.1/../../../../arm-none-eabi/lib/thumb/v7e-m+fp/softfp\libc.a(lib_a-isattyr.o)
                0x10006a80                _isatty_r
 .text.__locale_mb_cur_max
                0x10006aa4        0xc c:/maximsdk/tools/gnutools/bin/../lib/gcc/arm-none-eabi/9.2.1/../../../../arm-none-eabi/lib/thumb/v7e-m+fp/softfp\libc.a(lib_a-locale.o)
                0x10006aa4                __locale_mb_cur_max
 .text._lseek_r
                0x10006ab0       0x2c c:/maximsdk/tools/gnutools/bin/../lib/gcc/arm-none-eabi/9.2.1/../../../../arm-none-eabi/lib/thumb/v7e-m+fp/softfp\libc.a(lib_a-lseekr.o)
                0x10006ab0                _lseek_r
 .text.__ascii_mbtowc
                0x10006adc       0x2c c:/maximsdk/tools/gnutools/bin/../lib/gcc/arm-none-eabi/9.2.1/../../../../arm-none-eabi/lib/thumb/v7e-m+fp/softfp\libc.a(lib_a-mbtowc_r.o)
                0x10006adc                __ascii_mbtowc
 .text.memmove  0x10006b08       0xd8 c:/maximsdk/tools/gnutools/bin/../lib/gcc/arm-none-eabi/9.2.1/../../../../arm-none-eabi/lib/thumb/v7e-m+fp/softfp\libc.a(lib_a-memmove.o)
                0x10006b08                memmove
 .text._read_r  0x10006be0       0x2c c:/maximsdk/tools/gnutools/bin/../lib/gcc/arm-none-eabi/9.2.1/../../../../arm-none-eabi/lib/thumb/v7e-m+fp/softfp\libc.a(lib_a-readr.o)
                0x10006be0                _read_r
 .text._realloc_r
                0x10006c0c      0x3e0 c:/maximsdk/tools/gnutools/bin/../lib/gcc/arm-none-eabi/9.2.1/../../../../arm-none-eabi/lib/thumb/v7e-m+fp/softfp\libc.a(lib_a-reallocr.o)
                0x10006c0c                _realloc_r
 .text.__swbuf_r
                0x10006fec       0xb0 c:/maximsdk/tools/gnutools/bin/../lib/gcc/arm-none-eabi/9.2.1/../../../../arm-none-eabi/lib/thumb/v7e-m+fp/softfp\libc.a(lib_a-wbuf.o)
                0x10006fec                __swbuf_r
 .text._wcrtomb_r
                0x1000709c       0x3c c:/maximsdk/tools/gnutools/bin/../lib/gcc/arm-none-eabi/9.2.1/../../../../arm-none-eabi/lib/thumb/v7e-m+fp/softfp\libc.a(lib_a-wcrtomb.o)
                0x1000709c                _wcrtomb_r
 .text.__ascii_wctomb
                0x100070d8       0x1c c:/maximsdk/tools/gnutools/bin/../lib/gcc/arm-none-eabi/9.2.1/../../../../arm-none-eabi/lib/thumb/v7e-m+fp/softfp\libc.a(lib_a-wctomb_r.o)
                0x100070d8                __ascii_wctomb
 .text          0x100070f4      0x378 c:/maximsdk/tools/gnutools/bin/../lib/gcc/arm-none-eabi/9.2.1/thumb/v7e-m+fp/softfp\libgcc.a(_arm_addsubdf3.o)
                0x100070f4                __aeabi_drsub
                0x100070fc                __aeabi_dsub
                0x100070fc                __subdf3
                0x10007100                __aeabi_dadd
                0x10007100                __adddf3
                0x10007378                __floatunsidf
                0x10007378                __aeabi_ui2d
                0x10007398                __floatsidf
                0x10007398                __aeabi_i2d
                0x100073bc                __aeabi_f2d
                0x100073bc                __extendsfdf2
                0x10007400                __floatundidf
                0x10007400                __aeabi_ul2d
                0x10007410                __floatdidf
                0x10007410                __aeabi_l2d
 .text          0x1000746c      0x424 c:/maximsdk/tools/gnutools/bin/../lib/gcc/arm-none-eabi/9.2.1/thumb/v7e-m+fp/softfp\libgcc.a(_arm_muldivdf3.o)
                0x1000746c                __aeabi_dmul
                0x1000746c                __muldf3
                0x100076c0                __divdf3
                0x100076c0                __aeabi_ddiv
 .text          0x10007890      0x110 c:/maximsdk/tools/gnutools/bin/../lib/gcc/arm-none-eabi/9.2.1/thumb/v7e-m+fp/softfp\libgcc.a(_arm_cmpdf2.o)
                0x10007890                __gtdf2
                0x10007890                __gedf2
                0x10007898                __ltdf2
                0x10007898                __ledf2
                0x100078a0                __nedf2
                0x100078a0                __eqdf2
                0x100078a0                __cmpdf2
                0x1000791c                __aeabi_cdrcmple
                0x1000792c                __aeabi_cdcmpeq
                0x1000792c                __aeabi_cdcmple
                0x1000793c                __aeabi_dcmpeq
                0x10007950                __aeabi_dcmplt
                0x10007964                __aeabi_dcmple
                0x10007978                __aeabi_dcmpge
                0x1000798c                __aeabi_dcmpgt
 .text          0x100079a0       0x2c c:/maximsdk/tools/gnutools/bin/../lib/gcc/arm-none-eabi/9.2.1/thumb/v7e-m+fp/softfp\libgcc.a(_arm_unorddf2.o)
                0x100079a0                __unorddf2
                0x100079a0                __aeabi_dcmpun
 .text          0x100079cc       0x50 c:/maximsdk/tools/gnutools/bin/../lib/gcc/arm-none-eabi/9.2.1/thumb/v7e-m+fp/softfp\libgcc.a(_arm_fixdfsi.o)
                0x100079cc                __aeabi_d2iz
                0x100079cc                __fixdfsi
 .text          0x10007a1c       0x30 c:/maximsdk/tools/gnutools/bin/../lib/gcc/arm-none-eabi/9.2.1/thumb/v7e-m+fp/softfp\libgcc.a(_aeabi_uldivmod.o)
                0x10007a1c                __aeabi_uldivmod
 .text          0x10007a4c      0x2c4 c:/maximsdk/tools/gnutools/bin/../lib/gcc/arm-none-eabi/9.2.1/thumb/v7e-m+fp/softfp\libgcc.a(_udivmoddi4.o)
                0x10007a4c                __udivmoddi4
 .text          0x10007d10        0x4 c:/maximsdk/tools/gnutools/bin/../lib/gcc/arm-none-eabi/9.2.1/thumb/v7e-m+fp/softfp\libgcc.a(_dvmd_tls.o)
                0x10007d10                __aeabi_idiv0
                0x10007d10                __aeabi_ldiv0
 *(.rodata*)
 .rodata.mxc_assert.str1.4
                0x10007d14       0x19 c:/Users/Jake.Carter/proj/Active/BMI160-MAX78000/build/board.o
 *fill*         0x10007d2d        0x3 
 .rodata.Board_Init.str1.4
                0x10007d30       0x45 c:/Users/Jake.Carter/proj/Active/BMI160-MAX78000/build/board.o
 *fill*         0x10007d75        0x3 
 .rodata.led_pin
                0x10007d78       0x18 c:/Users/Jake.Carter/proj/Active/BMI160-MAX78000/build/board.o
                0x10007d78                led_pin
 .rodata.num_leds
                0x10007d90        0x4 c:/Users/Jake.Carter/proj/Active/BMI160-MAX78000/build/board.o
                0x10007d90                num_leds
 .rodata.num_pbs
                0x10007d94        0x4 c:/Users/Jake.Carter/proj/Active/BMI160-MAX78000/build/board.o
                0x10007d94                num_pbs
 .rodata.pb_pin
                0x10007d98       0x18 c:/Users/Jake.Carter/proj/Active/BMI160-MAX78000/build/board.o
                0x10007d98                pb_pin
 .rodata.LED_On.str1.4
                0x10007db0       0x4f c:/Users/Jake.Carter/proj/Active/BMI160-MAX78000/build/led.o
 *fill*         0x10007dff        0x1 
 .rodata.gpio_cfg_uart0
                0x10007e00        0xc c:/MaximSDK/Libraries/PeriphDrivers/bin/MAX78000/softfp/libPeriphDriver_softfp.a(pins_ai85.o)
                0x10007e00                gpio_cfg_uart0
 .rodata.gpio_cfg_uart1
                0x10007e0c        0xc c:/MaximSDK/Libraries/PeriphDrivers/bin/MAX78000/softfp/libPeriphDriver_softfp.a(pins_ai85.o)
                0x10007e0c                gpio_cfg_uart1
 .rodata.gpio_cfg_uart2
                0x10007e18        0xc c:/MaximSDK/Libraries/PeriphDrivers/bin/MAX78000/softfp/libPeriphDriver_softfp.a(pins_ai85.o)
                0x10007e18                gpio_cfg_uart2
 .rodata.gpio_cfg_uart3
                0x10007e24        0xc c:/MaximSDK/Libraries/PeriphDrivers/bin/MAX78000/softfp/libPeriphDriver_softfp.a(pins_ai85.o)
                0x10007e24                gpio_cfg_uart3
 .rodata.MXC_GPIO_Common_Handler.str1.4
                0x10007e30       0x66 c:/MaximSDK/Libraries/PeriphDrivers/bin/MAX78000/softfp/libPeriphDriver_softfp.a(gpio_common.o)
 *fill*         0x10007e96        0x2 
 .rodata._global_impure_ptr
                0x10007e98        0x4 c:/maximsdk/tools/gnutools/bin/../lib/gcc/arm-none-eabi/9.2.1/../../../../arm-none-eabi/lib/thumb/v7e-m+fp/softfp\libc.a(lib_a-impure.o)
                0x10007e98                _global_impure_ptr
 .rodata._vfprintf_r.str1.4
                0x10007e9c       0x42 c:/maximsdk/tools/gnutools/bin/../lib/gcc/arm-none-eabi/9.2.1/../../../../arm-none-eabi/lib/thumb/v7e-m+fp/softfp\libc.a(lib_a-vfprintf.o)
 *fill*         0x10007ede        0x2 
 .rodata.blanks.8723
                0x10007ee0       0x10 c:/maximsdk/tools/gnutools/bin/../lib/gcc/arm-none-eabi/9.2.1/../../../../arm-none-eabi/lib/thumb/v7e-m+fp/softfp\libc.a(lib_a-vfprintf.o)
 .rodata.zeroes.8724
                0x10007ef0       0x10 c:/maximsdk/tools/gnutools/bin/../lib/gcc/arm-none-eabi/9.2.1/../../../../arm-none-eabi/lib/thumb/v7e-m+fp/softfp\libc.a(lib_a-vfprintf.o)
 .rodata._dtoa_r.str1.4
                0x10007f00        0xd c:/maximsdk/tools/gnutools/bin/../lib/gcc/arm-none-eabi/9.2.1/../../../../arm-none-eabi/lib/thumb/v7e-m+fp/softfp\libc.a(lib_a-dtoa.o)
                                 0x12 (size before relaxing)
 *fill*         0x10007f0d        0x3 
 .rodata.__mprec_bigtens
                0x10007f10       0x28 c:/maximsdk/tools/gnutools/bin/../lib/gcc/arm-none-eabi/9.2.1/../../../../arm-none-eabi/lib/thumb/v7e-m+fp/softfp\libc.a(lib_a-mprec.o)
                0x10007f10                __mprec_bigtens
 .rodata.__mprec_tens
                0x10007f38       0xc8 c:/maximsdk/tools/gnutools/bin/../lib/gcc/arm-none-eabi/9.2.1/../../../../arm-none-eabi/lib/thumb/v7e-m+fp/softfp\libc.a(lib_a-mprec.o)
                0x10007f38                __mprec_tens
 .rodata.p05.7478
                0x10008000        0xc c:/maximsdk/tools/gnutools/bin/../lib/gcc/arm-none-eabi/9.2.1/../../../../arm-none-eabi/lib/thumb/v7e-m+fp/softfp\libc.a(lib_a-mprec.o)
 .rodata._setlocale_r.str1.4
                0x1000800c        0xa c:/maximsdk/tools/gnutools/bin/../lib/gcc/arm-none-eabi/9.2.1/../../../../arm-none-eabi/lib/thumb/v7e-m+fp/softfp\libc.a(lib_a-locale.o)
                                  0xd (size before relaxing)
 *fill*         0x10008016        0x2 
 .rodata.str1.4
                0x10008018        0x2 c:/maximsdk/tools/gnutools/bin/../lib/gcc/arm-none-eabi/9.2.1/../../../../arm-none-eabi/lib/thumb/v7e-m+fp/softfp\libc.a(lib_a-locale.o)
 *fill*         0x1000801a        0x2 
 .rodata._ctype_
                0x1000801c      0x101 c:/maximsdk/tools/gnutools/bin/../lib/gcc/arm-none-eabi/9.2.1/../../../../arm-none-eabi/lib/thumb/v7e-m+fp/softfp\libc.a(lib_a-ctype_.o)
                0x1000801c                _ctype_
 *(.init)
 *fill*         0x1000811d        0x3 
 .init          0x10008120        0x4 c:/maximsdk/tools/gnutools/bin/../lib/gcc/arm-none-eabi/9.2.1/thumb/v7e-m+fp/softfp/crti.o
                0x10008120                _init
 .init          0x10008124        0x8 c:/maximsdk/tools/gnutools/bin/../lib/gcc/arm-none-eabi/9.2.1/thumb/v7e-m+fp/softfp/crtn.o
 *(.fini)
 .fini          0x1000812c        0x4 c:/maximsdk/tools/gnutools/bin/../lib/gcc/arm-none-eabi/9.2.1/thumb/v7e-m+fp/softfp/crti.o
                0x1000812c                _fini
 .fini          0x10008130        0x8 c:/maximsdk/tools/gnutools/bin/../lib/gcc/arm-none-eabi/9.2.1/thumb/v7e-m+fp/softfp/crtn.o
 *(.eh_frame*)
 .eh_frame      0x10008138        0x0 c:/maximsdk/tools/gnutools/bin/../lib/gcc/arm-none-eabi/9.2.1/thumb/v7e-m+fp/softfp/crtbegin.o
 .eh_frame      0x10008138        0x4 c:/maximsdk/tools/gnutools/bin/../lib/gcc/arm-none-eabi/9.2.1/thumb/v7e-m+fp/softfp/crtend.o
                0x1000813c                _etext = .

.glue_7         0x1000813c        0x0
 .glue_7        0x1000813c        0x0 linker stubs

.glue_7t        0x1000813c        0x0
 .glue_7t       0x1000813c        0x0 linker stubs

.vfp11_veneer   0x1000813c        0x0
 .vfp11_veneer  0x1000813c        0x0 linker stubs

.v4_bx          0x1000813c        0x0
 .v4_bx         0x1000813c        0x0 linker stubs

.iplt           0x1000813c        0x0
 .iplt          0x1000813c        0x0 c:/maximsdk/tools/gnutools/bin/../lib/gcc/arm-none-eabi/9.2.1/thumb/v7e-m+fp/softfp/crtbegin.o

.bin_storage    0x1000813c        0x0
 FILL mask 0xff
                0x1000813c                _bin_start_ = .
 *(.bin_storage_img)
                0x1000813c                _bin_end_ = .
                0x1000813c                . = ALIGN (0x4)

.rom_code       0x00000000        0x0
                0x00000000                . = ALIGN (0x10)
                0x20000000                _sran_code = .
 *(.rom_code_section)
                0x20000000                _esran_code = .

.flash_code     0x1000813c        0x4
                0x10008140                . = ALIGN (0x10)
 *fill*         0x1000813c        0x4 
                0x20000000                _sran_code = .
 *(.flash_code_section)
                0x20000000                _esran_code = .

.sram_code      0x20000000        0x0
                0x20000000                . = ALIGN (0x10)
                0x20000000                _sran_code = .
 *(.sram_code_section)
                0x20000000                _esran_code = .

.ARM.exidx      0x10008140        0x8
                0x10008140                __exidx_start = .
 *(.ARM.exidx*)
 .ARM.exidx     0x10008140        0x8 c:/maximsdk/tools/gnutools/bin/../lib/gcc/arm-none-eabi/9.2.1/thumb/v7e-m+fp/softfp\libgcc.a(_udivmoddi4.o)
                0x10008148                __exidx_end = .

.rel.dyn        0x10008148        0x0
 .rel.iplt      0x10008148        0x0 c:/maximsdk/tools/gnutools/bin/../lib/gcc/arm-none-eabi/9.2.1/thumb/v7e-m+fp/softfp/crtbegin.o

.data           0x20000000      0x9c4 load address 0x10008148
                0x20000000                _data = ALIGN (., 0x4)
 *(.data*)
 .data.ConsoleUart
                0x20000000        0x4 c:/Users/Jake.Carter/proj/Active/BMI160-MAX78000/build/board.o
                0x20000000                ConsoleUart
 .data.overflows
                0x20000004        0x4 c:/MaximSDK/Libraries/PeriphDrivers/bin/MAX78000/softfp/libPeriphDriver_softfp.a(mxc_delay.o)
 .data._impure_ptr
                0x20000008        0x4 c:/maximsdk/tools/gnutools/bin/../lib/gcc/arm-none-eabi/9.2.1/../../../../arm-none-eabi/lib/thumb/v7e-m+fp/softfp\libc.a(lib_a-impure.o)
                0x20000008                _impure_ptr
 *fill*         0x2000000c        0x4 
 .data.impure_data
                0x20000010      0x428 c:/maximsdk/tools/gnutools/bin/../lib/gcc/arm-none-eabi/9.2.1/../../../../arm-none-eabi/lib/thumb/v7e-m+fp/softfp\libc.a(lib_a-impure.o)
 .data.__malloc_av_
                0x20000438      0x408 c:/maximsdk/tools/gnutools/bin/../lib/gcc/arm-none-eabi/9.2.1/../../../../arm-none-eabi/lib/thumb/v7e-m+fp/softfp\libc.a(lib_a-mallocr.o)
                0x20000438                __malloc_av_
 .data.__malloc_sbrk_base
                0x20000840        0x4 c:/maximsdk/tools/gnutools/bin/../lib/gcc/arm-none-eabi/9.2.1/../../../../arm-none-eabi/lib/thumb/v7e-m+fp/softfp\libc.a(lib_a-mallocr.o)
                0x20000840                __malloc_sbrk_base
 .data.__malloc_trim_threshold
                0x20000844        0x4 c:/maximsdk/tools/gnutools/bin/../lib/gcc/arm-none-eabi/9.2.1/../../../../arm-none-eabi/lib/thumb/v7e-m+fp/softfp\libc.a(lib_a-mallocr.o)
                0x20000844                __malloc_trim_threshold
 .data.__atexit_recursive_mutex
                0x20000848        0x4 c:/maximsdk/tools/gnutools/bin/../lib/gcc/arm-none-eabi/9.2.1/../../../../arm-none-eabi/lib/thumb/v7e-m+fp/softfp\libc.a(lib_a-__call_atexit.o)
                0x20000848                __atexit_recursive_mutex
 .data.__global_locale
                0x2000084c      0x16c c:/maximsdk/tools/gnutools/bin/../lib/gcc/arm-none-eabi/9.2.1/../../../../arm-none-eabi/lib/thumb/v7e-m+fp/softfp\libc.a(lib_a-locale.o)
                0x2000084c                __global_locale
                0x200009b8                . = ALIGN (0x4)
                0x200009b8                PROVIDE (__preinit_array_start = .)
 *(.preinit_array)
                0x200009b8                PROVIDE (__preinit_array_end = .)
                0x200009b8                . = ALIGN (0x4)
                0x200009b8                PROVIDE (__init_array_start = .)
 *(SORT_BY_NAME(.init_array.*))
 .init_array.00000
                0x200009b8        0x4 c:/maximsdk/tools/gnutools/bin/../lib/gcc/arm-none-eabi/9.2.1/../../../../arm-none-eabi/lib/thumb/v7e-m+fp/softfp\libc.a(lib_a-__call_atexit.o)
 *(.init_array)
 .init_array    0x200009bc        0x4 c:/maximsdk/tools/gnutools/bin/../lib/gcc/arm-none-eabi/9.2.1/thumb/v7e-m+fp/softfp/crtbegin.o
                0x200009c0                PROVIDE (__init_array_end = .)
                0x200009c0                . = ALIGN (0x4)
                0x200009c0                PROVIDE (__fini_array_start = .)
 *(SORT_BY_NAME(.fini_array.*))
 *(.fini_array)
 .fini_array    0x200009c0        0x4 c:/maximsdk/tools/gnutools/bin/../lib/gcc/arm-none-eabi/9.2.1/thumb/v7e-m+fp/softfp/crtbegin.o
                0x200009c4                PROVIDE (__fini_array_end = .)
                0x200009c4                _edata = ALIGN (., 0x4)
                0x10008148                __load_data = LOADADDR (.data)

.igot.plt       0x200009c4        0x0 load address 0x10008b0c
 .igot.plt      0x200009c4        0x0 c:/maximsdk/tools/gnutools/bin/../lib/gcc/arm-none-eabi/9.2.1/thumb/v7e-m+fp/softfp/crtbegin.o

.bss            0x200009c4      0x4b8 load address 0x10008b0c
                0x200009c4                . = ALIGN (0x4)
                0x200009c4                _bss = .
 *(.bss*)
 .bss           0x200009c4       0x1c c:/maximsdk/tools/gnutools/bin/../lib/gcc/arm-none-eabi/9.2.1/thumb/v7e-m+fp/softfp/crtbegin.o
 .bss.heap_end  0x200009e0        0x4 c:/Users/Jake.Carter/proj/Active/BMI160-MAX78000/build/heap.o
 .bss.cbFunc    0x200009e4        0x4 c:/MaximSDK/Libraries/PeriphDrivers/bin/MAX78000/softfp/libPeriphDriver_softfp.a(mxc_delay.o)
 .bss.ctrl_save
                0x200009e8        0x4 c:/MaximSDK/Libraries/PeriphDrivers/bin/MAX78000/softfp/libPeriphDriver_softfp.a(mxc_delay.o)
 .bss.endtick   0x200009ec        0x4 c:/MaximSDK/Libraries/PeriphDrivers/bin/MAX78000/softfp/libPeriphDriver_softfp.a(mxc_delay.o)
 .bss.callback  0x200009f0      0x200 c:/MaximSDK/Libraries/PeriphDrivers/bin/MAX78000/softfp/libPeriphDriver_softfp.a(gpio_common.o)
 .bss.cbparam   0x20000bf0      0x200 c:/MaximSDK/Libraries/PeriphDrivers/bin/MAX78000/softfp/libPeriphDriver_softfp.a(gpio_common.o)
 .bss.initialized
                0x20000df0        0x1 c:/MaximSDK/Libraries/PeriphDrivers/bin/MAX78000/softfp/libPeriphDriver_softfp.a(gpio_common.o)
 *fill*         0x20000df1        0x3 
 .bss.__malloc_current_mallinfo
                0x20000df4       0x28 c:/maximsdk/tools/gnutools/bin/../lib/gcc/arm-none-eabi/9.2.1/../../../../arm-none-eabi/lib/thumb/v7e-m+fp/softfp\libc.a(lib_a-mallocr.o)
                0x20000df4                __malloc_current_mallinfo
 .bss.__malloc_max_sbrked_mem
                0x20000e1c        0x4 c:/maximsdk/tools/gnutools/bin/../lib/gcc/arm-none-eabi/9.2.1/../../../../arm-none-eabi/lib/thumb/v7e-m+fp/softfp\libc.a(lib_a-mallocr.o)
                0x20000e1c                __malloc_max_sbrked_mem
 .bss.__malloc_max_total_mem
                0x20000e20        0x4 c:/maximsdk/tools/gnutools/bin/../lib/gcc/arm-none-eabi/9.2.1/../../../../arm-none-eabi/lib/thumb/v7e-m+fp/softfp\libc.a(lib_a-mallocr.o)
                0x20000e20                __malloc_max_total_mem
 .bss.__malloc_top_pad
                0x20000e24        0x4 c:/maximsdk/tools/gnutools/bin/../lib/gcc/arm-none-eabi/9.2.1/../../../../arm-none-eabi/lib/thumb/v7e-m+fp/softfp\libc.a(lib_a-mallocr.o)
                0x20000e24                __malloc_top_pad
 *(COMMON)
 COMMON         0x20000e28       0x2c c:/Users/Jake.Carter/proj/Active/BMI160-MAX78000/build/main.o
                0x20000e28                bmi160
 COMMON         0x20000e54       0x21 c:/maximsdk/tools/gnutools/bin/../lib/gcc/arm-none-eabi/9.2.1/../../../../arm-none-eabi/lib/thumb/v7e-m+fp/softfp\libc.a(lib_a-lock.o)
                0x20000e54                __lock___atexit_recursive_mutex
                0x20000e58                __lock___arc4random_mutex
                0x20000e5c                __lock___env_recursive_mutex
                0x20000e60                __lock___sinit_recursive_mutex
                0x20000e64                __lock___malloc_recursive_mutex
                0x20000e68                __lock___at_quick_exit_mutex
                0x20000e6c                __lock___dd_hash_mutex
                0x20000e70                __lock___tz_mutex
                0x20000e74                __lock___sfp_recursive_mutex
 *fill*         0x20000e75        0x3 
 COMMON         0x20000e78        0x4 c:/maximsdk/tools/gnutools/bin/../lib/gcc/arm-none-eabi/9.2.1/../../../../arm-none-eabi/lib/thumb/v7e-m+fp/softfp\libc.a(lib_a-reent.o)
                0x20000e78                errno
                0x20000e7c                _ebss = ALIGN (., 0x4)

.shared         0x20000e7c        0x4 load address 0x10008b0c
                0x20000e7c                . = ALIGN (0x4)
                0x20000e7c                _shared = .
 *(.mailbox*)
                0x20000e7c                . = ALIGN (0x4)
 *(.shared*)
 .shared        0x20000e7c        0x4 c:/Users/Jake.Carter/proj/Active/BMI160-MAX78000/build/system_max78000.o
                0x20000e7c                SystemCoreClock
                0x20000e80                _eshared = ALIGN (., 0x4)
                0x10008b0c                __shared_data = LOADADDR (.shared)
                0x20020000                __StackTop = (ORIGIN (SRAM) + LENGTH (SRAM))
                0x2001f000                __StackLimit = (__StackTop - SIZEOF (.stack_dummy))

.stack_dummy    0x20000e80     0x1000 load address 0x10008b10
 *(.stack*)
 .stack         0x20000e80     0x1000 c:/Users/Jake.Carter/proj/Active/BMI160-MAX78000/build/startup_max78000.o

.heap           0x20000e80      0xc00 load address 0x10008b10
                0x20000e80                . = ALIGN (0x4)
 *(.heap*)
 .heap          0x20000e80      0xc00 c:/Users/Jake.Carter/proj/Active/BMI160-MAX78000/build/startup_max78000.o
                0x20000e80                __HeapBase
                0x2001f000                __HeapLimit = ABSOLUTE (__StackLimit)
                0x20020000                PROVIDE (__stack = __StackTop)
                0x00000001                ASSERT ((__StackLimit >= _ebss), region RAM overflowed with stack)
OUTPUT(c:/Users/Jake.Carter/proj/Active/BMI160-MAX78000/build/MAX78000.elf elf32-littlearm)

.ARM.attributes
                0x00000000       0x2e
 .ARM.attributes
                0x00000000       0x1e c:/maximsdk/tools/gnutools/bin/../lib/gcc/arm-none-eabi/9.2.1/thumb/v7e-m+fp/softfp/crti.o
 .ARM.attributes
                0x0000001e       0x32 c:/maximsdk/tools/gnutools/bin/../lib/gcc/arm-none-eabi/9.2.1/thumb/v7e-m+fp/softfp/crtbegin.o
 .ARM.attributes
                0x00000050       0x32 c:/Users/Jake.Carter/proj/Active/BMI160-MAX78000/build/main.o
 .ARM.attributes
                0x00000082       0x32 c:/Users/Jake.Carter/proj/Active/BMI160-MAX78000/build/bmi160.o
 .ARM.attributes
                0x000000b4       0x32 c:/Users/Jake.Carter/proj/Active/BMI160-MAX78000/build/bmi160_max78000evkit.o
 .ARM.attributes
                0x000000e6       0x32 c:/Users/Jake.Carter/proj/Active/BMI160-MAX78000/build/board.o
 .ARM.attributes
                0x00000118       0x32 c:/Users/Jake.Carter/proj/Active/BMI160-MAX78000/build/stdio.o
 .ARM.attributes
                0x0000014a       0x32 c:/Users/Jake.Carter/proj/Active/BMI160-MAX78000/build/led.o
 .ARM.attributes
                0x0000017c       0x32 c:/Users/Jake.Carter/proj/Active/BMI160-MAX78000/build/pb.o
 .ARM.attributes
                0x000001ae       0x1b c:/Users/Jake.Carter/proj/Active/BMI160-MAX78000/build/startup_max78000.o
 .ARM.attributes
                0x000001c9       0x32 c:/Users/Jake.Carter/proj/Active/BMI160-MAX78000/build/heap.o
 .ARM.attributes
                0x000001fb       0x32 c:/Users/Jake.Carter/proj/Active/BMI160-MAX78000/build/system_max78000.o
 .ARM.attributes
                0x0000022d       0x32 c:/MaximSDK/Libraries/PeriphDrivers/bin/MAX78000/softfp/libPeriphDriver_softfp.a(mxc_delay.o)
 .ARM.attributes
                0x0000025f       0x37 c:/MaximSDK/Libraries/PeriphDrivers/bin/MAX78000/softfp/libPeriphDriver_softfp.a(pins_ai85.o)
 .ARM.attributes
                0x00000296       0x32 c:/MaximSDK/Libraries/PeriphDrivers/bin/MAX78000/softfp/libPeriphDriver_softfp.a(sys_ai85.o)
 .ARM.attributes
                0x000002c8       0x32 c:/MaximSDK/Libraries/PeriphDrivers/bin/MAX78000/softfp/libPeriphDriver_softfp.a(gpio_ai85.o)
 .ARM.attributes
                0x000002fa       0x32 c:/MaximSDK/Libraries/PeriphDrivers/bin/MAX78000/softfp/libPeriphDriver_softfp.a(gpio_reva.o)
 .ARM.attributes
                0x0000032c       0x32 c:/MaximSDK/Libraries/PeriphDrivers/bin/MAX78000/softfp/libPeriphDriver_softfp.a(uart_ai85.o)
 .ARM.attributes
                0x0000035e       0x32 c:/MaximSDK/Libraries/PeriphDrivers/bin/MAX78000/softfp/libPeriphDriver_softfp.a(uart_common.o)
 .ARM.attributes
                0x00000390       0x32 c:/MaximSDK/Libraries/PeriphDrivers/bin/MAX78000/softfp/libPeriphDriver_softfp.a(uart_revb.o)
 .ARM.attributes
                0x000003c2       0x32 c:/MaximSDK/Libraries/PeriphDrivers/bin/MAX78000/softfp/libPeriphDriver_softfp.a(gpio_common.o)
 .ARM.attributes
                0x000003f4       0x32 c:/maximsdk/tools/gnutools/bin/../lib/gcc/arm-none-eabi/9.2.1/../../../../arm-none-eabi/lib/thumb/v7e-m+fp/softfp\libc.a(lib_a-errno.o)
 .ARM.attributes
                0x00000426       0x30 c:/maximsdk/tools/gnutools/bin/../lib/gcc/arm-none-eabi/9.2.1/../../../../arm-none-eabi/lib/thumb/v7e-m+fp/softfp\libc.a(lib_a-impure.o)
 .ARM.attributes
                0x00000456       0x32 c:/maximsdk/tools/gnutools/bin/../lib/gcc/arm-none-eabi/9.2.1/../../../../arm-none-eabi/lib/thumb/v7e-m+fp/softfp\libc.a(lib_a-init.o)
 .ARM.attributes
                0x00000488       0x32 c:/maximsdk/tools/gnutools/bin/../lib/gcc/arm-none-eabi/9.2.1/../../../../arm-none-eabi/lib/thumb/v7e-m+fp/softfp\libc.a(lib_a-mallocr.o)
 .ARM.attributes
                0x000004ba       0x1c c:/maximsdk/tools/gnutools/bin/../lib/gcc/arm-none-eabi/9.2.1/../../../../arm-none-eabi/lib/thumb/v7e-m+fp/softfp\libc.a(lib_a-memcpy.o)
 .ARM.attributes
                0x000004d6       0x32 c:/maximsdk/tools/gnutools/bin/../lib/gcc/arm-none-eabi/9.2.1/../../../../arm-none-eabi/lib/thumb/v7e-m+fp/softfp\libc.a(lib_a-memset.o)
 .ARM.attributes
                0x00000508       0x32 c:/maximsdk/tools/gnutools/bin/../lib/gcc/arm-none-eabi/9.2.1/../../../../arm-none-eabi/lib/thumb/v7e-m+fp/softfp\libc.a(lib_a-mlock.o)
 .ARM.attributes
                0x0000053a       0x32 c:/maximsdk/tools/gnutools/bin/../lib/gcc/arm-none-eabi/9.2.1/../../../../arm-none-eabi/lib/thumb/v7e-m+fp/softfp\libc.a(lib_a-printf.o)
 .ARM.attributes
                0x0000056c       0x32 c:/maximsdk/tools/gnutools/bin/../lib/gcc/arm-none-eabi/9.2.1/../../../../arm-none-eabi/lib/thumb/v7e-m+fp/softfp\libc.a(lib_a-sbrkr.o)
 .ARM.attributes
                0x0000059e       0x1c c:/maximsdk/tools/gnutools/bin/../lib/gcc/arm-none-eabi/9.2.1/../../../../arm-none-eabi/lib/thumb/v7e-m+fp/softfp\libc.a(lib_a-strlen.o)
 .ARM.attributes
                0x000005ba       0x32 c:/maximsdk/tools/gnutools/bin/../lib/gcc/arm-none-eabi/9.2.1/../../../../arm-none-eabi/lib/thumb/v7e-m+fp/softfp\libc.a(lib_a-vfprintf.o)
 .ARM.attributes
                0x000005ec       0x32 c:/maximsdk/tools/gnutools/bin/../lib/gcc/arm-none-eabi/9.2.1/../../../../arm-none-eabi/lib/thumb/v7e-m+fp/softfp\libc.a(lib_a-wsetup.o)
 .ARM.attributes
                0x0000061e       0x32 c:/maximsdk/tools/gnutools/bin/../lib/gcc/arm-none-eabi/9.2.1/../../../../arm-none-eabi/lib/thumb/v7e-m+fp/softfp\libc.a(lib_a-__call_atexit.o)
 .ARM.attributes
                0x00000650       0x32 c:/maximsdk/tools/gnutools/bin/../lib/gcc/arm-none-eabi/9.2.1/../../../../arm-none-eabi/lib/thumb/v7e-m+fp/softfp\libc.a(lib_a-atexit.o)
 .ARM.attributes
                0x00000682       0x32 c:/maximsdk/tools/gnutools/bin/../lib/gcc/arm-none-eabi/9.2.1/../../../../arm-none-eabi/lib/thumb/v7e-m+fp/softfp\libc.a(lib_a-dtoa.o)
 .ARM.attributes
                0x000006b4       0x32 c:/maximsdk/tools/gnutools/bin/../lib/gcc/arm-none-eabi/9.2.1/../../../../arm-none-eabi/lib/thumb/v7e-m+fp/softfp\libc.a(lib_a-fflush.o)
 .ARM.attributes
                0x000006e6       0x32 c:/maximsdk/tools/gnutools/bin/../lib/gcc/arm-none-eabi/9.2.1/../../../../arm-none-eabi/lib/thumb/v7e-m+fp/softfp\libc.a(lib_a-findfp.o)
 .ARM.attributes
                0x00000718       0x32 c:/maximsdk/tools/gnutools/bin/../lib/gcc/arm-none-eabi/9.2.1/../../../../arm-none-eabi/lib/thumb/v7e-m+fp/softfp\libc.a(lib_a-fini.o)
 .ARM.attributes
                0x0000074a       0x32 c:/maximsdk/tools/gnutools/bin/../lib/gcc/arm-none-eabi/9.2.1/../../../../arm-none-eabi/lib/thumb/v7e-m+fp/softfp\libc.a(lib_a-freer.o)
 .ARM.attributes
                0x0000077c       0x32 c:/maximsdk/tools/gnutools/bin/../lib/gcc/arm-none-eabi/9.2.1/../../../../arm-none-eabi/lib/thumb/v7e-m+fp/softfp\libc.a(lib_a-fwalk.o)
 .ARM.attributes
                0x000007ae       0x32 c:/maximsdk/tools/gnutools/bin/../lib/gcc/arm-none-eabi/9.2.1/../../../../arm-none-eabi/lib/thumb/v7e-m+fp/softfp\libc.a(lib_a-localeconv.o)
 .ARM.attributes
                0x000007e0       0x32 c:/maximsdk/tools/gnutools/bin/../lib/gcc/arm-none-eabi/9.2.1/../../../../arm-none-eabi/lib/thumb/v7e-m+fp/softfp\libc.a(lib_a-lock.o)
 .ARM.attributes
                0x00000812       0x32 c:/maximsdk/tools/gnutools/bin/../lib/gcc/arm-none-eabi/9.2.1/../../../../arm-none-eabi/lib/thumb/v7e-m+fp/softfp\libc.a(lib_a-makebuf.o)
 .ARM.attributes
                0x00000844       0x1c c:/maximsdk/tools/gnutools/bin/../lib/gcc/arm-none-eabi/9.2.1/../../../../arm-none-eabi/lib/thumb/v7e-m+fp/softfp\libc.a(lib_a-memchr.o)
 .ARM.attributes
                0x00000860       0x32 c:/maximsdk/tools/gnutools/bin/../lib/gcc/arm-none-eabi/9.2.1/../../../../arm-none-eabi/lib/thumb/v7e-m+fp/softfp\libc.a(lib_a-mprec.o)
 .ARM.attributes
                0x00000892       0x32 c:/maximsdk/tools/gnutools/bin/../lib/gcc/arm-none-eabi/9.2.1/../../../../arm-none-eabi/lib/thumb/v7e-m+fp/softfp\libc.a(lib_a-reent.o)
 .ARM.attributes
                0x000008c4       0x32 c:/maximsdk/tools/gnutools/bin/../lib/gcc/arm-none-eabi/9.2.1/../../../../arm-none-eabi/lib/thumb/v7e-m+fp/softfp\libc.a(lib_a-s_frexp.o)
 .ARM.attributes
                0x000008f6       0x32 c:/maximsdk/tools/gnutools/bin/../lib/gcc/arm-none-eabi/9.2.1/../../../../arm-none-eabi/lib/thumb/v7e-m+fp/softfp\libc.a(lib_a-stdio.o)
 .ARM.attributes
                0x00000928       0x32 c:/maximsdk/tools/gnutools/bin/../lib/gcc/arm-none-eabi/9.2.1/../../../../arm-none-eabi/lib/thumb/v7e-m+fp/softfp\libc.a(lib_a-strncpy.o)
 .ARM.attributes
                0x0000095a       0x32 c:/maximsdk/tools/gnutools/bin/../lib/gcc/arm-none-eabi/9.2.1/../../../../arm-none-eabi/lib/thumb/v7e-m+fp/softfp\libc.a(lib_a-vfiprintf.o)
 .ARM.attributes
                0x0000098c       0x32 c:/maximsdk/tools/gnutools/bin/../lib/gcc/arm-none-eabi/9.2.1/../../../../arm-none-eabi/lib/thumb/v7e-m+fp/softfp\libc.a(lib_a-writer.o)
 .ARM.attributes
                0x000009be       0x32 c:/maximsdk/tools/gnutools/bin/../lib/gcc/arm-none-eabi/9.2.1/../../../../arm-none-eabi/lib/thumb/v7e-m+fp/softfp\libc.a(lib_a-__atexit.o)
 .ARM.attributes
                0x000009f0       0x32 c:/maximsdk/tools/gnutools/bin/../lib/gcc/arm-none-eabi/9.2.1/../../../../arm-none-eabi/lib/thumb/v7e-m+fp/softfp\libc.a(lib_a-callocr.o)
 .ARM.attributes
                0x00000a22       0x32 c:/maximsdk/tools/gnutools/bin/../lib/gcc/arm-none-eabi/9.2.1/../../../../arm-none-eabi/lib/thumb/v7e-m+fp/softfp\libc.a(lib_a-closer.o)
 .ARM.attributes
                0x00000a54       0x32 c:/maximsdk/tools/gnutools/bin/../lib/gcc/arm-none-eabi/9.2.1/../../../../arm-none-eabi/lib/thumb/v7e-m+fp/softfp\libc.a(lib_a-fclose.o)
 .ARM.attributes
                0x00000a86       0x32 c:/maximsdk/tools/gnutools/bin/../lib/gcc/arm-none-eabi/9.2.1/../../../../arm-none-eabi/lib/thumb/v7e-m+fp/softfp\libc.a(lib_a-fputwc.o)
 .ARM.attributes
                0x00000ab8       0x32 c:/maximsdk/tools/gnutools/bin/../lib/gcc/arm-none-eabi/9.2.1/../../../../arm-none-eabi/lib/thumb/v7e-m+fp/softfp\libc.a(lib_a-fstatr.o)
 .ARM.attributes
                0x00000aea       0x32 c:/maximsdk/tools/gnutools/bin/../lib/gcc/arm-none-eabi/9.2.1/../../../../arm-none-eabi/lib/thumb/v7e-m+fp/softfp\libc.a(lib_a-fvwrite.o)
 .ARM.attributes
                0x00000b1c       0x32 c:/maximsdk/tools/gnutools/bin/../lib/gcc/arm-none-eabi/9.2.1/../../../../arm-none-eabi/lib/thumb/v7e-m+fp/softfp\libc.a(lib_a-isattyr.o)
 .ARM.attributes
                0x00000b4e       0x32 c:/maximsdk/tools/gnutools/bin/../lib/gcc/arm-none-eabi/9.2.1/../../../../arm-none-eabi/lib/thumb/v7e-m+fp/softfp\libc.a(lib_a-locale.o)
 .ARM.attributes
                0x00000b80       0x32 c:/maximsdk/tools/gnutools/bin/../lib/gcc/arm-none-eabi/9.2.1/../../../../arm-none-eabi/lib/thumb/v7e-m+fp/softfp\libc.a(lib_a-lseekr.o)
 .ARM.attributes
                0x00000bb2       0x32 c:/maximsdk/tools/gnutools/bin/../lib/gcc/arm-none-eabi/9.2.1/../../../../arm-none-eabi/lib/thumb/v7e-m+fp/softfp\libc.a(lib_a-mbtowc_r.o)
 .ARM.attributes
                0x00000be4       0x32 c:/maximsdk/tools/gnutools/bin/../lib/gcc/arm-none-eabi/9.2.1/../../../../arm-none-eabi/lib/thumb/v7e-m+fp/softfp\libc.a(lib_a-memmove.o)
 .ARM.attributes
                0x00000c16       0x32 c:/maximsdk/tools/gnutools/bin/../lib/gcc/arm-none-eabi/9.2.1/../../../../arm-none-eabi/lib/thumb/v7e-m+fp/softfp\libc.a(lib_a-readr.o)
 .ARM.attributes
                0x00000c48       0x32 c:/maximsdk/tools/gnutools/bin/../lib/gcc/arm-none-eabi/9.2.1/../../../../arm-none-eabi/lib/thumb/v7e-m+fp/softfp\libc.a(lib_a-reallocr.o)
 .ARM.attributes
                0x00000c7a       0x32 c:/maximsdk/tools/gnutools/bin/../lib/gcc/arm-none-eabi/9.2.1/../../../../arm-none-eabi/lib/thumb/v7e-m+fp/softfp\libc.a(lib_a-wbuf.o)
 .ARM.attributes
                0x00000cac       0x32 c:/maximsdk/tools/gnutools/bin/../lib/gcc/arm-none-eabi/9.2.1/../../../../arm-none-eabi/lib/thumb/v7e-m+fp/softfp\libc.a(lib_a-wcrtomb.o)
 .ARM.attributes
                0x00000cde       0x32 c:/maximsdk/tools/gnutools/bin/../lib/gcc/arm-none-eabi/9.2.1/../../../../arm-none-eabi/lib/thumb/v7e-m+fp/softfp\libc.a(lib_a-wctomb_r.o)
 .ARM.attributes
                0x00000d10       0x30 c:/maximsdk/tools/gnutools/bin/../lib/gcc/arm-none-eabi/9.2.1/../../../../arm-none-eabi/lib/thumb/v7e-m+fp/softfp\libc.a(lib_a-ctype_.o)
 .ARM.attributes
                0x00000d40       0x1e c:/maximsdk/tools/gnutools/bin/../lib/gcc/arm-none-eabi/9.2.1/thumb/v7e-m+fp/softfp\libgcc.a(_arm_addsubdf3.o)
 .ARM.attributes
                0x00000d5e       0x1e c:/maximsdk/tools/gnutools/bin/../lib/gcc/arm-none-eabi/9.2.1/thumb/v7e-m+fp/softfp\libgcc.a(_arm_muldivdf3.o)
 .ARM.attributes
                0x00000d7c       0x1e c:/maximsdk/tools/gnutools/bin/../lib/gcc/arm-none-eabi/9.2.1/thumb/v7e-m+fp/softfp\libgcc.a(_arm_cmpdf2.o)
 .ARM.attributes
                0x00000d9a       0x1e c:/maximsdk/tools/gnutools/bin/../lib/gcc/arm-none-eabi/9.2.1/thumb/v7e-m+fp/softfp\libgcc.a(_arm_unorddf2.o)
 .ARM.attributes
                0x00000db8       0x1e c:/maximsdk/tools/gnutools/bin/../lib/gcc/arm-none-eabi/9.2.1/thumb/v7e-m+fp/softfp\libgcc.a(_arm_fixdfsi.o)
 .ARM.attributes
                0x00000dd6       0x1e c:/maximsdk/tools/gnutools/bin/../lib/gcc/arm-none-eabi/9.2.1/thumb/v7e-m+fp/softfp\libgcc.a(_aeabi_uldivmod.o)
 .ARM.attributes
                0x00000df4       0x32 c:/maximsdk/tools/gnutools/bin/../lib/gcc/arm-none-eabi/9.2.1/thumb/v7e-m+fp/softfp\libgcc.a(_udivmoddi4.o)
 .ARM.attributes
                0x00000e26       0x1e c:/maximsdk/tools/gnutools/bin/../lib/gcc/arm-none-eabi/9.2.1/thumb/v7e-m+fp/softfp\libgcc.a(_dvmd_tls.o)
 .ARM.attributes
                0x00000e44       0x30 c:/maximsdk/tools/gnutools/bin/../lib/gcc/arm-none-eabi/9.2.1/thumb/v7e-m+fp/softfp/crtend.o
 .ARM.attributes
                0x00000e74       0x1e c:/maximsdk/tools/gnutools/bin/../lib/gcc/arm-none-eabi/9.2.1/thumb/v7e-m+fp/softfp/crtn.o

.comment        0x00000000       0x79
 .comment       0x00000000       0x79 c:/Users/Jake.Carter/proj/Active/BMI160-MAX78000/build/main.o
                                 0x7a (size before relaxing)
 .comment       0x00000079       0x7a c:/Users/Jake.Carter/proj/Active/BMI160-MAX78000/build/bmi160.o
 .comment       0x00000079       0x7a c:/Users/Jake.Carter/proj/Active/BMI160-MAX78000/build/bmi160_max78000evkit.o
 .comment       0x00000079       0x7a c:/Users/Jake.Carter/proj/Active/BMI160-MAX78000/build/board.o
 .comment       0x00000079       0x7a c:/Users/Jake.Carter/proj/Active/BMI160-MAX78000/build/stdio.o
 .comment       0x00000079       0x7a c:/Users/Jake.Carter/proj/Active/BMI160-MAX78000/build/led.o
 .comment       0x00000079       0x7a c:/Users/Jake.Carter/proj/Active/BMI160-MAX78000/build/pb.o
 .comment       0x00000079       0x7a c:/Users/Jake.Carter/proj/Active/BMI160-MAX78000/build/heap.o
 .comment       0x00000079       0x7a c:/Users/Jake.Carter/proj/Active/BMI160-MAX78000/build/system_max78000.o
 .comment       0x00000079       0x7a c:/MaximSDK/Libraries/PeriphDrivers/bin/MAX78000/softfp/libPeriphDriver_softfp.a(mxc_delay.o)
 .comment       0x00000079       0x7a c:/MaximSDK/Libraries/PeriphDrivers/bin/MAX78000/softfp/libPeriphDriver_softfp.a(pins_ai85.o)
 .comment       0x00000079       0x7a c:/MaximSDK/Libraries/PeriphDrivers/bin/MAX78000/softfp/libPeriphDriver_softfp.a(sys_ai85.o)
 .comment       0x00000079       0x7a c:/MaximSDK/Libraries/PeriphDrivers/bin/MAX78000/softfp/libPeriphDriver_softfp.a(gpio_ai85.o)
 .comment       0x00000079       0x7a c:/MaximSDK/Libraries/PeriphDrivers/bin/MAX78000/softfp/libPeriphDriver_softfp.a(gpio_reva.o)
 .comment       0x00000079       0x7a c:/MaximSDK/Libraries/PeriphDrivers/bin/MAX78000/softfp/libPeriphDriver_softfp.a(uart_ai85.o)
 .comment       0x00000079       0x7a c:/MaximSDK/Libraries/PeriphDrivers/bin/MAX78000/softfp/libPeriphDriver_softfp.a(uart_common.o)
 .comment       0x00000079       0x7a c:/MaximSDK/Libraries/PeriphDrivers/bin/MAX78000/softfp/libPeriphDriver_softfp.a(uart_revb.o)
 .comment       0x00000079       0x7a c:/MaximSDK/Libraries/PeriphDrivers/bin/MAX78000/softfp/libPeriphDriver_softfp.a(gpio_common.o)

.debug_info     0x00000000    0x19e91
 .debug_info    0x00000000      0xd2b c:/Users/Jake.Carter/proj/Active/BMI160-MAX78000/build/main.o
 .debug_info    0x00000d2b     0x7dbc c:/Users/Jake.Carter/proj/Active/BMI160-MAX78000/build/bmi160.o
 .debug_info    0x00008ae7      0xdff c:/Users/Jake.Carter/proj/Active/BMI160-MAX78000/build/bmi160_max78000evkit.o
 .debug_info    0x000098e6     0x1547 c:/Users/Jake.Carter/proj/Active/BMI160-MAX78000/build/board.o
 .debug_info    0x0000ae2d     0x1513 c:/Users/Jake.Carter/proj/Active/BMI160-MAX78000/build/stdio.o
 .debug_info    0x0000c340     0x10e2 c:/Users/Jake.Carter/proj/Active/BMI160-MAX78000/build/led.o
 .debug_info    0x0000d422      0xee0 c:/Users/Jake.Carter/proj/Active/BMI160-MAX78000/build/pb.o
 .debug_info    0x0000e302      0xa22 c:/Users/Jake.Carter/proj/Active/BMI160-MAX78000/build/heap.o
 .debug_info    0x0000ed24     0x1394 c:/Users/Jake.Carter/proj/Active/BMI160-MAX78000/build/system_max78000.o
 .debug_info    0x000100b8      0x8f5 c:/MaximSDK/Libraries/PeriphDrivers/bin/MAX78000/softfp/libPeriphDriver_softfp.a(mxc_delay.o)
 .debug_info    0x000109ad      0x8dd c:/MaximSDK/Libraries/PeriphDrivers/bin/MAX78000/softfp/libPeriphDriver_softfp.a(pins_ai85.o)
 .debug_info    0x0001128a      0xe57 c:/MaximSDK/Libraries/PeriphDrivers/bin/MAX78000/softfp/libPeriphDriver_softfp.a(sys_ai85.o)
 .debug_info    0x000120e1     0x130c c:/MaximSDK/Libraries/PeriphDrivers/bin/MAX78000/softfp/libPeriphDriver_softfp.a(gpio_ai85.o)
 .debug_info    0x000133ed      0xbed c:/MaximSDK/Libraries/PeriphDrivers/bin/MAX78000/softfp/libPeriphDriver_softfp.a(gpio_reva.o)
 .debug_info    0x00013fda     0x1fff c:/MaximSDK/Libraries/PeriphDrivers/bin/MAX78000/softfp/libPeriphDriver_softfp.a(uart_ai85.o)
 .debug_info    0x00015fd9      0x85a c:/MaximSDK/Libraries/PeriphDrivers/bin/MAX78000/softfp/libPeriphDriver_softfp.a(uart_common.o)
 .debug_info    0x00016833     0x2daa c:/MaximSDK/Libraries/PeriphDrivers/bin/MAX78000/softfp/libPeriphDriver_softfp.a(uart_revb.o)
 .debug_info    0x000195dd      0x8b4 c:/MaximSDK/Libraries/PeriphDrivers/bin/MAX78000/softfp/libPeriphDriver_softfp.a(gpio_common.o)

.debug_abbrev   0x00000000     0x2b9f
 .debug_abbrev  0x00000000      0x29a c:/Users/Jake.Carter/proj/Active/BMI160-MAX78000/build/main.o
 .debug_abbrev  0x0000029a      0x3cf c:/Users/Jake.Carter/proj/Active/BMI160-MAX78000/build/bmi160.o
 .debug_abbrev  0x00000669      0x305 c:/Users/Jake.Carter/proj/Active/BMI160-MAX78000/build/bmi160_max78000evkit.o
 .debug_abbrev  0x0000096e      0x2ee c:/Users/Jake.Carter/proj/Active/BMI160-MAX78000/build/board.o
 .debug_abbrev  0x00000c5c      0x2a6 c:/Users/Jake.Carter/proj/Active/BMI160-MAX78000/build/stdio.o
 .debug_abbrev  0x00000f02      0x2ab c:/Users/Jake.Carter/proj/Active/BMI160-MAX78000/build/led.o
 .debug_abbrev  0x000011ad      0x27c c:/Users/Jake.Carter/proj/Active/BMI160-MAX78000/build/pb.o
 .debug_abbrev  0x00001429      0x232 c:/Users/Jake.Carter/proj/Active/BMI160-MAX78000/build/heap.o
 .debug_abbrev  0x0000165b      0x2a5 c:/Users/Jake.Carter/proj/Active/BMI160-MAX78000/build/system_max78000.o
 .debug_abbrev  0x00001900      0x20e c:/MaximSDK/Libraries/PeriphDrivers/bin/MAX78000/softfp/libPeriphDriver_softfp.a(mxc_delay.o)
 .debug_abbrev  0x00001b0e       0xe3 c:/MaximSDK/Libraries/PeriphDrivers/bin/MAX78000/softfp/libPeriphDriver_softfp.a(pins_ai85.o)
 .debug_abbrev  0x00001bf1      0x230 c:/MaximSDK/Libraries/PeriphDrivers/bin/MAX78000/softfp/libPeriphDriver_softfp.a(sys_ai85.o)
 .debug_abbrev  0x00001e21      0x21d c:/MaximSDK/Libraries/PeriphDrivers/bin/MAX78000/softfp/libPeriphDriver_softfp.a(gpio_ai85.o)
 .debug_abbrev  0x0000203e      0x17b c:/MaximSDK/Libraries/PeriphDrivers/bin/MAX78000/softfp/libPeriphDriver_softfp.a(gpio_reva.o)
 .debug_abbrev  0x000021b9      0x25b c:/MaximSDK/Libraries/PeriphDrivers/bin/MAX78000/softfp/libPeriphDriver_softfp.a(uart_ai85.o)
 .debug_abbrev  0x00002414      0x141 c:/MaximSDK/Libraries/PeriphDrivers/bin/MAX78000/softfp/libPeriphDriver_softfp.a(uart_common.o)
 .debug_abbrev  0x00002555      0x445 c:/MaximSDK/Libraries/PeriphDrivers/bin/MAX78000/softfp/libPeriphDriver_softfp.a(uart_revb.o)
 .debug_abbrev  0x0000299a      0x205 c:/MaximSDK/Libraries/PeriphDrivers/bin/MAX78000/softfp/libPeriphDriver_softfp.a(gpio_common.o)

.debug_aranges  0x00000000      0xb80
 .debug_aranges
                0x00000000       0x20 c:/Users/Jake.Carter/proj/Active/BMI160-MAX78000/build/main.o
 .debug_aranges
                0x00000020      0x458 c:/Users/Jake.Carter/proj/Active/BMI160-MAX78000/build/bmi160.o
 .debug_aranges
                0x00000478       0x38 c:/Users/Jake.Carter/proj/Active/BMI160-MAX78000/build/bmi160_max78000evkit.o
 .debug_aranges
                0x000004b0       0x50 c:/Users/Jake.Carter/proj/Active/BMI160-MAX78000/build/board.o
 .debug_aranges
                0x00000500       0x50 c:/Users/Jake.Carter/proj/Active/BMI160-MAX78000/build/stdio.o
 .debug_aranges
                0x00000550       0x38 c:/Users/Jake.Carter/proj/Active/BMI160-MAX78000/build/led.o
 .debug_aranges
                0x00000588       0x60 c:/Users/Jake.Carter/proj/Active/BMI160-MAX78000/build/pb.o
 .debug_aranges
                0x000005e8       0x20 c:/Users/Jake.Carter/proj/Active/BMI160-MAX78000/build/heap.o
 .debug_aranges
                0x00000608       0x38 c:/Users/Jake.Carter/proj/Active/BMI160-MAX78000/build/system_max78000.o
 .debug_aranges
                0x00000640       0x50 c:/MaximSDK/Libraries/PeriphDrivers/bin/MAX78000/softfp/libPeriphDriver_softfp.a(mxc_delay.o)
 .debug_aranges
                0x00000690       0x18 c:/MaximSDK/Libraries/PeriphDrivers/bin/MAX78000/softfp/libPeriphDriver_softfp.a(pins_ai85.o)
 .debug_aranges
                0x000006a8       0x70 c:/MaximSDK/Libraries/PeriphDrivers/bin/MAX78000/softfp/libPeriphDriver_softfp.a(sys_ai85.o)
 .debug_aranges
                0x00000718       0xa8 c:/MaximSDK/Libraries/PeriphDrivers/bin/MAX78000/softfp/libPeriphDriver_softfp.a(gpio_ai85.o)
 .debug_aranges
                0x000007c0       0x80 c:/MaximSDK/Libraries/PeriphDrivers/bin/MAX78000/softfp/libPeriphDriver_softfp.a(gpio_reva.o)
 .debug_aranges
                0x00000840      0x170 c:/MaximSDK/Libraries/PeriphDrivers/bin/MAX78000/softfp/libPeriphDriver_softfp.a(uart_ai85.o)
 .debug_aranges
                0x000009b0       0x28 c:/MaximSDK/Libraries/PeriphDrivers/bin/MAX78000/softfp/libPeriphDriver_softfp.a(uart_common.o)
 .debug_aranges
                0x000009d8      0x178 c:/MaximSDK/Libraries/PeriphDrivers/bin/MAX78000/softfp/libPeriphDriver_softfp.a(uart_revb.o)
 .debug_aranges
                0x00000b50       0x30 c:/MaximSDK/Libraries/PeriphDrivers/bin/MAX78000/softfp/libPeriphDriver_softfp.a(gpio_common.o)

.debug_ranges   0x00000000      0xb90
 .debug_ranges  0x00000000       0x10 c:/Users/Jake.Carter/proj/Active/BMI160-MAX78000/build/main.o
 .debug_ranges  0x00000010      0x550 c:/Users/Jake.Carter/proj/Active/BMI160-MAX78000/build/bmi160.o
 .debug_ranges  0x00000560       0x28 c:/Users/Jake.Carter/proj/Active/BMI160-MAX78000/build/bmi160_max78000evkit.o
 .debug_ranges  0x00000588       0x40 c:/Users/Jake.Carter/proj/Active/BMI160-MAX78000/build/board.o
 .debug_ranges  0x000005c8       0x40 c:/Users/Jake.Carter/proj/Active/BMI160-MAX78000/build/stdio.o
 .debug_ranges  0x00000608       0x28 c:/Users/Jake.Carter/proj/Active/BMI160-MAX78000/build/led.o
 .debug_ranges  0x00000630       0x50 c:/Users/Jake.Carter/proj/Active/BMI160-MAX78000/build/pb.o
 .debug_ranges  0x00000680       0x10 c:/Users/Jake.Carter/proj/Active/BMI160-MAX78000/build/heap.o
 .debug_ranges  0x00000690       0x28 c:/Users/Jake.Carter/proj/Active/BMI160-MAX78000/build/system_max78000.o
 .debug_ranges  0x000006b8       0x40 c:/MaximSDK/Libraries/PeriphDrivers/bin/MAX78000/softfp/libPeriphDriver_softfp.a(mxc_delay.o)
 .debug_ranges  0x000006f8       0x60 c:/MaximSDK/Libraries/PeriphDrivers/bin/MAX78000/softfp/libPeriphDriver_softfp.a(sys_ai85.o)
 .debug_ranges  0x00000758       0x98 c:/MaximSDK/Libraries/PeriphDrivers/bin/MAX78000/softfp/libPeriphDriver_softfp.a(gpio_ai85.o)
 .debug_ranges  0x000007f0       0x70 c:/MaximSDK/Libraries/PeriphDrivers/bin/MAX78000/softfp/libPeriphDriver_softfp.a(gpio_reva.o)
 .debug_ranges  0x00000860      0x160 c:/MaximSDK/Libraries/PeriphDrivers/bin/MAX78000/softfp/libPeriphDriver_softfp.a(uart_ai85.o)
 .debug_ranges  0x000009c0       0x18 c:/MaximSDK/Libraries/PeriphDrivers/bin/MAX78000/softfp/libPeriphDriver_softfp.a(uart_common.o)
 .debug_ranges  0x000009d8      0x180 c:/MaximSDK/Libraries/PeriphDrivers/bin/MAX78000/softfp/libPeriphDriver_softfp.a(uart_revb.o)
 .debug_ranges  0x00000b58       0x38 c:/MaximSDK/Libraries/PeriphDrivers/bin/MAX78000/softfp/libPeriphDriver_softfp.a(gpio_common.o)

.debug_macro    0x00000000     0xa6ae
 .debug_macro   0x00000000      0x254 c:/Users/Jake.Carter/proj/Active/BMI160-MAX78000/build/main.o
 .debug_macro   0x00000254      0xaae c:/Users/Jake.Carter/proj/Active/BMI160-MAX78000/build/main.o
 .debug_macro   0x00000d02       0x22 c:/Users/Jake.Carter/proj/Active/BMI160-MAX78000/build/main.o
 .debug_macro   0x00000d24       0x58 c:/Users/Jake.Carter/proj/Active/BMI160-MAX78000/build/main.o
 .debug_macro   0x00000d7c       0x18 c:/Users/Jake.Carter/proj/Active/BMI160-MAX78000/build/main.o
 .debug_macro   0x00000d94       0x94 c:/Users/Jake.Carter/proj/Active/BMI160-MAX78000/build/main.o
 .debug_macro   0x00000e28       0x35 c:/Users/Jake.Carter/proj/Active/BMI160-MAX78000/build/main.o
 .debug_macro   0x00000e5d       0x34 c:/Users/Jake.Carter/proj/Active/BMI160-MAX78000/build/main.o
 .debug_macro   0x00000e91       0x16 c:/Users/Jake.Carter/proj/Active/BMI160-MAX78000/build/main.o
 .debug_macro   0x00000ea7       0x57 c:/Users/Jake.Carter/proj/Active/BMI160-MAX78000/build/main.o
 .debug_macro   0x00000efe       0x97 c:/Users/Jake.Carter/proj/Active/BMI160-MAX78000/build/main.o