Archive member included to satisfy reference by file (symbol)

c:/MaximSDK/Libraries/PeriphDrivers/bin/MAX78000/softfp/libPeriphDriver_softfp.a(mxc_delay.o)
                              c:/Code/BMI160/build/bmi160_max78000evkit.o (MXC_Delay)
c:/MaximSDK/Libraries/PeriphDrivers/bin/MAX78000/softfp/libPeriphDriver_softfp.a(pins_ai85.o)
                              c:/Code/BMI160/build/camera.o (gpio_cfg_pcif_xclk)
c:/MaximSDK/Libraries/PeriphDrivers/bin/MAX78000/softfp/libPeriphDriver_softfp.a(sys_ai85.o)
                              c:/Code/BMI160/build/board.o (MXC_SYS_ClockEnable)
c:/MaximSDK/Libraries/PeriphDrivers/bin/MAX78000/softfp/libPeriphDriver_softfp.a(nvic_table.o)
                              c:/Code/BMI160/build/camera.o (NVIC_SetVector)
c:/MaximSDK/Libraries/PeriphDrivers/bin/MAX78000/softfp/libPeriphDriver_softfp.a(cameraif_ai85.o)
                              c:/Code/BMI160/build/camera.o (MXC_PCIF_Init)
c:/MaximSDK/Libraries/PeriphDrivers/bin/MAX78000/softfp/libPeriphDriver_softfp.a(cameraif_reva.o)
                              c:/MaximSDK/Libraries/PeriphDrivers/bin/MAX78000/softfp/libPeriphDriver_softfp.a(cameraif_ai85.o) (MXC_PCIF_RevA_SetDatawidth)
c:/MaximSDK/Libraries/PeriphDrivers/bin/MAX78000/softfp/libPeriphDriver_softfp.a(dma_me17.o)
                              c:/Code/BMI160/build/camera.o (MXC_DMA_SetCallback)
c:/MaximSDK/Libraries/PeriphDrivers/bin/MAX78000/softfp/libPeriphDriver_softfp.a(dma_reva.o)
                              c:/MaximSDK/Libraries/PeriphDrivers/bin/MAX78000/softfp/libPeriphDriver_softfp.a(dma_me17.o) (MXC_DMA_RevA_Init)
c:/MaximSDK/Libraries/PeriphDrivers/bin/MAX78000/softfp/libPeriphDriver_softfp.a(gpio_ai85.o)
                              c:/Code/BMI160/build/pb.o (MXC_GPIO_InGet)
c:/MaximSDK/Libraries/PeriphDrivers/bin/MAX78000/softfp/libPeriphDriver_softfp.a(gpio_reva.o)
                              c:/MaximSDK/Libraries/PeriphDrivers/bin/MAX78000/softfp/libPeriphDriver_softfp.a(gpio_ai85.o) (MXC_GPIO_RevA_InGet)
c:/MaximSDK/Libraries/PeriphDrivers/bin/MAX78000/softfp/libPeriphDriver_softfp.a(i2c_me17.o)
                              c:/Code/BMI160/build/bmi160_max78000evkit.o (MXC_I2C_Init)
c:/MaximSDK/Libraries/PeriphDrivers/bin/MAX78000/softfp/libPeriphDriver_softfp.a(i2c_reva.o)
                              c:/MaximSDK/Libraries/PeriphDrivers/bin/MAX78000/softfp/libPeriphDriver_softfp.a(i2c_me17.o) (MXC_I2C_RevA_DMACallback)
c:/MaximSDK/Libraries/PeriphDrivers/bin/MAX78000/softfp/libPeriphDriver_softfp.a(pt_me17.o)
                              c:/Code/BMI160/build/camera.o (MXC_PT_Init)
c:/MaximSDK/Libraries/PeriphDrivers/bin/MAX78000/softfp/libPeriphDriver_softfp.a(pt_reva.o)
                              c:/MaximSDK/Libraries/PeriphDrivers/bin/MAX78000/softfp/libPeriphDriver_softfp.a(pt_me17.o) (MXC_PT_RevA_Init)
c:/MaximSDK/Libraries/PeriphDrivers/bin/MAX78000/softfp/libPeriphDriver_softfp.a(spi_me17.o)
                              c:/Code/BMI160/build/tft.o (MXC_SPI_Init)
c:/MaximSDK/Libraries/PeriphDrivers/bin/MAX78000/softfp/libPeriphDriver_softfp.a(spi_reva.o)
                              c:/MaximSDK/Libraries/PeriphDrivers/bin/MAX78000/softfp/libPeriphDriver_softfp.a(spi_me17.o) (MXC_SPI_RevA_Init)
c:/MaximSDK/Libraries/PeriphDrivers/bin/MAX78000/softfp/libPeriphDriver_softfp.a(uart_ai85.o)
                              c:/Code/BMI160/build/board.o (MXC_UART_Shutdown)
c:/MaximSDK/Libraries/PeriphDrivers/bin/MAX78000/softfp/libPeriphDriver_softfp.a(uart_common.o)
                              c:/MaximSDK/Libraries/PeriphDrivers/bin/MAX78000/softfp/libPeriphDriver_softfp.a(uart_ai85.o) (MXC_UART_Common_ReadCharacter)
c:/MaximSDK/Libraries/PeriphDrivers/bin/MAX78000/softfp/libPeriphDriver_softfp.a(uart_revb.o)
                              c:/MaximSDK/Libraries/PeriphDrivers/bin/MAX78000/softfp/libPeriphDriver_softfp.a(uart_ai85.o) (MXC_UART_RevB_Init)
c:/MaximSDK/Libraries/PeriphDrivers/bin/MAX78000/softfp/libPeriphDriver_softfp.a(mxc_lock.o)
                              c:/MaximSDK/Libraries/PeriphDrivers/bin/MAX78000/softfp/libPeriphDriver_softfp.a(dma_reva.o) (MXC_GetLock)
c:/MaximSDK/Libraries/PeriphDrivers/bin/MAX78000/softfp/libPeriphDriver_softfp.a(gpio_common.o)
                              c:/MaximSDK/Libraries/PeriphDrivers/bin/MAX78000/softfp/libPeriphDriver_softfp.a(gpio_ai85.o) (MXC_GPIO_Common_Init)
c:/maximsdk/tools/gnutools/bin/../lib/gcc/arm-none-eabi/9.2.1/../../../../arm-none-eabi/lib/thumb/v7e-m+fp/softfp\libc.a(lib_a-errno.o)
                              c:/Code/BMI160/build/stdio.o (__errno)
c:/maximsdk/tools/gnutools/bin/../lib/gcc/arm-none-eabi/9.2.1/../../../../arm-none-eabi/lib/thumb/v7e-m+fp/softfp\libc.a(lib_a-exit.o)
                              c:/maximsdk/tools/gnutools/bin/../lib/gcc/arm-none-eabi/9.2.1/../../../../arm-none-eabi/lib/thumb/v7e-m+fp/softfp/crt0.o (exit)
[...]
Memory Configuration

Name             Origin             Length             Attributes
ROM              0x00000000         0x00010000         xr
FLASH            0x10000000         0x00080000         xr
SRAM             0x20000000         0x00020000         xrw
*default*        0x00000000         0xffffffff

Linker script and memory map

LOAD c:/maximsdk/tools/gnutools/bin/../lib/gcc/arm-none-eabi/9.2.1/thumb/v7e-m+fp/softfp/crti.o
LOAD c:/maximsdk/tools/gnutools/bin/../lib/gcc/arm-none-eabi/9.2.1/thumb/v7e-m+fp/softfp/crtbegin.o
LOAD c:/maximsdk/tools/gnutools/bin/../lib/gcc/arm-none-eabi/9.2.1/../../../../arm-none-eabi/lib/thumb/v7e-m+fp/softfp/crt0.o
LOAD c:/Code/BMI160/build/main.o
LOAD c:/Code/BMI160/build/bmi160.o
LOAD c:/Code/BMI160/build/bmi160_max78000evkit.o
LOAD c:/Code/BMI160/build/board.o
LOAD c:/Code/BMI160/build/stdio.o
LOAD c:/Code/BMI160/build/led.o
LOAD c:/Code/BMI160/build/pb.o
LOAD c:/Code/BMI160/build/tft.o
LOAD c:/Code/BMI160/build/touchscreen.o
LOAD c:/Code/BMI160/build/camera.o
LOAD c:/Code/BMI160/build/ov7692.o
LOAD c:/Code/BMI160/build/sccb.o
LOAD c:/Code/BMI160/build/startup_max78000.o
LOAD c:/Code/BMI160/build/heap.o
LOAD c:/Code/BMI160/build/system_max78000.o
START GROUP
LOAD c:/MaximSDK/Libraries/PeriphDrivers/bin/MAX78000/softfp/libPeriphDriver_softfp.a
LOAD c:/maximsdk/tools/gnutools/bin/../lib/gcc/arm-none-eabi/9.2.1/../../../../arm-none-eabi/lib/thumb/v7e-m+fp/softfp\libc.a
LOAD c:/maximsdk/tools/gnutools/bin/../lib/gcc/arm-none-eabi/9.2.1/../../../../arm-none-eabi/lib/thumb/v7e-m+fp/softfp\libm.a
LOAD c:/maximsdk/tools/gnutools/bin/../lib/gcc/arm-none-eabi/9.2.1/../../../../arm-none-eabi/lib/thumb/v7e-m+fp/softfp\libnosys.a
END GROUP
START GROUP
LOAD c:/maximsdk/tools/gnutools/bin/../lib/gcc/arm-none-eabi/9.2.1/thumb/v7e-m+fp/softfp\libgcc.a
LOAD c:/maximsdk/tools/gnutools/bin/../lib/gcc/arm-none-eabi/9.2.1/../../../../arm-none-eabi/lib/thumb/v7e-m+fp/softfp\libc.a
END GROUP
LOAD c:/maximsdk/tools/gnutools/bin/../lib/gcc/arm-none-eabi/9.2.1/thumb/v7e-m+fp/softfp/crtend.o
LOAD c:/maximsdk/tools/gnutools/bin/../lib/gcc/arm-none-eabi/9.2.1/thumb/v7e-m+fp/softfp/crtn.o

.rom
 *(.rom_vector)
 *(.rom_handlers*)

.text           0x10000000     0x9364
                0x10000000                _text = .
 *(.isr_vector)
 .isr_vector    0x10000000      0x1e0 c:/Code/BMI160/build/startup_max78000.o
                0x10000000                __isr_vector
 *(.text*)
 .text          0x100001e0       0x40 c:/maximsdk/tools/gnutools/bin/../lib/gcc/arm-none-eabi/9.2.1/thumb/v7e-m+fp/softfp/crtbegin.o
 .text.ConfigureSensor_bmi160
                0x10000220      0x1c0 c:/Code/BMI160/build/main.o
                0x10000220                ConfigureSensor_bmi160
 .text.main     0x100003e0      0x1b0 c:/Code/BMI160/build/main.o
                0x100003e0                main
 .text.null_ptr_check
                0x10000590       0x2a c:/Code/BMI160/build/bmi160.o
 .text.default_param_settg
                0x100005ba       0x26 c:/Code/BMI160/build/bmi160.o
 .text.process_accel_odr
                0x100005e0       0x28 c:/Code/BMI160/build/bmi160.o
 .text.process_accel_bw
                0x10000608       0x2a c:/Code/BMI160/build/bmi160.o
 .text.process_accel_range
                0x10000632       0x28 c:/Code/BMI160/build/bmi160.o
 .text.process_gyro_odr
                0x1000065a       0x28 c:/Code/BMI160/build/bmi160.o
 .text.process_gyro_bw
                0x10000682       0x20 c:/Code/BMI160/build/bmi160.o
 .text.process_gyro_range
                0x100006a2       0x28 c:/Code/BMI160/build/bmi160.o
 .text.validate_accel_self_test
                0x100006ca       0x40 c:/Code/BMI160/build/bmi160.o
 .text.bmi160_get_regs
                0x1000070a       0x36 c:/Code/BMI160/build/bmi160.o
                0x1000070a                bmi160_get_regs
 .text.check_accel_config
                0x10000740       0x38 c:/Code/BMI160/build/bmi160.o
 .text.check_gyro_config
                0x10000778       0x38 c:/Code/BMI160/build/bmi160.o
 .text.check_invalid_settg
                0x100007b0       0x4e c:/Code/BMI160/build/bmi160.o
 .text.get_accel_data
                0x100007fe       0x7e c:/Code/BMI160/build/bmi160.o
 .text.get_gyro_data
                0x1000087c       0xc4 c:/Code/BMI160/build/bmi160.o
 .text.get_accel_gyro_data
                0x10000940       0xb8 c:/Code/BMI160/build/bmi160.o
 .text.validate_gyro_self_test
                0x100009f8       0x26 c:/Code/BMI160/build/bmi160.o
 .text.bmi160_set_regs
                0x10000a1e       0x8e c:/Code/BMI160/build/bmi160.o
                0x10000a1e                bmi160_set_regs
 .text.set_accel_conf
                0x10000aac       0x4a c:/Code/BMI160/build/bmi160.o
 .text.set_gyro_conf
                0x10000af6       0x4a c:/Code/BMI160/build/bmi160.o
 .text.process_under_sampling
                0x10000b40       0x6c c:/Code/BMI160/build/bmi160.o
 .text.set_accel_pwr
                0x10000bac       0x5e c:/Code/BMI160/build/bmi160.o
 .text.set_gyro_pwr
                0x10000c0a       0x5c c:/Code/BMI160/build/bmi160.o
 .text.enable_gyro_self_test
                0x10000c66       0x46 c:/Code/BMI160/build/bmi160.o
 .text.perform_gyro_self_test
                0x10000cac       0x18 c:/Code/BMI160/build/bmi160.o
 .text.bmi160_soft_reset
                0x10000cc4       0x5e c:/Code/BMI160/build/bmi160.o
                0x10000cc4                bmi160_soft_reset
 .text.bmi160_init
                0x10000d22       0x68 c:/Code/BMI160/build/bmi160.o
                0x10000d22                bmi160_init
 .text.bmi160_set_power_mode
                0x10000d8a       0x26 c:/Code/BMI160/build/bmi160.o
                0x10000d8a                bmi160_set_power_mode
 .text.bmi160_set_sens_conf
                0x10000db0       0x3a c:/Code/BMI160/build/bmi160.o
                0x10000db0                bmi160_set_sens_conf
 .text.enable_accel_self_test
                0x10000dea       0x2e c:/Code/BMI160/build/bmi160.o
 .text.bmi160_get_sensor_data
                0x10000e18       0x6a c:/Code/BMI160/build/bmi160.o
                0x10000e18                bmi160_get_sensor_data
 .text.accel_self_test_positive_excitation
                0x10000e82       0x34 c:/Code/BMI160/build/bmi160.o
 .text.accel_self_test_negative_excitation
                0x10000eb6       0x34 c:/Code/BMI160/build/bmi160.o
 .text.perform_accel_self_test
                0x10000eea       0x32 c:/Code/BMI160/build/bmi160.o
 .text.bmi160_perform_self_test
                0x10000f1c       0x5c c:/Code/BMI160/build/bmi160.o
                0x10000f1c                bmi160_perform_self_test
 .text.i2c_write
                0x10000f78       0x78 c:/Code/BMI160/build/bmi160_max78000evkit.o
 .text.i2c_read
                0x10000ff0       0x68 c:/Code/BMI160/build/bmi160_max78000evkit.o
 .text.delay_ms
                0x10001058       0x10 c:/Code/BMI160/build/bmi160_max78000evkit.o
 .text.I2C_init
                0x10001068       0x3c c:/Code/BMI160/build/bmi160_max78000evkit.o
 .text.init_bmi160
                0x100010a4       0x58 c:/Code/BMI160/build/bmi160_max78000evkit.o
                0x100010a4                init_bmi160
 .text.mxc_assert
                0x100010fc       0x10 c:/Code/BMI160/build/board.o
                0x100010fc                mxc_assert
 .text.Console_Init
                0x1000110c       0x18 c:/Code/BMI160/build/board.o
                0x1000110c                Console_Init
 .text.Board_Init
                0x10001124       0x64 c:/Code/BMI160/build/board.o
                0x10001124                Board_Init
 .text.NMI_Handler
                0x10001188        0x4 c:/Code/BMI160/build/board.o
                0x10001188                NMI_Handler
 .text._close   0x1000118c        0x6 c:/Code/BMI160/build/stdio.o
                0x1000118c                _close
 .text._isatty  0x10001192        0x6 c:/Code/BMI160/build/stdio.o
                0x10001192                _isatty
 .text._lseek   0x10001198        0x6 c:/Code/BMI160/build/stdio.o
                0x10001198                _lseek
 .text._fstat   0x1000119e        0x6 c:/Code/BMI160/build/stdio.o
                0x1000119e                _fstat
 .text._read    0x100011a4       0x50 c:/Code/BMI160/build/stdio.o
                0x100011a4                _read
 .text._write   0x100011f4       0x50 c:/Code/BMI160/build/stdio.o
                0x100011f4                _write
 .text.LED_Off  0x10001244       0x44 c:/Code/BMI160/build/led.o
                0x10001244                LED_Off
 .text.LED_Init
                0x10001288       0x3c c:/Code/BMI160/build/led.o
                0x10001288                LED_Init
 .text.PB_Init  0x100012c4       0x38 c:/Code/BMI160/build/pb.o
                0x100012c4                PB_Init
 .text.GPIO0_IRQHandler
                0x100012fc        0xa c:/Code/BMI160/build/pb.o
                0x100012fc                GPIO0_IRQHandler
 .text.GPIO1_IRQHandler
                0x10001306        0xa c:/Code/BMI160/build/pb.o
                0x10001306                GPIO1_IRQHandler
 .text.GPIO2_IRQHandler
                0x10001310        0xa c:/Code/BMI160/build/pb.o
                0x10001310                GPIO2_IRQHandler
 *fill*         0x1000131a        0x2 
 .text          0x1000131c      0x148 c:/Code/BMI160/build/startup_max78000.o
                0x1000131c                Reset_Handler
                0x1000135a                HardFault_Handler
                0x1000135c                MemManage_Handler
                0x1000135e                BusFault_Handler
                0x10001360                UsageFault_Handler
                0x10001362                SVC_Handler
                0x10001364                DebugMon_Handler
                0x10001366                PendSV_Handler
                0x10001368                SysTick_Handler
                0x1000136a                Default_Handler
                0x1000136c                PF_IRQHandler
                0x1000136e                WDT0_IRQHandler
                0x10001370                RSV02_IRQHandler
                0x10001372                RTC_IRQHandler
                0x10001374                TRNG_IRQHandler
                0x10001376                TMR0_IRQHandler
                0x10001378                TMR1_IRQHandler
                0x1000137a                TMR2_IRQHandler
                0x1000137c                TMR3_IRQHandler
                0x1000137e                TMR4_IRQHandler
                0x10001380                TMR5_IRQHandler
                0x10001382                RSV11_IRQHandler
                0x10001384                RSV12_IRQHandler
                0x10001386                I2C0_IRQHandler
                0x10001388                UART0_IRQHandler
                0x1000138a                UART1_IRQHandler
                0x1000138c                SPI1_IRQHandler
                0x1000138e                RSV17_IRQHandler
                0x10001390                RSV18_IRQHandler
                0x10001392                RSV19_IRQHandler
                0x10001394                ADC_IRQHandler
                0x10001396                RSV21_IRQHandler
                0x10001398                RSV22_IRQHandler
                0x1000139a                FLC0_IRQHandler
                0x100013a2                RSV27_IRQHandler
                0x100013a4                DMA0_IRQHandler
                0x100013a6                DMA1_IRQHandler
                0x100013a8                DMA2_IRQHandler
                0x100013aa                DMA3_IRQHandler
                0x100013ac                RSV32_IRQHandler
                0x100013ae                RSV33_IRQHandler
                0x100013b0                UART2_IRQHandler
                0x100013b2                RSV35_IRQHandler
                0x100013b4                I2C1_IRQHandler
                0x100013b6                RSV37_IRQHandler
                0x100013b8                RSV38_IRQHandler
                0x100013ba                RSV39_IRQHandler
                0x100013bc                RSV40_IRQHandler
                0x100013be                RSV41_IRQHandler
                0x100013c0                RSV42_IRQHandler
                0x100013c2                RSV43_IRQHandler
                0x100013c4                RSV44_IRQHandler
                0x100013c6                RSV45_IRQHandler
                0x100013c8                RSV46_IRQHandler
                0x100013ca                RSV47_IRQHandler
                0x100013cc                RSV48_IRQHandler
                0x100013ce                RSV49_IRQHandler
                0x100013d0                RSV50_IRQHandler
                0x100013d2                RSV51_IRQHandler
                0x100013d4                RSV52_IRQHandler
                0x100013d6                WUT_IRQHandler
                0x100013d8                GPIOWAKE_IRQHandler
                0x100013da                RSV55_IRQHandler
                0x100013dc                SPI0_IRQHandler
                0x100013de                WDT1_IRQHandler
                0x100013e0                RSV58_IRQHandler
                0x100013e2                PT_IRQHandler
                0x100013e4                RSV60_IRQHandler
                0x100013e6                RSV61_IRQHandler
                0x100013e8                I2C2_IRQHandler
                0x100013ea                RISCV_IRQHandler
                0x100013ec                RSV64_IRQHandler
                0x100013ee                RSV65_IRQHandler
                0x100013f0                RSV66_IRQHandler
                0x100013f2                OWM_IRQHandler
                0x100013f4                RSV68_IRQHandler
                0x100013f6                RSV69_IRQHandler
                0x100013f8                RSV70_IRQHandler
                0x100013fa                RSV71_IRQHandler
                0x100013fc                RSV72_IRQHandler
                0x100013fe                RSV73_IRQHandler
                0x10001400                RSV74_IRQHandler
                0x10001402                RSV75_IRQHandler
                0x10001404                RSV76_IRQHandler
                0x10001406                RSV77_IRQHandler
                0x10001408                RSV78_IRQHandler
                0x1000140a                RSV79_IRQHandler
                0x1000140c                RSV80_IRQHandler
                0x1000140e                RSV81_IRQHandler
                0x10001410                ECC_IRQHandler
                0x10001412                DVS_IRQHandler
                0x10001414                SIMO_IRQHandler
                0x10001416                RSV85_IRQHandler
                0x10001418                RSV86_IRQHandler
                0x1000141a                RSV87_IRQHandler
                0x1000141c                UART3_IRQHandler
                0x1000141e                RSV89_IRQHandler
                0x10001420                RSV90_IRQHandler
                0x10001422                PCIF_IRQHandler
                0x10001424                RSV92_IRQHandler
                0x10001426                RSV93_IRQHandler
                0x10001428                RSV94_IRQHandler
                0x1000142a                RSV95_IRQHandler
                0x1000142c                RSV96_IRQHandler
                0x1000142e                AES_IRQHandler
                0x10001430                RSV98_IRQHandler
                0x10001432                I2S_IRQHandler
                0x10001434                CNN_FIFO_IRQHandler
                0x10001436                CNN_IRQHandler
                0x10001438                RSV102_IRQHandler
                0x1000143a                LPCMP_IRQHandler
 .text._sbrk    0x10001464       0x40 c:/Code/BMI160/build/heap.o
                0x10001464                _sbrk
 .text.SystemCoreClockUpdate
                0x100014a4       0x74 c:/Code/BMI160/build/system_max78000.o
                0x100014a4                SystemCoreClockUpdate
 .text.PreInit  0x10001518        0x4 c:/Code/BMI160/build/system_max78000.o
                0x10001518                PreInit
 .text.SystemInit
                0x1000151c       0x30 c:/Code/BMI160/build/system_max78000.o
                0x1000151c                SystemInit
 .text.MXC_DelayInit
                0x1000154c       0x84 c:/MaximSDK/Libraries/PeriphDrivers/bin/MAX78000/softfp/libPeriphDriver_softfp.a(mxc_delay.o)
 .text.MXC_DelayAsync
                0x100015d0       0x44 c:/MaximSDK/Libraries/PeriphDrivers/bin/MAX78000/softfp/libPeriphDriver_softfp.a(mxc_delay.o)
                0x100015d0                MXC_DelayAsync
 .text.MXC_DelayAbort
                0x10001614       0x38 c:/MaximSDK/Libraries/PeriphDrivers/bin/MAX78000/softfp/libPeriphDriver_softfp.a(mxc_delay.o)
                0x10001614                MXC_DelayAbort
 .text.MXC_DelayCheck
                0x1000164c       0x64 c:/MaximSDK/Libraries/PeriphDrivers/bin/MAX78000/softfp/libPeriphDriver_softfp.a(mxc_delay.o)
                0x1000164c                MXC_DelayCheck
 .text.MXC_Delay
                0x100016b0       0x58 c:/MaximSDK/Libraries/PeriphDrivers/bin/MAX78000/softfp/libPeriphDriver_softfp.a(mxc_delay.o)
                0x100016b0                MXC_Delay
 .text.MXC_SYS_ClockDisable
                0x10001708       0x48 c:/MaximSDK/Libraries/PeriphDrivers/bin/MAX78000/softfp/libPeriphDriver_softfp.a(sys_ai85.o)
                0x10001708                MXC_SYS_ClockDisable
 .text.MXC_SYS_ClockEnable
                0x10001750       0x50 c:/MaximSDK/Libraries/PeriphDrivers/bin/MAX78000/softfp/libPeriphDriver_softfp.a(sys_ai85.o)
                0x10001750                MXC_SYS_ClockEnable
 .text.MXC_SYS_Clock_Timeout
                0x100017a0       0x30 c:/MaximSDK/Libraries/PeriphDrivers/bin/MAX78000/softfp/libPeriphDriver_softfp.a(sys_ai85.o)
                0x100017a0                MXC_SYS_Clock_Timeout
 .text.MXC_SYS_ClockSourceEnable
                0x100017d0       0x80 c:/MaximSDK/Libraries/PeriphDrivers/bin/MAX78000/softfp/libPeriphDriver_softfp.a(sys_ai85.o)
                0x100017d0                MXC_SYS_ClockSourceEnable
 .text.MXC_SYS_Reset_Periph
                0x10001850       0x3c c:/MaximSDK/Libraries/PeriphDrivers/bin/MAX78000/softfp/libPeriphDriver_softfp.a(sys_ai85.o)
                0x10001850                MXC_SYS_Reset_Periph
 .text.MXC_GPIO_Init
                0x1000188c       0x30 c:/MaximSDK/Libraries/PeriphDrivers/bin/MAX78000/softfp/libPeriphDriver_softfp.a(gpio_ai85.o)
                0x1000188c                MXC_GPIO_Init
 .text.MXC_GPIO_OutSet
                0x100018bc       0x38 c:/MaximSDK/Libraries/PeriphDrivers/bin/MAX78000/softfp/libPeriphDriver_softfp.a(gpio_ai85.o)
                0x100018bc                MXC_GPIO_OutSet
 .text.MXC_GPIO_Handler
                0x100018f4        0x8 c:/MaximSDK/Libraries/PeriphDrivers/bin/MAX78000/softfp/libPeriphDriver_softfp.a(gpio_ai85.o)
                0x100018f4                MXC_GPIO_Handler
 .text.MXC_GPIO_ClearFlags
                0x100018fc        0x8 c:/MaximSDK/Libraries/PeriphDrivers/bin/MAX78000/softfp/libPeriphDriver_softfp.a(gpio_ai85.o)
                0x100018fc                MXC_GPIO_ClearFlags
 .text.MXC_GPIO_GetFlags
                0x10001904        0x8 c:/MaximSDK/Libraries/PeriphDrivers/bin/MAX78000/softfp/libPeriphDriver_softfp.a(gpio_ai85.o)
                0x10001904                MXC_GPIO_GetFlags
 .text.MXC_GPIO_SetVSSEL
                0x1000190c        0x8 c:/MaximSDK/Libraries/PeriphDrivers/bin/MAX78000/softfp/libPeriphDriver_softfp.a(gpio_ai85.o)
                0x1000190c                MXC_GPIO_SetVSSEL
 .text.MXC_GPIO_Config
                0x10001914      0x1c4 c:/MaximSDK/Libraries/PeriphDrivers/bin/MAX78000/softfp/libPeriphDriver_softfp.a(gpio_ai85.o)
                0x10001914                MXC_GPIO_Config
 .text.MXC_GPIO_RevA_OutSet
                0x10001ad8        0x4 c:/MaximSDK/Libraries/PeriphDrivers/bin/MAX78000/softfp/libPeriphDriver_softfp.a(gpio_reva.o)
                0x10001ad8                MXC_GPIO_RevA_OutSet
 .text.MXC_GPIO_RevA_ClearFlags
                0x10001adc        0x4 c:/MaximSDK/Libraries/PeriphDrivers/bin/MAX78000/softfp/libPeriphDriver_softfp.a(gpio_reva.o)
                0x10001adc                MXC_GPIO_RevA_ClearFlags
 .text.MXC_GPIO_RevA_GetFlags
                0x10001ae0        0x4 c:/MaximSDK/Libraries/PeriphDrivers/bin/MAX78000/softfp/libPeriphDriver_softfp.a(gpio_reva.o)
                0x10001ae0                MXC_GPIO_RevA_GetFlags
 .text.MXC_GPIO_RevA_SetVSSEL
                0x10001ae4       0x2a c:/MaximSDK/Libraries/PeriphDrivers/bin/MAX78000/softfp/libPeriphDriver_softfp.a(gpio_reva.o)
                0x10001ae4                MXC_GPIO_RevA_SetVSSEL
 .text.MXC_GPIO_RevA_SetAF
                0x10001b0e       0x54 c:/MaximSDK/Libraries/PeriphDrivers/bin/MAX78000/softfp/libPeriphDriver_softfp.a(gpio_reva.o)
                0x10001b0e                MXC_GPIO_RevA_SetAF
 .text.MXC_I2C_SetSlaveAddr
                0x10001b62        0x8 c:/MaximSDK/Libraries/PeriphDrivers/bin/MAX78000/softfp/libPeriphDriver_softfp.a(i2c_me17.o)
                0x10001b62                MXC_I2C_SetSlaveAddr
 *fill*         0x10001b6a        0x2 
 .text.MXC_I2C_Shutdown
                0x10001b6c       0x58 c:/MaximSDK/Libraries/PeriphDrivers/bin/MAX78000/softfp/libPeriphDriver_softfp.a(i2c_me17.o)
                0x10001b6c                MXC_I2C_Shutdown
 .text.MXC_I2C_Init
                0x10001bc4       0x78 c:/MaximSDK/Libraries/PeriphDrivers/bin/MAX78000/softfp/libPeriphDriver_softfp.a(i2c_me17.o)
                0x10001bc4                MXC_I2C_Init
 .text.MXC_I2C_SetFrequency
                0x10001c3c       0x18 c:/MaximSDK/Libraries/PeriphDrivers/bin/MAX78000/softfp/libPeriphDriver_softfp.a(i2c_me17.o)
                0x10001c3c                MXC_I2C_SetFrequency
 .text.MXC_I2C_GetFrequency
                0x10001c54        0x8 c:/MaximSDK/Libraries/PeriphDrivers/bin/MAX78000/softfp/libPeriphDriver_softfp.a(i2c_me17.o)
                0x10001c54                MXC_I2C_GetFrequency
 .text.MXC_I2C_Start
                0x10001c5c        0x8 c:/MaximSDK/Libraries/PeriphDrivers/bin/MAX78000/softfp/libPeriphDriver_softfp.a(i2c_me17.o)
                0x10001c5c                MXC_I2C_Start
 .text.MXC_I2C_Stop
                0x10001c64        0x8 c:/MaximSDK/Libraries/PeriphDrivers/bin/MAX78000/softfp/libPeriphDriver_softfp.a(i2c_me17.o)
                0x10001c64                MXC_I2C_Stop
 .text.MXC_I2C_ReadRXFIFO
                0x10001c6c        0x8 c:/MaximSDK/Libraries/PeriphDrivers/bin/MAX78000/softfp/libPeriphDriver_softfp.a(i2c_me17.o)
                0x10001c6c                MXC_I2C_ReadRXFIFO
 .text.MXC_I2C_WriteTXFIFO
                0x10001c74        0x8 c:/MaximSDK/Libraries/PeriphDrivers/bin/MAX78000/softfp/libPeriphDriver_softfp.a(i2c_me17.o)
                0x10001c74                MXC_I2C_WriteTXFIFO
 .text.MXC_I2C_ClearRXFIFO
                0x10001c7c        0x8 c:/MaximSDK/Libraries/PeriphDrivers/bin/MAX78000/softfp/libPeriphDriver_softfp.a(i2c_me17.o)
                0x10001c7c                MXC_I2C_ClearRXFIFO
 .text.MXC_I2C_ClearTXFIFO
                0x10001c84        0x8 c:/MaximSDK/Libraries/PeriphDrivers/bin/MAX78000/softfp/libPeriphDriver_softfp.a(i2c_me17.o)
                0x10001c84                MXC_I2C_ClearTXFIFO
 .text.MXC_I2C_ClearFlags
                0x10001c8c        0x8 c:/MaximSDK/Libraries/PeriphDrivers/bin/MAX78000/softfp/libPeriphDriver_softfp.a(i2c_me17.o)
                0x10001c8c                MXC_I2C_ClearFlags
 .text.MXC_I2C_Recover
                0x10001c94        0x8 c:/MaximSDK/Libraries/PeriphDrivers/bin/MAX78000/softfp/libPeriphDriver_softfp.a(i2c_me17.o)
                0x10001c94                MXC_I2C_Recover
 .text.MXC_I2C_MasterTransaction
                0x10001c9c        0x8 c:/MaximSDK/Libraries/PeriphDrivers/bin/MAX78000/softfp/libPeriphDriver_softfp.a(i2c_me17.o)
                0x10001c9c                MXC_I2C_MasterTransaction
 .text.MXC_I2C_SetRXThreshold
                0x10001ca4        0x8 c:/MaximSDK/Libraries/PeriphDrivers/bin/MAX78000/softfp/libPeriphDriver_softfp.a(i2c_me17.o)
                0x10001ca4                MXC_I2C_SetRXThreshold
 .text.MXC_I2C_SetTXThreshold
                0x10001cac        0x8 c:/MaximSDK/Libraries/PeriphDrivers/bin/MAX78000/softfp/libPeriphDriver_softfp.a(i2c_me17.o)
                0x10001cac                MXC_I2C_SetTXThreshold
 .text.MXC_I2C_RevA_Init
                0x10001cb4       0xd0 c:/MaximSDK/Libraries/PeriphDrivers/bin/MAX78000/softfp/libPeriphDriver_softfp.a(i2c_reva.o)
                0x10001cb4                MXC_I2C_RevA_Init
 .text.MXC_I2C_RevA_SetSlaveAddr
                0x10001d84       0x36 c:/MaximSDK/Libraries/PeriphDrivers/bin/MAX78000/softfp/libPeriphDriver_softfp.a(i2c_reva.o)
                0x10001d84                MXC_I2C_RevA_SetSlaveAddr
 *fill*         0x10001dba        0x2 
 .text.MXC_I2C_RevA_SetFrequency
                0x10001dbc       0x88 c:/MaximSDK/Libraries/PeriphDrivers/bin/MAX78000/softfp/libPeriphDriver_softfp.a(i2c_reva.o)
                0x10001dbc                MXC_I2C_RevA_SetFrequency
 .text.MXC_I2C_RevA_GetFrequency
                0x10001e44       0x20 c:/MaximSDK/Libraries/PeriphDrivers/bin/MAX78000/softfp/libPeriphDriver_softfp.a(i2c_reva.o)
                0x10001e44                MXC_I2C_RevA_GetFrequency
 .text.MXC_I2C_RevA_Start
                0x10001e64       0x28 c:/MaximSDK/Libraries/PeriphDrivers/bin/MAX78000/softfp/libPeriphDriver_softfp.a(i2c_reva.o)
                0x10001e64                MXC_I2C_RevA_Start
 .text.MXC_I2C_RevA_Stop
                0x10001e8c       0x1e c:/MaximSDK/Libraries/PeriphDrivers/bin/MAX78000/softfp/libPeriphDriver_softfp.a(i2c_reva.o)
                0x10001e8c                MXC_I2C_RevA_Stop
 .text.MXC_I2C_RevA_ReadRXFIFO
                0x10001eaa       0x30 c:/MaximSDK/Libraries/PeriphDrivers/bin/MAX78000/softfp/libPeriphDriver_softfp.a(i2c_reva.o)
                0x10001eaa                MXC_I2C_RevA_ReadRXFIFO
 .text.MXC_I2C_RevA_WriteTXFIFO
                0x10001eda       0x30 c:/MaximSDK/Libraries/PeriphDrivers/bin/MAX78000/softfp/libPeriphDriver_softfp.a(i2c_reva.o)
                0x10001eda                MXC_I2C_RevA_WriteTXFIFO
 .text.MXC_I2C_RevA_ClearRXFIFO
                0x10001f0a       0x12 c:/MaximSDK/Libraries/PeriphDrivers/bin/MAX78000/softfp/libPeriphDriver_softfp.a(i2c_reva.o)
                0x10001f0a                MXC_I2C_RevA_ClearRXFIFO
 .text.MXC_I2C_RevA_ClearTXFIFO
                0x10001f1c       0x12 c:/MaximSDK/Libraries/PeriphDrivers/bin/MAX78000/softfp/libPeriphDriver_softfp.a(i2c_reva.o)
                0x10001f1c                MXC_I2C_RevA_ClearTXFIFO
 .text.MXC_I2C_RevA_ClearFlags
                0x10001f2e        0x6 c:/MaximSDK/Libraries/PeriphDrivers/bin/MAX78000/softfp/libPeriphDriver_softfp.a(i2c_reva.o)
                0x10001f2e                MXC_I2C_RevA_ClearFlags
 .text.MXC_I2C_RevA_Recover
                0x10001f34       0xd8 c:/MaximSDK/Libraries/PeriphDrivers/bin/MAX78000/softfp/libPeriphDriver_softfp.a(i2c_reva.o)
                0x10001f34                MXC_I2C_RevA_Recover
 .text.MXC_I2C_RevA_MasterTransaction
                0x1000200c      0x198 c:/MaximSDK/Libraries/PeriphDrivers/bin/MAX78000/softfp/libPeriphDriver_softfp.a(i2c_reva.o)
                0x1000200c                MXC_I2C_RevA_MasterTransaction
 .text.MXC_I2C_RevA_SetRXThreshold
                0x100021a4       0x1e c:/MaximSDK/Libraries/PeriphDrivers/bin/MAX78000/softfp/libPeriphDriver_softfp.a(i2c_reva.o)
                0x100021a4                MXC_I2C_RevA_SetRXThreshold
 .text.MXC_I2C_RevA_SetTXThreshold
                0x100021c2       0x20 c:/MaximSDK/Libraries/PeriphDrivers/bin/MAX78000/softfp/libPeriphDriver_softfp.a(i2c_reva.o)
                0x100021c2                MXC_I2C_RevA_SetTXThreshold
 *fill*         0x100021e2        0x2 
 .text.MXC_UART_Shutdown
                0x100021e4       0x70 c:/MaximSDK/Libraries/PeriphDrivers/bin/MAX78000/softfp/libPeriphDriver_softfp.a(uart_ai85.o)
                0x100021e4                MXC_UART_Shutdown
 .text.MXC_UART_Init
                0x10002254       0xa4 c:/MaximSDK/Libraries/PeriphDrivers/bin/MAX78000/softfp/libPeriphDriver_softfp.a(uart_ai85.o)
                0x10002254                MXC_UART_Init
 .text.MXC_UART_GetFrequency
                0x100022f8       0x8c c:/MaximSDK/Libraries/PeriphDrivers/bin/MAX78000/softfp/libPeriphDriver_softfp.a(uart_ai85.o)
                0x100022f8                MXC_UART_GetFrequency
 .text.MXC_UART_SetFrequency
                0x10002384       0xcc c:/MaximSDK/Libraries/PeriphDrivers/bin/MAX78000/softfp/libPeriphDriver_softfp.a(uart_ai85.o)
                0x10002384                MXC_UART_SetFrequency
 .text.MXC_UART_SetDataSize
                0x10002450        0x8 c:/MaximSDK/Libraries/PeriphDrivers/bin/MAX78000/softfp/libPeriphDriver_softfp.a(uart_ai85.o)
                0x10002450                MXC_UART_SetDataSize
 .text.MXC_UART_SetStopBits
                0x10002458        0x8 c:/MaximSDK/Libraries/PeriphDrivers/bin/MAX78000/softfp/libPeriphDriver_softfp.a(uart_ai85.o)
                0x10002458                MXC_UART_SetStopBits
 .text.MXC_UART_SetParity
                0x10002460        0x8 c:/MaximSDK/Libraries/PeriphDrivers/bin/MAX78000/softfp/libPeriphDriver_softfp.a(uart_ai85.o)
                0x10002460                MXC_UART_SetParity
 .text.MXC_UART_ReadCharacterRaw
                0x10002468        0x8 c:/MaximSDK/Libraries/PeriphDrivers/bin/MAX78000/softfp/libPeriphDriver_softfp.a(uart_ai85.o)
                0x10002468                MXC_UART_ReadCharacterRaw
 .text.MXC_UART_WriteCharacterRaw
                0x10002470        0x8 c:/MaximSDK/Libraries/PeriphDrivers/bin/MAX78000/softfp/libPeriphDriver_softfp.a(uart_ai85.o)
                0x10002470                MXC_UART_WriteCharacterRaw
 .text.MXC_UART_ReadCharacter
                0x10002478        0x8 c:/MaximSDK/Libraries/PeriphDrivers/bin/MAX78000/softfp/libPeriphDriver_softfp.a(uart_ai85.o)
                0x10002478                MXC_UART_ReadCharacter
 .text.MXC_UART_WriteCharacter
                0x10002480        0x8 c:/MaximSDK/Libraries/PeriphDrivers/bin/MAX78000/softfp/libPeriphDriver_softfp.a(uart_ai85.o)
                0x10002480                MXC_UART_WriteCharacter
 .text.MXC_UART_GetRXFIFOAvailable
                0x10002488        0x8 c:/MaximSDK/Libraries/PeriphDrivers/bin/MAX78000/softfp/libPeriphDriver_softfp.a(uart_ai85.o)
                0x10002488                MXC_UART_GetRXFIFOAvailable
 .text.MXC_UART_GetTXFIFOAvailable
                0x10002490        0x8 c:/MaximSDK/Libraries/PeriphDrivers/bin/MAX78000/softfp/libPeriphDriver_softfp.a(uart_ai85.o)
                0x10002490                MXC_UART_GetTXFIFOAvailable
 .text.MXC_UART_SetRXThreshold
                0x10002498        0x8 c:/MaximSDK/Libraries/PeriphDrivers/bin/MAX78000/softfp/libPeriphDriver_softfp.a(uart_ai85.o)
                0x10002498                MXC_UART_SetRXThreshold
 .text.MXC_UART_Common_ReadCharacter
                0x100024a0       0x16 c:/MaximSDK/Libraries/PeriphDrivers/bin/MAX78000/softfp/libPeriphDriver_softfp.a(uart_common.o)
                0x100024a0                MXC_UART_Common_ReadCharacter
 .text.MXC_UART_Common_WriteCharacter
                0x100024b6       0x1a c:/MaximSDK/Libraries/PeriphDrivers/bin/MAX78000/softfp/libPeriphDriver_softfp.a(uart_common.o)
                0x100024b6                MXC_UART_Common_WriteCharacter
 .text.MXC_UART_RevB_Init
                0x100024d0       0x7c c:/MaximSDK/Libraries/PeriphDrivers/bin/MAX78000/softfp/libPeriphDriver_softfp.a(uart_revb.o)
                0x100024d0                MXC_UART_RevB_Init
 .text.MXC_UART_RevB_SetFrequency
                0x1000254c       0xa4 c:/MaximSDK/Libraries/PeriphDrivers/bin/MAX78000/softfp/libPeriphDriver_softfp.a(uart_revb.o)
                0x1000254c                MXC_UART_RevB_SetFrequency
 .text.MXC_UART_RevB_GetFrequency
                0x100025f0       0x80 c:/MaximSDK/Libraries/PeriphDrivers/bin/MAX78000/softfp/libPeriphDriver_softfp.a(uart_revb.o)
                0x100025f0                MXC_UART_RevB_GetFrequency
 .text.MXC_UART_RevB_SetDataSize
                0x10002670       0x48 c:/MaximSDK/Libraries/PeriphDrivers/bin/MAX78000/softfp/libPeriphDriver_softfp.a(uart_revb.o)
                0x10002670                MXC_UART_RevB_SetDataSize
 .text.MXC_UART_RevB_SetStopBits
                0x100026b8       0x4c c:/MaximSDK/Libraries/PeriphDrivers/bin/MAX78000/softfp/libPeriphDriver_softfp.a(uart_revb.o)
                0x100026b8                MXC_UART_RevB_SetStopBits
 .text.MXC_UART_RevB_SetParity
                0x10002704       0xb8 c:/MaximSDK/Libraries/PeriphDrivers/bin/MAX78000/softfp/libPeriphDriver_softfp.a(uart_revb.o)
                0x10002704                MXC_UART_RevB_SetParity
 .text.MXC_UART_RevB_ReadCharacterRaw
                0x100027bc       0x3c c:/MaximSDK/Libraries/PeriphDrivers/bin/MAX78000/softfp/libPeriphDriver_softfp.a(uart_revb.o)
                0x100027bc                MXC_UART_RevB_ReadCharacterRaw
 .text.MXC_UART_RevB_WriteCharacterRaw
                0x100027f8       0x3c c:/MaximSDK/Libraries/PeriphDrivers/bin/MAX78000/softfp/libPeriphDriver_softfp.a(uart_revb.o)
                0x100027f8                MXC_UART_RevB_WriteCharacterRaw
 .text.MXC_UART_RevB_GetRXFIFOAvailable
                0x10002834        0x8 c:/MaximSDK/Libraries/PeriphDrivers/bin/MAX78000/softfp/libPeriphDriver_softfp.a(uart_revb.o)
                0x10002834                MXC_UART_RevB_GetRXFIFOAvailable
 .text.MXC_UART_RevB_GetTXFIFOAvailable
                0x1000283c        0xc c:/MaximSDK/Libraries/PeriphDrivers/bin/MAX78000/softfp/libPeriphDriver_softfp.a(uart_revb.o)
                0x1000283c                MXC_UART_RevB_GetTXFIFOAvailable
 .text.MXC_UART_RevB_SetRXThreshold
                0x10002848       0x48 c:/MaximSDK/Libraries/PeriphDrivers/bin/MAX78000/softfp/libPeriphDriver_softfp.a(uart_revb.o)
                0x10002848                MXC_UART_RevB_SetRXThreshold
 .text.MXC_GPIO_Common_Init
                0x10002890       0x44 c:/MaximSDK/Libraries/PeriphDrivers/bin/MAX78000/softfp/libPeriphDriver_softfp.a(gpio_common.o)
                0x10002890                MXC_GPIO_Common_Init
 .text.MXC_GPIO_Common_Handler
                0x100028d4       0x90 c:/MaximSDK/Libraries/PeriphDrivers/bin/MAX78000/softfp/libPeriphDriver_softfp.a(gpio_common.o)
                0x100028d4                MXC_GPIO_Common_Handler
 .text.__errno  0x10002964        0xc c:/maximsdk/tools/gnutools/bin/../lib/gcc/arm-none-eabi/9.2.1/../../../../arm-none-eabi/lib/thumb/v7e-m+fp/softfp\libc.a(lib_a-errno.o)
                0x10002964                __errno
 .text.exit     0x10002970       0x20 c:/maximsdk/tools/gnutools/bin/../lib/gcc/arm-none-eabi/9.2.1/../../../../arm-none-eabi/lib/thumb/v7e-m+fp/softfp\libc.a(lib_a-exit.o)
                0x10002970                exit
 .text.__libc_init_array
                0x10002990       0x48 c:/maximsdk/tools/gnutools/bin/../lib/gcc/arm-none-eabi/9.2.1/../../../../arm-none-eabi/lib/thumb/v7e-m+fp/softfp\libc.a(lib_a-init.o)
                0x10002990                __libc_init_array
 .text.malloc   0x100029d8       0x10 c:/maximsdk/tools/gnutools/bin/../lib/gcc/arm-none-eabi/9.2.1/../../../../arm-none-eabi/lib/thumb/v7e-m+fp/softfp\libc.a(lib_a-malloc.o)
                0x100029d8                malloc
 .text._malloc_r
                0x100029e8      0x574 c:/maximsdk/tools/gnutools/bin/../lib/gcc/arm-none-eabi/9.2.1/../../../../arm-none-eabi/lib/thumb/v7e-m+fp/softfp\libc.a(lib_a-mallocr.o)
                0x100029e8                _malloc_r
 .text          0x10002f5c      0x134 c:/maximsdk/tools/gnutools/bin/../lib/gcc/arm-none-eabi/9.2.1/../../../../arm-none-eabi/lib/thumb/v7e-m+fp/softfp\libc.a(lib_a-memcpy.o)
                0x10002f5c                memcpy
 .text.memset   0x10003090       0xa0 c:/maximsdk/tools/gnutools/bin/../lib/gcc/arm-none-eabi/9.2.1/../../../../arm-none-eabi/lib/thumb/v7e-m+fp/softfp\libc.a(lib_a-memset.o)
                0x10003090                memset
 .text.__malloc_lock
                0x10003130        0xc c:/maximsdk/tools/gnutools/bin/../lib/gcc/arm-none-eabi/9.2.1/../../../../arm-none-eabi/lib/thumb/v7e-m+fp/softfp\libc.a(lib_a-mlock.o)
                0x10003130                __malloc_lock
 .text.__malloc_unlock
                0x1000313c        0xc c:/maximsdk/tools/gnutools/bin/../lib/gcc/arm-none-eabi/9.2.1/../../../../arm-none-eabi/lib/thumb/v7e-m+fp/softfp\libc.a(lib_a-mlock.o)
                0x1000313c                __malloc_unlock
 .text.printf   0x10003148       0x28 c:/maximsdk/tools/gnutools/bin/../lib/gcc/arm-none-eabi/9.2.1/../../../../arm-none-eabi/lib/thumb/v7e-m+fp/softfp\libc.a(lib_a-printf.o)
                0x10003148                printf
 .text._puts_r  0x10003170       0x9c c:/maximsdk/tools/gnutools/bin/../lib/gcc/arm-none-eabi/9.2.1/../../../../arm-none-eabi/lib/thumb/v7e-m+fp/softfp\libc.a(lib_a-puts.o)
                0x10003170                _puts_r
 .text.puts     0x1000320c       0x10 c:/maximsdk/tools/gnutools/bin/../lib/gcc/arm-none-eabi/9.2.1/../../../../arm-none-eabi/lib/thumb/v7e-m+fp/softfp\libc.a(lib_a-puts.o)
                0x1000320c                puts
 .text._sbrk_r  0x1000321c       0x24 c:/maximsdk/tools/gnutools/bin/../lib/gcc/arm-none-eabi/9.2.1/../../../../arm-none-eabi/lib/thumb/v7e-m+fp/softfp\libc.a(lib_a-sbrkr.o)
                0x1000321c                _sbrk_r
 .text          0x10003240       0xdc c:/maximsdk/tools/gnutools/bin/../lib/gcc/arm-none-eabi/9.2.1/../../../../arm-none-eabi/lib/thumb/v7e-m+fp/softfp\libc.a(lib_a-strlen.o)
                0x10003240                strlen
 *fill*         0x1000331c        0x4 
 .text._vfprintf_r
                0x10003320     0x1bdc c:/maximsdk/tools/gnutools/bin/../lib/gcc/arm-none-eabi/9.2.1/../../../../arm-none-eabi/lib/thumb/v7e-m+fp/softfp\libc.a(lib_a-vfprintf.o)
                0x10003320                _vfprintf_r
 .text.__sbprintf
                0x10004efc       0x84 c:/maximsdk/tools/gnutools/bin/../lib/gcc/arm-none-eabi/9.2.1/../../../../arm-none-eabi/lib/thumb/v7e-m+fp/softfp\libc.a(lib_a-vfprintf.o)
 .text.__swsetup_r
                0x10004f80       0xd0 c:/maximsdk/tools/gnutools/bin/../lib/gcc/arm-none-eabi/9.2.1/../../../../arm-none-eabi/lib/thumb/v7e-m+fp/softfp\libc.a(lib_a-wsetup.o)
                0x10004f80                __swsetup_r
 .text.startup.register_fini
                0x10005050       0x14 c:/maximsdk/tools/gnutools/bin/../lib/gcc/arm-none-eabi/9.2.1/../../../../arm-none-eabi/lib/thumb/v7e-m+fp/softfp\libc.a(lib_a-__call_atexit.o)
 .text.__call_exitprocs
                0x10005064       0xcc c:/maximsdk/tools/gnutools/bin/../lib/gcc/arm-none-eabi/9.2.1/../../../../arm-none-eabi/lib/thumb/v7e-m+fp/softfp\libc.a(lib_a-__call_atexit.o)
                0x10005064                __call_exitprocs
 .text.atexit   0x10005130        0xc c:/maximsdk/tools/gnutools/bin/../lib/gcc/arm-none-eabi/9.2.1/../../../../arm-none-eabi/lib/thumb/v7e-m+fp/softfp\libc.a(lib_a-atexit.o)
                0x10005130                atexit
 .text.quorem   0x1000513c      0x11c c:/maximsdk/tools/gnutools/bin/../lib/gcc/arm-none-eabi/9.2.1/../../../../arm-none-eabi/lib/thumb/v7e-m+fp/softfp\libc.a(lib_a-dtoa.o)
 .text._dtoa_r  0x10005258      0xeec c:/maximsdk/tools/gnutools/bin/../lib/gcc/arm-none-eabi/9.2.1/../../../../arm-none-eabi/lib/thumb/v7e-m+fp/softfp\libc.a(lib_a-dtoa.o)
                0x10005258                _dtoa_r
 .text.__sflush_r
                0x10006144      0x130 c:/maximsdk/tools/gnutools/bin/../lib/gcc/arm-none-eabi/9.2.1/../../../../arm-none-eabi/lib/thumb/v7e-m+fp/softfp\libc.a(lib_a-fflush.o)
                0x10006144                __sflush_r
 .text._fflush_r
                0x10006274       0x5c c:/maximsdk/tools/gnutools/bin/../lib/gcc/arm-none-eabi/9.2.1/../../../../arm-none-eabi/lib/thumb/v7e-m+fp/softfp\libc.a(lib_a-fflush.o)
                0x10006274                _fflush_r
 .text.std      0x100062d0       0x50 c:/maximsdk/tools/gnutools/bin/../lib/gcc/arm-none-eabi/9.2.1/../../../../arm-none-eabi/lib/thumb/v7e-m+fp/softfp\libc.a(lib_a-findfp.o)
 .text._cleanup_r
                0x10006320        0xc c:/maximsdk/tools/gnutools/bin/../lib/gcc/arm-none-eabi/9.2.1/../../../../arm-none-eabi/lib/thumb/v7e-m+fp/softfp\libc.a(lib_a-findfp.o)
                0x10006320                _cleanup_r
 .text.__sinit  0x1000632c       0x54 c:/maximsdk/tools/gnutools/bin/../lib/gcc/arm-none-eabi/9.2.1/../../../../arm-none-eabi/lib/thumb/v7e-m+fp/softfp\libc.a(lib_a-findfp.o)
                0x1000632c                __sinit
 .text.__sfp_lock_acquire
                0x10006380        0xc c:/maximsdk/tools/gnutools/bin/../lib/gcc/arm-none-eabi/9.2.1/../../../../arm-none-eabi/lib/thumb/v7e-m+fp/softfp\libc.a(lib_a-findfp.o)
                0x10006380                __sfp_lock_acquire
 .text.__sfp_lock_release
                0x1000638c        0xc c:/maximsdk/tools/gnutools/bin/../lib/gcc/arm-none-eabi/9.2.1/../../../../arm-none-eabi/lib/thumb/v7e-m+fp/softfp\libc.a(lib_a-findfp.o)
                0x1000638c                __sfp_lock_release
 .text.__libc_fini_array
                0x10006398       0x2c c:/maximsdk/tools/gnutools/bin/../lib/gcc/arm-none-eabi/9.2.1/../../../../arm-none-eabi/lib/thumb/v7e-m+fp/softfp\libc.a(lib_a-fini.o)
                0x10006398                __libc_fini_array
 .text._malloc_trim_r
                0x100063c4       0xa0 c:/maximsdk/tools/gnutools/bin/../lib/gcc/arm-none-eabi/9.2.1/../../../../arm-none-eabi/lib/thumb/v7e-m+fp/softfp\libc.a(lib_a-freer.o)
                0x100063c4                _malloc_trim_r
 .text._free_r  0x10006464      0x208 c:/maximsdk/tools/gnutools/bin/../lib/gcc/arm-none-eabi/9.2.1/../../../../arm-none-eabi/lib/thumb/v7e-m+fp/softfp\libc.a(lib_a-freer.o)
                0x10006464                _free_r
 .text.__sfvwrite_r
                0x1000666c      0x2e0 c:/maximsdk/tools/gnutools/bin/../lib/gcc/arm-none-eabi/9.2.1/../../../../arm-none-eabi/lib/thumb/v7e-m+fp/softfp\libc.a(lib_a-fvwrite.o)
                0x1000666c                __sfvwrite_r
 .text._fwalk_reent
                0x1000694c       0x48 c:/maximsdk/tools/gnutools/bin/../lib/gcc/arm-none-eabi/9.2.1/../../../../arm-none-eabi/lib/thumb/v7e-m+fp/softfp\libc.a(lib_a-fwalk.o)
                0x1000694c                _fwalk_reent
 .text._localeconv_r
                0x10006994        0x8 c:/maximsdk/tools/gnutools/bin/../lib/gcc/arm-none-eabi/9.2.1/../../../../arm-none-eabi/lib/thumb/v7e-m+fp/softfp\libc.a(lib_a-localeconv.o)
                0x10006994                _localeconv_r
 .text.__retarget_lock_init_recursive
                0x1000699c        0x4 c:/maximsdk/tools/gnutools/bin/../lib/gcc/arm-none-eabi/9.2.1/../../../../arm-none-eabi/lib/thumb/v7e-m+fp/softfp\libc.a(lib_a-lock.o)
                0x1000699c                __retarget_lock_init_recursive
 .text.__retarget_lock_close_recursive
                0x100069a0        0x4 c:/maximsdk/tools/gnutools/bin/../lib/gcc/arm-none-eabi/9.2.1/../../../../arm-none-eabi/lib/thumb/v7e-m+fp/softfp\libc.a(lib_a-lock.o)
                0x100069a0                __retarget_lock_close_recursive
 .text.__retarget_lock_acquire_recursive
                0x100069a4        0x4 c:/maximsdk/tools/gnutools/bin/../lib/gcc/arm-none-eabi/9.2.1/../../../../arm-none-eabi/lib/thumb/v7e-m+fp/softfp\libc.a(lib_a-lock.o)
                0x100069a4                __retarget_lock_acquire_recursive
 .text.__retarget_lock_release_recursive
                0x100069a8        0x4 c:/maximsdk/tools/gnutools/bin/../lib/gcc/arm-none-eabi/9.2.1/../../../../arm-none-eabi/lib/thumb/v7e-m+fp/softfp\libc.a(lib_a-lock.o)
                0x100069a8                __retarget_lock_release_recursive
 .text.__swhatbuf_r
                0x100069ac       0x5c c:/maximsdk/tools/gnutools/bin/../lib/gcc/arm-none-eabi/9.2.1/../../../../arm-none-eabi/lib/thumb/v7e-m+fp/softfp\libc.a(lib_a-makebuf.o)
                0x100069ac                __swhatbuf_r
 .text.__smakebuf_r
                0x10006a08       0x98 c:/maximsdk/tools/gnutools/bin/../lib/gcc/arm-none-eabi/9.2.1/../../../../arm-none-eabi/lib/thumb/v7e-m+fp/softfp\libc.a(lib_a-makebuf.o)
                0x10006a08                __smakebuf_r
 .text          0x10006aa0       0xa0 c:/maximsdk/tools/gnutools/bin/../lib/gcc/arm-none-eabi/9.2.1/../../../../arm-none-eabi/lib/thumb/v7e-m+fp/softfp\libc.a(lib_a-memchr.o)
                0x10006aa0                memchr
 .text.memmove  0x10006b40       0xd8 c:/maximsdk/tools/gnutools/bin/../lib/gcc/arm-none-eabi/9.2.1/../../../../arm-none-eabi/lib/thumb/v7e-m+fp/softfp\libc.a(lib_a-memmove.o)
                0x10006b40                memmove
 .text._Balloc  0x10006c18       0x4c c:/maximsdk/tools/gnutools/bin/../lib/gcc/arm-none-eabi/9.2.1/../../../../arm-none-eabi/lib/thumb/v7e-m+fp/softfp\libc.a(lib_a-mprec.o)
                0x10006c18                _Balloc
 .text._Bfree   0x10006c64       0x14 c:/maximsdk/tools/gnutools/bin/../lib/gcc/arm-none-eabi/9.2.1/../../../../arm-none-eabi/lib/thumb/v7e-m+fp/softfp\libc.a(lib_a-mprec.o)
                0x10006c64                _Bfree
 .text.__multadd
                0x10006c78       0x8c c:/maximsdk/tools/gnutools/bin/../lib/gcc/arm-none-eabi/9.2.1/../../../../arm-none-eabi/lib/thumb/v7e-m+fp/softfp\libc.a(lib_a-mprec.o)
                0x10006c78                __multadd
 .text.__hi0bits
                0x10006d04       0x40 c:/maximsdk/tools/gnutools/bin/../lib/gcc/arm-none-eabi/9.2.1/../../../../arm-none-eabi/lib/thumb/v7e-m+fp/softfp\libc.a(lib_a-mprec.o)
                0x10006d04                __hi0bits
 .text.__lo0bits
                0x10006d44       0x60 c:/maximsdk/tools/gnutools/bin/../lib/gcc/arm-none-eabi/9.2.1/../../../../arm-none-eabi/lib/thumb/v7e-m+fp/softfp\libc.a(lib_a-mprec.o)
                0x10006d44                __lo0bits
 .text.__i2b    0x10006da4       0x14 c:/maximsdk/tools/gnutools/bin/../lib/gcc/arm-none-eabi/9.2.1/../../../../arm-none-eabi/lib/thumb/v7e-m+fp/softfp\libc.a(lib_a-mprec.o)
                0x10006da4                __i2b
 .text.__multiply
                0x10006db8      0x144 c:/maximsdk/tools/gnutools/bin/../lib/gcc/arm-none-eabi/9.2.1/../../../../arm-none-eabi/lib/thumb/v7e-m+fp/softfp\libc.a(lib_a-mprec.o)
                0x10006db8                __multiply
 .text.__pow5mult
                0x10006efc       0xa0 c:/maximsdk/tools/gnutools/bin/../lib/gcc/arm-none-eabi/9.2.1/../../../../arm-none-eabi/lib/thumb/v7e-m+fp/softfp\libc.a(lib_a-mprec.o)
                0x10006efc                __pow5mult
 .text.__lshift
                0x10006f9c       0xd4 c:/maximsdk/tools/gnutools/bin/../lib/gcc/arm-none-eabi/9.2.1/../../../../arm-none-eabi/lib/thumb/v7e-m+fp/softfp\libc.a(lib_a-mprec.o)
                0x10006f9c                __lshift
 .text.__mcmp   0x10007070       0x3c c:/maximsdk/tools/gnutools/bin/../lib/gcc/arm-none-eabi/9.2.1/../../../../arm-none-eabi/lib/thumb/v7e-m+fp/softfp\libc.a(lib_a-mprec.o)
                0x10007070                __mcmp
 .text.__mdiff  0x100070ac      0x138 c:/maximsdk/tools/gnutools/bin/../lib/gcc/arm-none-eabi/9.2.1/../../../../arm-none-eabi/lib/thumb/v7e-m+fp/softfp\libc.a(lib_a-mprec.o)
                0x100070ac                __mdiff
 .text.__d2b    0x100071e4       0xbc c:/maximsdk/tools/gnutools/bin/../lib/gcc/arm-none-eabi/9.2.1/../../../../arm-none-eabi/lib/thumb/v7e-m+fp/softfp\libc.a(lib_a-mprec.o)
                0x100071e4                __d2b
 .text._realloc_r
                0x100072a0      0x3e0 c:/maximsdk/tools/gnutools/bin/../lib/gcc/arm-none-eabi/9.2.1/../../../../arm-none-eabi/lib/thumb/v7e-m+fp/softfp\libc.a(lib_a-reallocr.o)
                0x100072a0                _realloc_r
 .text.frexp    0x10007680       0x70 c:/maximsdk/tools/gnutools/bin/../lib/gcc/arm-none-eabi/9.2.1/../../../../arm-none-eabi/lib/thumb/v7e-m+fp/softfp\libc.a(lib_a-s_frexp.o)
                0x10007680                frexp
 .text.__sread  0x100076f0       0x24 c:/maximsdk/tools/gnutools/bin/../lib/gcc/arm-none-eabi/9.2.1/../../../../arm-none-eabi/lib/thumb/v7e-m+fp/softfp\libc.a(lib_a-stdio.o)
                0x100076f0                __sread
 .text.__swrite
                0x10007714       0x40 c:/maximsdk/tools/gnutools/bin/../lib/gcc/arm-none-eabi/9.2.1/../../../../arm-none-eabi/lib/thumb/v7e-m+fp/softfp\libc.a(lib_a-stdio.o)
                0x10007714                __swrite
 .text.__sseek  0x10007754       0x20 c:/maximsdk/tools/gnutools/bin/../lib/gcc/arm-none-eabi/9.2.1/../../../../arm-none-eabi/lib/thumb/v7e-m+fp/softfp\libc.a(lib_a-stdio.o)
                0x10007754                __sseek
 .text.__sclose
                0x10007774        0x8 c:/maximsdk/tools/gnutools/bin/../lib/gcc/arm-none-eabi/9.2.1/../../../../arm-none-eabi/lib/thumb/v7e-m+fp/softfp\libc.a(lib_a-stdio.o)
                0x10007774                __sclose
 .text.strncpy  0x1000777c       0x68 c:/maximsdk/tools/gnutools/bin/../lib/gcc/arm-none-eabi/9.2.1/../../../../arm-none-eabi/lib/thumb/v7e-m+fp/softfp\libc.a(lib_a-strncpy.o)
                0x1000777c                strncpy
 .text.__sprint_r.part.0
                0x100077e4       0x78 c:/maximsdk/tools/gnutools/bin/../lib/gcc/arm-none-eabi/9.2.1/../../../../arm-none-eabi/lib/thumb/v7e-m+fp/softfp\libc.a(lib_a-vfiprintf.o)
 .text.__sprint_r
                0x1000785c       0x18 c:/maximsdk/tools/gnutools/bin/../lib/gcc/arm-none-eabi/9.2.1/../../../../arm-none-eabi/lib/thumb/v7e-m+fp/softfp\libc.a(lib_a-vfiprintf.o)
                0x1000785c                __sprint_r
 .text._write_r
                0x10007874       0x2c c:/maximsdk/tools/gnutools/bin/../lib/gcc/arm-none-eabi/9.2.1/../../../../arm-none-eabi/lib/thumb/v7e-m+fp/softfp\libc.a(lib_a-writer.o)
                0x10007874                _write_r
 .text.__register_exitproc
                0x100078a0       0x8c c:/maximsdk/tools/gnutools/bin/../lib/gcc/arm-none-eabi/9.2.1/../../../../arm-none-eabi/lib/thumb/v7e-m+fp/softfp\libc.a(lib_a-__atexit.o)
                0x100078a0                __register_exitproc
 .text._calloc_r
                0x1000792c       0x60 c:/maximsdk/tools/gnutools/bin/../lib/gcc/arm-none-eabi/9.2.1/../../../../arm-none-eabi/lib/thumb/v7e-m+fp/softfp\libc.a(lib_a-callocr.o)
                0x1000792c                _calloc_r
 .text._close_r
                0x1000798c       0x24 c:/maximsdk/tools/gnutools/bin/../lib/gcc/arm-none-eabi/9.2.1/../../../../arm-none-eabi/lib/thumb/v7e-m+fp/softfp\libc.a(lib_a-closer.o)
                0x1000798c                _close_r
 .text._fclose_r
                0x100079b0       0xcc c:/maximsdk/tools/gnutools/bin/../lib/gcc/arm-none-eabi/9.2.1/../../../../arm-none-eabi/lib/thumb/v7e-m+fp/softfp\libc.a(lib_a-fclose.o)
                0x100079b0                _fclose_r
 .text.__fputwc
                0x10007a7c       0xa8 c:/maximsdk/tools/gnutools/bin/../lib/gcc/arm-none-eabi/9.2.1/../../../../arm-none-eabi/lib/thumb/v7e-m+fp/softfp\libc.a(lib_a-fputwc.o)
                0x10007a7c                __fputwc
 .text._fputwc_r
                0x10007b24       0x68 c:/maximsdk/tools/gnutools/bin/../lib/gcc/arm-none-eabi/9.2.1/../../../../arm-none-eabi/lib/thumb/v7e-m+fp/softfp\libc.a(lib_a-fputwc.o)
                0x10007b24                _fputwc_r
 .text._fstat_r
                0x10007b8c       0x2c c:/maximsdk/tools/gnutools/bin/../lib/gcc/arm-none-eabi/9.2.1/../../../../arm-none-eabi/lib/thumb/v7e-m+fp/softfp\libc.a(lib_a-fstatr.o)
                0x10007b8c                _fstat_r
 .text._isatty_r
                0x10007bb8       0x24 c:/maximsdk/tools/gnutools/bin/../lib/gcc/arm-none-eabi/9.2.1/../../../../arm-none-eabi/lib/thumb/v7e-m+fp/softfp\libc.a(lib_a-isattyr.o)
                0x10007bb8                _isatty_r
 .text.__locale_mb_cur_max
                0x10007bdc        0xc c:/maximsdk/tools/gnutools/bin/../lib/gcc/arm-none-eabi/9.2.1/../../../../arm-none-eabi/lib/thumb/v7e-m+fp/softfp\libc.a(lib_a-locale.o)
                0x10007bdc                __locale_mb_cur_max
 .text._lseek_r
                0x10007be8       0x2c c:/maximsdk/tools/gnutools/bin/../lib/gcc/arm-none-eabi/9.2.1/../../../../arm-none-eabi/lib/thumb/v7e-m+fp/softfp\libc.a(lib_a-lseekr.o)
                0x10007be8                _lseek_r
 .text.__ascii_mbtowc
                0x10007c14       0x2c c:/maximsdk/tools/gnutools/bin/../lib/gcc/arm-none-eabi/9.2.1/../../../../arm-none-eabi/lib/thumb/v7e-m+fp/softfp\libc.a(lib_a-mbtowc_r.o)
                0x10007c14                __ascii_mbtowc
 .text._read_r  0x10007c40       0x2c c:/maximsdk/tools/gnutools/bin/../lib/gcc/arm-none-eabi/9.2.1/../../../../arm-none-eabi/lib/thumb/v7e-m+fp/softfp\libc.a(lib_a-readr.o)
                0x10007c40                _read_r
 .text.__swbuf_r
                0x10007c6c       0xb0 c:/maximsdk/tools/gnutools/bin/../lib/gcc/arm-none-eabi/9.2.1/../../../../arm-none-eabi/lib/thumb/v7e-m+fp/softfp\libc.a(lib_a-wbuf.o)
                0x10007c6c                __swbuf_r
 .text._wcrtomb_r
                0x10007d1c       0x3c c:/maximsdk/tools/gnutools/bin/../lib/gcc/arm-none-eabi/9.2.1/../../../../arm-none-eabi/lib/thumb/v7e-m+fp/softfp\libc.a(lib_a-wcrtomb.o)
                0x10007d1c                _wcrtomb_r
 .text.__ascii_wctomb
                0x10007d58       0x1c c:/maximsdk/tools/gnutools/bin/../lib/gcc/arm-none-eabi/9.2.1/../../../../arm-none-eabi/lib/thumb/v7e-m+fp/softfp\libc.a(lib_a-wctomb_r.o)
                0x10007d58                __ascii_wctomb
 .text._exit    0x10007d74        0x4 c:/maximsdk/tools/gnutools/bin/../lib/gcc/arm-none-eabi/9.2.1/../../../../arm-none-eabi/lib/thumb/v7e-m+fp/softfp\libnosys.a(_exit.o)
                0x10007d74                _exit
 .text          0x10007d78      0x378 c:/maximsdk/tools/gnutools/bin/../lib/gcc/arm-none-eabi/9.2.1/thumb/v7e-m+fp/softfp\libgcc.a(_arm_addsubdf3.o)
                0x10007d78                __aeabi_drsub
                0x10007d80                __aeabi_dsub
                0x10007d80                __subdf3
                0x10007d84                __aeabi_dadd
                0x10007d84                __adddf3
                0x10007ffc                __floatunsidf
                0x10007ffc                __aeabi_ui2d
                0x1000801c                __floatsidf
                0x1000801c                __aeabi_i2d
                0x10008040                __aeabi_f2d
                0x10008040                __extendsfdf2
                0x10008084                __floatundidf
                0x10008084                __aeabi_ul2d
                0x10008094                __floatdidf
                0x10008094                __aeabi_l2d
 .text          0x100080f0      0x424 c:/maximsdk/tools/gnutools/bin/../lib/gcc/arm-none-eabi/9.2.1/thumb/v7e-m+fp/softfp\libgcc.a(_arm_muldivdf3.o)
                0x100080f0                __aeabi_dmul
                0x100080f0                __muldf3
                0x10008344                __divdf3
                0x10008344                __aeabi_ddiv
 .text          0x10008514      0x110 c:/maximsdk/tools/gnutools/bin/../lib/gcc/arm-none-eabi/9.2.1/thumb/v7e-m+fp/softfp\libgcc.a(_arm_cmpdf2.o)
                0x10008514                __gtdf2
                0x10008514                __gedf2
                0x1000851c                __ltdf2
                0x1000851c                __ledf2
                0x10008524                __nedf2
                0x10008524                __eqdf2
                0x10008524                __cmpdf2
                0x100085a0                __aeabi_cdrcmple
                0x100085b0                __aeabi_cdcmpeq
                0x100085b0                __aeabi_cdcmple
                0x100085c0                __aeabi_dcmpeq
                0x100085d4                __aeabi_dcmplt
                0x100085e8                __aeabi_dcmple
                0x100085fc                __aeabi_dcmpge
                0x10008610                __aeabi_dcmpgt
 .text          0x10008624       0x2c c:/maximsdk/tools/gnutools/bin/../lib/gcc/arm-none-eabi/9.2.1/thumb/v7e-m+fp/softfp\libgcc.a(_arm_unorddf2.o)
                0x10008624                __unorddf2
                0x10008624                __aeabi_dcmpun
 .text          0x10008650       0x50 c:/maximsdk/tools/gnutools/bin/../lib/gcc/arm-none-eabi/9.2.1/thumb/v7e-m+fp/softfp\libgcc.a(_arm_fixdfsi.o)
                0x10008650                __aeabi_d2iz
                0x10008650                __fixdfsi
 .text          0x100086a0       0x30 c:/maximsdk/tools/gnutools/bin/../lib/gcc/arm-none-eabi/9.2.1/thumb/v7e-m+fp/softfp\libgcc.a(_aeabi_uldivmod.o)
                0x100086a0                __aeabi_uldivmod
 .text          0x100086d0      0x2c4 c:/maximsdk/tools/gnutools/bin/../lib/gcc/arm-none-eabi/9.2.1/thumb/v7e-m+fp/softfp\libgcc.a(_udivmoddi4.o)
                0x100086d0                __udivmoddi4
 .text          0x10008994        0x4 c:/maximsdk/tools/gnutools/bin/../lib/gcc/arm-none-eabi/9.2.1/thumb/v7e-m+fp/softfp\libgcc.a(_dvmd_tls.o)
                0x10008994                __aeabi_idiv0
                0x10008994                __aeabi_ldiv0
 *(.rodata*)
 .rodata.ConfigureSensor_bmi160.str1.4
                0x10008998      0x2c4 c:/Code/BMI160/build/main.o
 .rodata.main.str1.4
                0x10008c5c      0x18c c:/Code/BMI160/build/main.o
 .rodata.i2c_write.str1.4
                0x10008de8       0x78 c:/Code/BMI160/build/bmi160_max78000evkit.o
 .rodata.i2c_read.str1.4
                0x10008e60       0x77 c:/Code/BMI160/build/bmi160_max78000evkit.o
 *fill*         0x10008ed7        0x1 
 .rodata.I2C_init.str1.4
                0x10008ed8       0x22 c:/Code/BMI160/build/bmi160_max78000evkit.o
 *fill*         0x10008efa        0x2 
 .rodata.init_bmi160.str1.4
                0x10008efc       0x17 c:/Code/BMI160/build/bmi160_max78000evkit.o
 *fill*         0x10008f13        0x1 
 .rodata.mxc_assert.str1.4
                0x10008f14       0x19 c:/Code/BMI160/build/board.o
 *fill*         0x10008f2d        0x3 
 .rodata.Board_Init.str1.4
                0x10008f30       0x45 c:/Code/BMI160/build/board.o
 *fill*         0x10008f75        0x3 
 .rodata.led_pin
                0x10008f78       0x18 c:/Code/BMI160/build/board.o
                0x10008f78                led_pin
 .rodata.num_leds
                0x10008f90        0x4 c:/Code/BMI160/build/board.o
                0x10008f90                num_leds
 .rodata.num_pbs
                0x10008f94        0x4 c:/Code/BMI160/build/board.o
                0x10008f94                num_pbs
 .rodata.pb_pin
                0x10008f98       0x18 c:/Code/BMI160/build/board.o
                0x10008f98                pb_pin
 .rodata.LED_On.str1.4
                0x10008fb0       0x4f c:/Code/BMI160/build/led.o
 *fill*         0x10008fff        0x1 
 .rodata.gpio_cfg_i2c0
                0x10009000        0xc c:/MaximSDK/Libraries/PeriphDrivers/bin/MAX78000/softfp/libPeriphDriver_softfp.a(pins_ai85.o)
                0x10009000                gpio_cfg_i2c0
 .rodata.gpio_cfg_i2c1
                0x1000900c        0xc c:/MaximSDK/Libraries/PeriphDrivers/bin/MAX78000/softfp/libPeriphDriver_softfp.a(pins_ai85.o)
                0x1000900c                gpio_cfg_i2c1
 .rodata.gpio_cfg_i2c2
                0x10009018        0xc c:/MaximSDK/Libraries/PeriphDrivers/bin/MAX78000/softfp/libPeriphDriver_softfp.a(pins_ai85.o)
                0x10009018                gpio_cfg_i2c2
 .rodata.gpio_cfg_uart0
                0x10009024        0xc c:/MaximSDK/Libraries/PeriphDrivers/bin/MAX78000/softfp/libPeriphDriver_softfp.a(pins_ai85.o)
                0x10009024                gpio_cfg_uart0
 .rodata.gpio_cfg_uart1
                0x10009030        0xc c:/MaximSDK/Libraries/PeriphDrivers/bin/MAX78000/softfp/libPeriphDriver_softfp.a(pins_ai85.o)
                0x10009030                gpio_cfg_uart1
 .rodata.gpio_cfg_uart2
                0x1000903c        0xc c:/MaximSDK/Libraries/PeriphDrivers/bin/MAX78000/softfp/libPeriphDriver_softfp.a(pins_ai85.o)
                0x1000903c                gpio_cfg_uart2
 .rodata.gpio_cfg_uart3
                0x10009048        0xc c:/MaximSDK/Libraries/PeriphDrivers/bin/MAX78000/softfp/libPeriphDriver_softfp.a(pins_ai85.o)
                0x10009048                gpio_cfg_uart3
 .rodata.MXC_GPIO_Common_Handler.str1.4
                0x10009054       0x66 c:/MaximSDK/Libraries/PeriphDrivers/bin/MAX78000/softfp/libPeriphDriver_softfp.a(gpio_common.o)
 *fill*         0x100090ba        0x2 
 .rodata._global_impure_ptr
                0x100090bc        0x4 c:/maximsdk/tools/gnutools/bin/../lib/gcc/arm-none-eabi/9.2.1/../../../../arm-none-eabi/lib/thumb/v7e-m+fp/softfp\libc.a(lib_a-impure.o)
                0x100090bc                _global_impure_ptr
 .rodata._puts_r.str1.4
                0x100090c0       0x66 c:/maximsdk/tools/gnutools/bin/../lib/gcc/arm-none-eabi/9.2.1/../../../../arm-none-eabi/lib/thumb/v7e-m+fp/softfp\libc.a(lib_a-puts.o)
                                  0x2 (size before relaxing)
 .rodata._vfprintf_r.str1.4
                0x100090c0       0x42 c:/maximsdk/tools/gnutools/bin/../lib/gcc/arm-none-eabi/9.2.1/../../../../arm-none-eabi/lib/thumb/v7e-m+fp/softfp\libc.a(lib_a-vfprintf.o)
 *fill*         0x10009102        0x2 
 .rodata.blanks.8723
                0x10009104       0x10 c:/maximsdk/tools/gnutools/bin/../lib/gcc/arm-none-eabi/9.2.1/../../../../arm-none-eabi/lib/thumb/v7e-m+fp/softfp\libc.a(lib_a-vfprintf.o)
 .rodata.zeroes.8724
                0x10009114       0x10 c:/maximsdk/tools/gnutools/bin/../lib/gcc/arm-none-eabi/9.2.1/../../../../arm-none-eabi/lib/thumb/v7e-m+fp/softfp\libc.a(lib_a-vfprintf.o)
 .rodata._dtoa_r.str1.4
                0x10009124        0xd c:/maximsdk/tools/gnutools/bin/../lib/gcc/arm-none-eabi/9.2.1/../../../../arm-none-eabi/lib/thumb/v7e-m+fp/softfp\libc.a(lib_a-dtoa.o)
                                 0x12 (size before relaxing)
 *fill*         0x10009131        0x7 
 .rodata.__mprec_bigtens
                0x10009138       0x28 c:/maximsdk/tools/gnutools/bin/../lib/gcc/arm-none-eabi/9.2.1/../../../../arm-none-eabi/lib/thumb/v7e-m+fp/softfp\libc.a(lib_a-mprec.o)
                0x10009138                __mprec_bigtens
 .rodata.__mprec_tens
                0x10009160       0xc8 c:/maximsdk/tools/gnutools/bin/../lib/gcc/arm-none-eabi/9.2.1/../../../../arm-none-eabi/lib/thumb/v7e-m+fp/softfp\libc.a(lib_a-mprec.o)
                0x10009160                __mprec_tens
 .rodata.p05.7478
                0x10009228        0xc c:/maximsdk/tools/gnutools/bin/../lib/gcc/arm-none-eabi/9.2.1/../../../../arm-none-eabi/lib/thumb/v7e-m+fp/softfp\libc.a(lib_a-mprec.o)
 .rodata._setlocale_r.str1.4
                0x10009234        0xa c:/maximsdk/tools/gnutools/bin/../lib/gcc/arm-none-eabi/9.2.1/../../../../arm-none-eabi/lib/thumb/v7e-m+fp/softfp\libc.a(lib_a-locale.o)
                                  0xd (size before relaxing)
 *fill*         0x1000923e        0x2 
 .rodata.str1.4
                0x10009240        0x2 c:/maximsdk/tools/gnutools/bin/../lib/gcc/arm-none-eabi/9.2.1/../../../../arm-none-eabi/lib/thumb/v7e-m+fp/softfp\libc.a(lib_a-locale.o)
 *fill*         0x10009242        0x2 
 .rodata._ctype_
                0x10009244      0x101 c:/maximsdk/tools/gnutools/bin/../lib/gcc/arm-none-eabi/9.2.1/../../../../arm-none-eabi/lib/thumb/v7e-m+fp/softfp\libc.a(lib_a-ctype_.o)
                0x10009244                _ctype_
 *(.init)
 *fill*         0x10009345        0x3 
 .init          0x10009348        0x4 c:/maximsdk/tools/gnutools/bin/../lib/gcc/arm-none-eabi/9.2.1/thumb/v7e-m+fp/softfp/crti.o
                0x10009348                _init
 .init          0x1000934c        0x8 c:/maximsdk/tools/gnutools/bin/../lib/gcc/arm-none-eabi/9.2.1/thumb/v7e-m+fp/softfp/crtn.o
 *(.fini)
 .fini          0x10009354        0x4 c:/maximsdk/tools/gnutools/bin/../lib/gcc/arm-none-eabi/9.2.1/thumb/v7e-m+fp/softfp/crti.o
                0x10009354                _fini
 .fini          0x10009358        0x8 c:/maximsdk/tools/gnutools/bin/../lib/gcc/arm-none-eabi/9.2.1/thumb/v7e-m+fp/softfp/crtn.o
 *(.eh_frame*)
 .eh_frame      0x10009360        0x0 c:/maximsdk/tools/gnutools/bin/../lib/gcc/arm-none-eabi/9.2.1/thumb/v7e-m+fp/softfp/crtbegin.o
 .eh_frame      0x10009360        0x4 c:/maximsdk/tools/gnutools/bin/../lib/gcc/arm-none-eabi/9.2.1/thumb/v7e-m+fp/softfp/crtend.o
                0x10009364                _etext = .

.glue_7         0x10009364        0x0
 .glue_7        0x10009364        0x0 linker stubs

.glue_7t        0x10009364        0x0
 .glue_7t       0x10009364        0x0 linker stubs

.vfp11_veneer   0x10009364        0x0
 .vfp11_veneer  0x10009364        0x0 linker stubs

.v4_bx          0x10009364        0x0
 .v4_bx         0x10009364        0x0 linker stubs

.iplt           0x10009364        0x0
 .iplt          0x10009364        0x0 c:/maximsdk/tools/gnutools/bin/../lib/gcc/arm-none-eabi/9.2.1/thumb/v7e-m+fp/softfp/crtbegin.o

.bin_storage    0x10009364        0x0
 FILL mask 0xff
                0x10009364                _bin_start_ = .
 *(.bin_storage_img)
                0x10009364                _bin_end_ = .
                0x10009364                . = ALIGN (0x4)

.rom_code       0x00000000        0x0
                0x00000000                . = ALIGN (0x10)
                0x20000000                _sran_code = .
 *(.rom_code_section)
                0x20000000                _esran_code = .

.flash_code     0x10009364        0xc
                0x10009370                . = ALIGN (0x10)
 *fill*         0x10009364        0xc 
                0x20000000                _sran_code = .
 *(.flash_code_section)
                0x20000000                _esran_code = .

.sram_code      0x20000000        0x0
                0x20000000                . = ALIGN (0x10)
                0x20000000                _sran_code = .
 *(.sram_code_section)
                0x20000000                _esran_code = .

.ARM.exidx      0x10009370        0x8
                0x10009370                __exidx_start = .
 *(.ARM.exidx*)
 .ARM.exidx     0x10009370        0x8 c:/maximsdk/tools/gnutools/bin/../lib/gcc/arm-none-eabi/9.2.1/thumb/v7e-m+fp/softfp\libgcc.a(_udivmoddi4.o)
                0x10009378                __exidx_end = .

.rel.dyn        0x10009378        0x0
 .rel.iplt      0x10009378        0x0 c:/maximsdk/tools/gnutools/bin/../lib/gcc/arm-none-eabi/9.2.1/thumb/v7e-m+fp/softfp/crtbegin.o

.data           0x20000000      0x9e4 load address 0x10009378
                0x20000000                _data = ALIGN (., 0x4)
 *(.data*)
 .data.reqMaster
                0x20000000       0x20 c:/Code/BMI160/build/bmi160_max78000evkit.o
                0x20000000                reqMaster
 .data.ConsoleUart
                0x20000020        0x4 c:/Code/BMI160/build/board.o
                0x20000020                ConsoleUart
 .data.overflows
                0x20000024        0x4 c:/MaximSDK/Libraries/PeriphDrivers/bin/MAX78000/softfp/libPeriphDriver_softfp.a(mxc_delay.o)
 .data._impure_ptr
                0x20000028        0x4 c:/maximsdk/tools/gnutools/bin/../lib/gcc/arm-none-eabi/9.2.1/../../../../arm-none-eabi/lib/thumb/v7e-m+fp/softfp\libc.a(lib_a-impure.o)
                0x20000028                _impure_ptr
 *fill*         0x2000002c        0x4 
 .data.impure_data
                0x20000030      0x428 c:/maximsdk/tools/gnutools/bin/../lib/gcc/arm-none-eabi/9.2.1/../../../../arm-none-eabi/lib/thumb/v7e-m+fp/softfp\libc.a(lib_a-impure.o)
 .data.__malloc_av_
                0x20000458      0x408 c:/maximsdk/tools/gnutools/bin/../lib/gcc/arm-none-eabi/9.2.1/../../../../arm-none-eabi/lib/thumb/v7e-m+fp/softfp\libc.a(lib_a-mallocr.o)
                0x20000458                __malloc_av_
 .data.__malloc_sbrk_base
                0x20000860        0x4 c:/maximsdk/tools/gnutools/bin/../lib/gcc/arm-none-eabi/9.2.1/../../../../arm-none-eabi/lib/thumb/v7e-m+fp/softfp\libc.a(lib_a-mallocr.o)
                0x20000860                __malloc_sbrk_base
 .data.__malloc_trim_threshold
                0x20000864        0x4 c:/maximsdk/tools/gnutools/bin/../lib/gcc/arm-none-eabi/9.2.1/../../../../arm-none-eabi/lib/thumb/v7e-m+fp/softfp\libc.a(lib_a-mallocr.o)
                0x20000864                __malloc_trim_threshold
 .data.__atexit_recursive_mutex
                0x20000868        0x4 c:/maximsdk/tools/gnutools/bin/../lib/gcc/arm-none-eabi/9.2.1/../../../../arm-none-eabi/lib/thumb/v7e-m+fp/softfp\libc.a(lib_a-__call_atexit.o)
                0x20000868                __atexit_recursive_mutex
 .data.__global_locale
                0x2000086c      0x16c c:/maximsdk/tools/gnutools/bin/../lib/gcc/arm-none-eabi/9.2.1/../../../../arm-none-eabi/lib/thumb/v7e-m+fp/softfp\libc.a(lib_a-locale.o)
                0x2000086c                __global_locale
                0x200009d8                . = ALIGN (0x4)
                0x200009d8                PROVIDE (__preinit_array_start = .)
 *(.preinit_array)
                0x200009d8                PROVIDE (__preinit_array_end = .)
                0x200009d8                . = ALIGN (0x4)
                0x200009d8                PROVIDE (__init_array_start = .)
 *(SORT_BY_NAME(.init_array.*))
 .init_array.00000
                0x200009d8        0x4 c:/maximsdk/tools/gnutools/bin/../lib/gcc/arm-none-eabi/9.2.1/../../../../arm-none-eabi/lib/thumb/v7e-m+fp/softfp\libc.a(lib_a-__call_atexit.o)
 *(.init_array)
 .init_array    0x200009dc        0x4 c:/maximsdk/tools/gnutools/bin/../lib/gcc/arm-none-eabi/9.2.1/thumb/v7e-m+fp/softfp/crtbegin.o
                0x200009e0                PROVIDE (__init_array_end = .)
                0x200009e0                . = ALIGN (0x4)
                0x200009e0                PROVIDE (__fini_array_start = .)
 *(SORT_BY_NAME(.fini_array.*))
 *(.fini_array)
 .fini_array    0x200009e0        0x4 c:/maximsdk/tools/gnutools/bin/../lib/gcc/arm-none-eabi/9.2.1/thumb/v7e-m+fp/softfp/crtbegin.o
                0x200009e4                PROVIDE (__fini_array_end = .)
                0x200009e4                _edata = ALIGN (., 0x4)
                0x10009378                __load_data = LOADADDR (.data)

.igot.plt       0x200009e4        0x0 load address 0x10009d5c
 .igot.plt      0x200009e4        0x0 c:/maximsdk/tools/gnutools/bin/../lib/gcc/arm-none-eabi/9.2.1/thumb/v7e-m+fp/softfp/crtbegin.o

.bss            0x200009e4      0x540 load address 0x10009d5c
                0x200009e4                . = ALIGN (0x4)
                0x200009e4                _bss = .
 *(.bss*)
 .bss           0x200009e4       0x1c c:/maximsdk/tools/gnutools/bin/../lib/gcc/arm-none-eabi/9.2.1/thumb/v7e-m+fp/softfp/crtbegin.o
 .bss.heap_end  0x20000a00        0x4 c:/Code/BMI160/build/heap.o
 .bss.cbFunc    0x20000a04        0x4 c:/MaximSDK/Libraries/PeriphDrivers/bin/MAX78000/softfp/libPeriphDriver_softfp.a(mxc_delay.o)
 .bss.ctrl_save
                0x20000a08        0x4 c:/MaximSDK/Libraries/PeriphDrivers/bin/MAX78000/softfp/libPeriphDriver_softfp.a(mxc_delay.o)
 .bss.endtick   0x20000a0c        0x4 c:/MaximSDK/Libraries/PeriphDrivers/bin/MAX78000/softfp/libPeriphDriver_softfp.a(mxc_delay.o)
 .bss.states    0x20000a10       0x48 c:/MaximSDK/Libraries/PeriphDrivers/bin/MAX78000/softfp/libPeriphDriver_softfp.a(i2c_reva.o)
 .bss.callback  0x20000a58      0x200 c:/MaximSDK/Libraries/PeriphDrivers/bin/MAX78000/softfp/libPeriphDriver_softfp.a(gpio_common.o)
 .bss.cbparam   0x20000c58      0x200 c:/MaximSDK/Libraries/PeriphDrivers/bin/MAX78000/softfp/libPeriphDriver_softfp.a(gpio_common.o)
 .bss.initialized
                0x20000e58        0x1 c:/MaximSDK/Libraries/PeriphDrivers/bin/MAX78000/softfp/libPeriphDriver_softfp.a(gpio_common.o)
 *fill*         0x20000e59        0x3 
 .bss.__malloc_current_mallinfo
                0x20000e5c       0x28 c:/maximsdk/tools/gnutools/bin/../lib/gcc/arm-none-eabi/9.2.1/../../../../arm-none-eabi/lib/thumb/v7e-m+fp/softfp\libc.a(lib_a-mallocr.o)
                0x20000e5c                __malloc_current_mallinfo
 .bss.__malloc_max_sbrked_mem
                0x20000e84        0x4 c:/maximsdk/tools/gnutools/bin/../lib/gcc/arm-none-eabi/9.2.1/../../../../arm-none-eabi/lib/thumb/v7e-m+fp/softfp\libc.a(lib_a-mallocr.o)
                0x20000e84                __malloc_max_sbrked_mem
 .bss.__malloc_max_total_mem
                0x20000e88        0x4 c:/maximsdk/tools/gnutools/bin/../lib/gcc/arm-none-eabi/9.2.1/../../../../arm-none-eabi/lib/thumb/v7e-m+fp/softfp\libc.a(lib_a-mallocr.o)
                0x20000e88                __malloc_max_total_mem
 .bss.__malloc_top_pad
                0x20000e8c        0x4 c:/maximsdk/tools/gnutools/bin/../lib/gcc/arm-none-eabi/9.2.1/../../../../arm-none-eabi/lib/thumb/v7e-m+fp/softfp\libc.a(lib_a-mallocr.o)
                0x20000e8c                __malloc_top_pad
 *(COMMON)
 COMMON         0x20000e90       0x68 c:/Code/BMI160/build/main.o
                0x20000e90                bmi160_offsets
                0x20000e9c                acc_y
                0x20000ea0                bmi160_foc_conf
                0x20000ea8                bmi160_gyro
                0x20000eb4                bmi160_accel
                0x20000ec0                bmi160
                0x20000eec                acc_x
                0x20000ef0                Conversion_Factor
                0x20000ef4                acc_z
 COMMON         0x20000ef8        0x1 c:/Code/BMI160/build/bmi160_max78000evkit.o
                0x20000ef8                error
 *fill*         0x20000ef9        0x3 
 COMMON         0x20000efc       0x21 c:/maximsdk/tools/gnutools/bin/../lib/gcc/arm-none-eabi/9.2.1/../../../../arm-none-eabi/lib/thumb/v7e-m+fp/softfp\libc.a(lib_a-lock.o)
                0x20000efc                __lock___atexit_recursive_mutex
                0x20000f00                __lock___arc4random_mutex
                0x20000f04                __lock___env_recursive_mutex
                0x20000f08                __lock___sinit_recursive_mutex
                0x20000f0c                __lock___malloc_recursive_mutex
                0x20000f10                __lock___at_quick_exit_mutex
                0x20000f14                __lock___dd_hash_mutex
                0x20000f18                __lock___tz_mutex
                0x20000f1c                __lock___sfp_recursive_mutex
 *fill*         0x20000f1d        0x3 
 COMMON         0x20000f20        0x4 c:/maximsdk/tools/gnutools/bin/../lib/gcc/arm-none-eabi/9.2.1/../../../../arm-none-eabi/lib/thumb/v7e-m+fp/softfp\libc.a(lib_a-reent.o)
                0x20000f20                errno
                0x20000f24                _ebss = ALIGN (., 0x4)

.shared         0x20000f24        0x4 load address 0x10009d5c
                0x20000f24                . = ALIGN (0x4)
                0x20000f24                _shared = .
 *(.mailbox*)
                0x20000f24                . = ALIGN (0x4)
 *(.shared*)
 .shared        0x20000f24        0x4 c:/Code/BMI160/build/system_max78000.o
                0x20000f24                SystemCoreClock
                0x20000f28                _eshared = ALIGN (., 0x4)
                0x10009d5c                __shared_data = LOADADDR (.shared)
                0x20020000                __StackTop = (ORIGIN (SRAM) + LENGTH (SRAM))
                0x2001f000                __StackLimit = (__StackTop - SIZEOF (.stack_dummy))

.stack_dummy    0x20000f28     0x1000 load address 0x10009d60
 *(.stack*)
 .stack         0x20000f28     0x1000 c:/Code/BMI160/build/startup_max78000.o

.heap           0x20000f28      0xc00 load address 0x10009d60
                0x20000f28                . = ALIGN (0x4)
 *(.heap*)
 .heap          0x20000f28      0xc00 c:/Code/BMI160/build/startup_max78000.o
                0x20000f28                __HeapBase
                0x2001f000                __HeapLimit = ABSOLUTE (__StackLimit)
                0x20020000                PROVIDE (__stack = __StackTop)
                0x00000001                ASSERT ((__StackLimit >= _ebss), region RAM overflowed with stack)
OUTPUT(c:/Code/BMI160/build/MAX78000.elf elf32-littlearm)

.ARM.attributes
                0x00000000       0x2e
 .ARM.attributes
                0x00000000       0x1e c:/maximsdk/tools/gnutools/bin/../lib/gcc/arm-none-eabi/9.2.1/thumb/v7e-m+fp/softfp/crti.o
 .ARM.attributes
                0x0000001e       0x32 c:/maximsdk/tools/gnutools/bin/../lib/gcc/arm-none-eabi/9.2.1/thumb/v7e-m+fp/softfp/crtbegin.o
 .ARM.attributes
                0x00000050       0x32 c:/Code/BMI160/build/main.o
 .ARM.attributes
                0x00000082       0x32 c:/Code/BMI160/build/bmi160.o
 .ARM.attributes
                0x000000b4       0x32 c:/Code/BMI160/build/bmi160_max78000evkit.o
 .ARM.attributes
                0x000000e6       0x32 c:/Code/BMI160/build/board.o
 .ARM.attributes
                0x00000118       0x32 c:/Code/BMI160/build/stdio.o
 .ARM.attributes
                0x0000014a       0x32 c:/Code/BMI160/build/led.o
 .ARM.attributes
                0x0000017c       0x32 c:/Code/BMI160/build/pb.o
 .ARM.attributes
                0x000001ae       0x1b c:/Code/BMI160/build/startup_max78000.o
 .ARM.attributes
                0x000001c9       0x32 c:/Code/BMI160/build/heap.o
 .ARM.attributes
                0x000001fb       0x32 c:/Code/BMI160/build/system_max78000.o
 .ARM.attributes
                0x0000022d       0x32 c:/MaximSDK/Libraries/PeriphDrivers/bin/MAX78000/softfp/libPeriphDriver_softfp.a(mxc_delay.o)
 .ARM.attributes
                0x0000025f       0x37 c:/MaximSDK/Libraries/PeriphDrivers/bin/MAX78000/softfp/libPeriphDriver_softfp.a(pins_ai85.o)
 .ARM.attributes
                0x00000296       0x32 c:/MaximSDK/Libraries/PeriphDrivers/bin/MAX78000/softfp/libPeriphDriver_softfp.a(sys_ai85.o)
 .ARM.attributes
                0x000002c8       0x32 c:/MaximSDK/Libraries/PeriphDrivers/bin/MAX78000/softfp/libPeriphDriver_softfp.a(gpio_ai85.o)
 .ARM.attributes
                0x000002fa       0x32 c:/MaximSDK/Libraries/PeriphDrivers/bin/MAX78000/softfp/libPeriphDriver_softfp.a(gpio_reva.o)
 .ARM.attributes
                0x0000032c       0x32 c:/MaximSDK/Libraries/PeriphDrivers/bin/MAX78000/softfp/libPeriphDriver_softfp.a(i2c_me17.o)
 .ARM.attributes
                0x0000035e       0x32 c:/MaximSDK/Libraries/PeriphDrivers/bin/MAX78000/softfp/libPeriphDriver_softfp.a(i2c_reva.o)
 .ARM.attributes
                0x00000390       0x32 c:/MaximSDK/Libraries/PeriphDrivers/bin/MAX78000/softfp/libPeriphDriver_softfp.a(uart_ai85.o)
 .ARM.attributes
                0x000003c2       0x32 c:/MaximSDK/Libraries/PeriphDrivers/bin/MAX78000/softfp/libPeriphDriver_softfp.a(uart_common.o)
 .ARM.attributes
                0x000003f4       0x32 c:/MaximSDK/Libraries/PeriphDrivers/bin/MAX78000/softfp/libPeriphDriver_softfp.a(uart_revb.o)
 .ARM.attributes
                0x00000426       0x32 c:/MaximSDK/Libraries/PeriphDrivers/bin/MAX78000/softfp/libPeriphDriver_softfp.a(gpio_common.o)
 .ARM.attributes
                0x00000458       0x32 c:/maximsdk/tools/gnutools/bin/../lib/gcc/arm-none-eabi/9.2.1/../../../../arm-none-eabi/lib/thumb/v7e-m+fp/softfp\libc.a(lib_a-errno.o)
 .ARM.attributes
                0x0000048a       0x32 c:/maximsdk/tools/gnutools/bin/../lib/gcc/arm-none-eabi/9.2.1/../../../../arm-none-eabi/lib/thumb/v7e-m+fp/softfp\libc.a(lib_a-exit.o)
 .ARM.attributes
                0x000004bc       0x30 c:/maximsdk/tools/gnutools/bin/../lib/gcc/arm-none-eabi/9.2.1/../../../../arm-none-eabi/lib/thumb/v7e-m+fp/softfp\libc.a(lib_a-impure.o)
 .ARM.attributes
                0x000004ec       0x32 c:/maximsdk/tools/gnutools/bin/../lib/gcc/arm-none-eabi/9.2.1/../../../../arm-none-eabi/lib/thumb/v7e-m+fp/softfp\libc.a(lib_a-init.o)
 .ARM.attributes
                0x0000051e       0x32 c:/maximsdk/tools/gnutools/bin/../lib/gcc/arm-none-eabi/9.2.1/../../../../arm-none-eabi/lib/thumb/v7e-m+fp/softfp\libc.a(lib_a-malloc.o)
 .ARM.attributes
                0x00000550       0x32 c:/maximsdk/tools/gnutools/bin/../lib/gcc/arm-none-eabi/9.2.1/../../../../arm-none-eabi/lib/thumb/v7e-m+fp/softfp\libc.a(lib_a-mallocr.o)
 .ARM.attributes
                0x00000582       0x1c c:/maximsdk/tools/gnutools/bin/../lib/gcc/arm-none-eabi/9.2.1/../../../../arm-none-eabi/lib/thumb/v7e-m+fp/softfp\libc.a(lib_a-memcpy.o)
 .ARM.attributes
                0x0000059e       0x32 c:/maximsdk/tools/gnutools/bin/../lib/gcc/arm-none-eabi/9.2.1/../../../../arm-none-eabi/lib/thumb/v7e-m+fp/softfp\libc.a(lib_a-memset.o)
 .ARM.attributes
                0x000005d0       0x32 c:/maximsdk/tools/gnutools/bin/../lib/gcc/arm-none-eabi/9.2.1/../../../../arm-none-eabi/lib/thumb/v7e-m+fp/softfp\libc.a(lib_a-mlock.o)
 .ARM.attributes
                0x00000602       0x32 c:/maximsdk/tools/gnutools/bin/../lib/gcc/arm-none-eabi/9.2.1/../../../../arm-none-eabi/lib/thumb/v7e-m+fp/softfp\libc.a(lib_a-printf.o)
 .ARM.attributes
                0x00000634       0x32 c:/maximsdk/tools/gnutools/bin/../lib/gcc/arm-none-eabi/9.2.1/../../../../arm-none-eabi/lib/thumb/v7e-m+fp/softfp\libc.a(lib_a-puts.o)
 .ARM.attributes
                0x00000666       0x32 c:/maximsdk/tools/gnutools/bin/../lib/gcc/arm-none-eabi/9.2.1/../../../../arm-none-eabi/lib/thumb/v7e-m+fp/softfp\libc.a(lib_a-sbrkr.o)
 .ARM.attributes
                0x00000698       0x1c c:/maximsdk/tools/gnutools/bin/../lib/gcc/arm-none-eabi/9.2.1/../../../../arm-none-eabi/lib/thumb/v7e-m+fp/softfp\libc.a(lib_a-strlen.o)
 .ARM.attributes
                0x000006b4       0x32 c:/maximsdk/tools/gnutools/bin/../lib/gcc/arm-none-eabi/9.2.1/../../../../arm-none-eabi/lib/thumb/v7e-m+fp/softfp\libc.a(lib_a-vfprintf.o)
 .ARM.attributes
                0x000006e6       0x32 c:/maximsdk/tools/gnutools/bin/../lib/gcc/arm-none-eabi/9.2.1/../../../../arm-none-eabi/lib/thumb/v7e-m+fp/softfp\libc.a(lib_a-wsetup.o)
 .ARM.attributes
                0x00000718       0x32 c:/maximsdk/tools/gnutools/bin/../lib/gcc/arm-none-eabi/9.2.1/../../../../arm-none-eabi/lib/thumb/v7e-m+fp/softfp\libc.a(lib_a-__call_atexit.o)
 .ARM.attributes
                0x0000074a       0x32 c:/maximsdk/tools/gnutools/bin/../lib/gcc/arm-none-eabi/9.2.1/../../../../arm-none-eabi/lib/thumb/v7e-m+fp/softfp\libc.a(lib_a-atexit.o)
 .ARM.attributes
                0x0000077c       0x32 c:/maximsdk/tools/gnutools/bin/../lib/gcc/arm-none-eabi/9.2.1/../../../../arm-none-eabi/lib/thumb/v7e-m+fp/softfp\libc.a(lib_a-dtoa.o)
 .ARM.attributes
                0x000007ae       0x32 c:/maximsdk/tools/gnutools/bin/../lib/gcc/arm-none-eabi/9.2.1/../../../../arm-none-eabi/lib/thumb/v7e-m+fp/softfp\libc.a(lib_a-fflush.o)
 .ARM.attributes
                0x000007e0       0x32 c:/maximsdk/tools/gnutools/bin/../lib/gcc/arm-none-eabi/9.2.1/../../../../arm-none-eabi/lib/thumb/v7e-m+fp/softfp\libc.a(lib_a-findfp.o)
 .ARM.attributes
                0x00000812       0x32 c:/maximsdk/tools/gnutools/bin/../lib/gcc/arm-none-eabi/9.2.1/../../../../arm-none-eabi/lib/thumb/v7e-m+fp/softfp\libc.a(lib_a-fini.o)
 .ARM.attributes
                0x00000844       0x32 c:/maximsdk/tools/gnutools/bin/../lib/gcc/arm-none-eabi/9.2.1/../../../../arm-none-eabi/lib/thumb/v7e-m+fp/softfp\libc.a(lib_a-freer.o)
 .ARM.attributes
                0x00000876       0x32 c:/maximsdk/tools/gnutools/bin/../lib/gcc/arm-none-eabi/9.2.1/../../../../arm-none-eabi/lib/thumb/v7e-m+fp/softfp\libc.a(lib_a-fvwrite.o)
 .ARM.attributes
                0x000008a8       0x32 c:/maximsdk/tools/gnutools/bin/../lib/gcc/arm-none-eabi/9.2.1/../../../../arm-none-eabi/lib/thumb/v7e-m+fp/softfp\libc.a(lib_a-fwalk.o)
 .ARM.attributes
                0x000008da       0x32 c:/maximsdk/tools/gnutools/bin/../lib/gcc/arm-none-eabi/9.2.1/../../../../arm-none-eabi/lib/thumb/v7e-m+fp/softfp\libc.a(lib_a-localeconv.o)
 .ARM.attributes
                0x0000090c       0x32 c:/maximsdk/tools/gnutools/bin/../lib/gcc/arm-none-eabi/9.2.1/../../../../arm-none-eabi/lib/thumb/v7e-m+fp/softfp\libc.a(lib_a-lock.o)
 .ARM.attributes
                0x0000093e       0x32 c:/maximsdk/tools/gnutools/bin/../lib/gcc/arm-none-eabi/9.2.1/../../../../arm-none-eabi/lib/thumb/v7e-m+fp/softfp\libc.a(lib_a-makebuf.o)
 .ARM.attributes
                0x00000970       0x1c c:/maximsdk/tools/gnutools/bin/../lib/gcc/arm-none-eabi/9.2.1/../../../../arm-none-eabi/lib/thumb/v7e-m+fp/softfp\libc.a(lib_a-memchr.o)
 .ARM.attributes
                0x0000098c       0x32 c:/maximsdk/tools/gnutools/bin/../lib/gcc/arm-none-eabi/9.2.1/../../../../arm-none-eabi/lib/thumb/v7e-m+fp/softfp\libc.a(lib_a-memmove.o)
 .ARM.attributes
                0x000009be       0x32 c:/maximsdk/tools/gnutools/bin/../lib/gcc/arm-none-eabi/9.2.1/../../../../arm-none-eabi/lib/thumb/v7e-m+fp/softfp\libc.a(lib_a-mprec.o)
 .ARM.attributes
                0x000009f0       0x32 c:/maximsdk/tools/gnutools/bin/../lib/gcc/arm-none-eabi/9.2.1/../../../../arm-none-eabi/lib/thumb/v7e-m+fp/softfp\libc.a(lib_a-reallocr.o)
 .ARM.attributes
                0x00000a22       0x32 c:/maximsdk/tools/gnutools/bin/../lib/gcc/arm-none-eabi/9.2.1/../../../../arm-none-eabi/lib/thumb/v7e-m+fp/softfp\libc.a(lib_a-reent.o)
 .ARM.attributes
                0x00000a54       0x32 c:/maximsdk/tools/gnutools/bin/../lib/gcc/arm-none-eabi/9.2.1/../../../../arm-none-eabi/lib/thumb/v7e-m+fp/softfp\libc.a(lib_a-s_frexp.o)
 .ARM.attributes
                0x00000a86       0x32 c:/maximsdk/tools/gnutools/bin/../lib/gcc/arm-none-eabi/9.2.1/../../../../arm-none-eabi/lib/thumb/v7e-m+fp/softfp\libc.a(lib_a-stdio.o)
 .ARM.attributes
                0x00000ab8       0x32 c:/maximsdk/tools/gnutools/bin/../lib/gcc/arm-none-eabi/9.2.1/../../../../arm-none-eabi/lib/thumb/v7e-m+fp/softfp\libc.a(lib_a-strncpy.o)
 .ARM.attributes
                0x00000aea       0x32 c:/maximsdk/tools/gnutools/bin/../lib/gcc/arm-none-eabi/9.2.1/../../../../arm-none-eabi/lib/thumb/v7e-m+fp/softfp\libc.a(lib_a-vfiprintf.o)
 .ARM.attributes
                0x00000b1c       0x32 c:/maximsdk/tools/gnutools/bin/../lib/gcc/arm-none-eabi/9.2.1/../../../../arm-none-eabi/lib/thumb/v7e-m+fp/softfp\libc.a(lib_a-writer.o)
 .ARM.attributes
                0x00000b4e       0x32 c:/maximsdk/tools/gnutools/bin/../lib/gcc/arm-none-eabi/9.2.1/../../../../arm-none-eabi/lib/thumb/v7e-m+fp/softfp\libc.a(lib_a-__atexit.o)
 .ARM.attributes
                0x00000b80       0x32 c:/maximsdk/tools/gnutools/bin/../lib/gcc/arm-none-eabi/9.2.1/../../../../arm-none-eabi/lib/thumb/v7e-m+fp/softfp\libc.a(lib_a-callocr.o)
 .ARM.attributes
                0x00000bb2       0x32 c:/maximsdk/tools/gnutools/bin/../lib/gcc/arm-none-eabi/9.2.1/../../../../arm-none-eabi/lib/thumb/v7e-m+fp/softfp\libc.a(lib_a-closer.o)
 .ARM.attributes
                0x00000be4       0x32 c:/maximsdk/tools/gnutools/bin/../lib/gcc/arm-none-eabi/9.2.1/../../../../arm-none-eabi/lib/thumb/v7e-m+fp/softfp\libc.a(lib_a-fclose.o)
 .ARM.attributes
                0x00000c16       0x32 c:/maximsdk/tools/gnutools/bin/../lib/gcc/arm-none-eabi/9.2.1/../../../../arm-none-eabi/lib/thumb/v7e-m+fp/softfp\libc.a(lib_a-fputwc.o)
 .ARM.attributes
                0x00000c48       0x32 c:/maximsdk/tools/gnutools/bin/../lib/gcc/arm-none-eabi/9.2.1/../../../../arm-none-eabi/lib/thumb/v7e-m+fp/softfp\libc.a(lib_a-fstatr.o)
 .ARM.attributes
                0x00000c7a       0x32 c:/maximsdk/tools/gnutools/bin/../lib/gcc/arm-none-eabi/9.2.1/../../../../arm-none-eabi/lib/thumb/v7e-m+fp/softfp\libc.a(lib_a-isattyr.o)
 .ARM.attributes
                0x00000cac       0x32 c:/maximsdk/tools/gnutools/bin/../lib/gcc/arm-none-eabi/9.2.1/../../../../arm-none-eabi/lib/thumb/v7e-m+fp/softfp\libc.a(lib_a-locale.o)
 .ARM.attributes
                0x00000cde       0x32 c:/maximsdk/tools/gnutools/bin/../lib/gcc/arm-none-eabi/9.2.1/../../../../arm-none-eabi/lib/thumb/v7e-m+fp/softfp\libc.a(lib_a-lseekr.o)
 .ARM.attributes
                0x00000d10       0x32 c:/maximsdk/tools/gnutools/bin/../lib/gcc/arm-none-eabi/9.2.1/../../../../arm-none-eabi/lib/thumb/v7e-m+fp/softfp\libc.a(lib_a-mbtowc_r.o)
 .ARM.attributes
                0x00000d42       0x32 c:/maximsdk/tools/gnutools/bin/../lib/gcc/arm-none-eabi/9.2.1/../../../../arm-none-eabi/lib/thumb/v7e-m+fp/softfp\libc.a(lib_a-readr.o)
 .ARM.attributes
                0x00000d74       0x32 c:/maximsdk/tools/gnutools/bin/../lib/gcc/arm-none-eabi/9.2.1/../../../../arm-none-eabi/lib/thumb/v7e-m+fp/softfp\libc.a(lib_a-wbuf.o)
 .ARM.attributes
                0x00000da6       0x32 c:/maximsdk/tools/gnutools/bin/../lib/gcc/arm-none-eabi/9.2.1/../../../../arm-none-eabi/lib/thumb/v7e-m+fp/softfp\libc.a(lib_a-wcrtomb.o)
 .ARM.attributes
                0x00000dd8       0x32 c:/maximsdk/tools/gnutools/bin/../lib/gcc/arm-none-eabi/9.2.1/../../../../arm-none-eabi/lib/thumb/v7e-m+fp/softfp\libc.a(lib_a-wctomb_r.o)
 .ARM.attributes
                0x00000e0a       0x30 c:/maximsdk/tools/gnutools/bin/../lib/gcc/arm-none-eabi/9.2.1/../../../../arm-none-eabi/lib/thumb/v7e-m+fp/softfp\libc.a(lib_a-ctype_.o)
 .ARM.attributes
                0x00000e3a       0x32 c:/maximsdk/tools/gnutools/bin/../lib/gcc/arm-none-eabi/9.2.1/../../../../arm-none-eabi/lib/thumb/v7e-m+fp/softfp\libnosys.a(_exit.o)
 .ARM.attributes
                0x00000e6c       0x1e c:/maximsdk/tools/gnutools/bin/../lib/gcc/arm-none-eabi/9.2.1/thumb/v7e-m+fp/softfp\libgcc.a(_arm_addsubdf3.o)
 .ARM.attributes
                0x00000e8a       0x1e c:/maximsdk/tools/gnutools/bin/../lib/gcc/arm-none-eabi/9.2.1/thumb/v7e-m+fp/softfp\libgcc.a(_arm_muldivdf3.o)
 .ARM.attributes
                0x00000ea8       0x1e c:/maximsdk/tools/gnutools/bin/../lib/gcc/arm-none-eabi/9.2.1/thumb/v7e-m+fp/softfp\libgcc.a(_arm_cmpdf2.o)
 .ARM.attributes
                0x00000ec6       0x1e c:/maximsdk/tools/gnutools/bin/../lib/gcc/arm-none-eabi/9.2.1/thumb/v7e-m+fp/softfp\libgcc.a(_arm_unorddf2.o)
 .ARM.attributes
                0x00000ee4       0x1e c:/maximsdk/tools/gnutools/bin/../lib/gcc/arm-none-eabi/9.2.1/thumb/v7e-m+fp/softfp\libgcc.a(_arm_fixdfsi.o)
 .ARM.attributes
                0x00000f02       0x1e c:/maximsdk/tools/gnutools/bin/../lib/gcc/arm-none-eabi/9.2.1/thumb/v7e-m+fp/softfp\libgcc.a(_aeabi_uldivmod.o)
 .ARM.attributes
                0x00000f20       0x32 c:/maximsdk/tools/gnutools/bin/../lib/gcc/arm-none-eabi/9.2.1/thumb/v7e-m+fp/softfp\libgcc.a(_udivmoddi4.o)
 .ARM.attributes
                0x00000f52       0x1e c:/maximsdk/tools/gnutools/bin/../lib/gcc/arm-none-eabi/9.2.1/thumb/v7e-m+fp/softfp\libgcc.a(_dvmd_tls.o)
 .ARM.attributes
                0x00000f70       0x30 c:/maximsdk/tools/gnutools/bin/../lib/gcc/arm-none-eabi/9.2.1/thumb/v7e-m+fp/softfp/crtend.o
 .ARM.attributes
                0x00000fa0       0x1e c:/maximsdk/tools/gnutools/bin/../lib/gcc/arm-none-eabi/9.2.1/thumb/v7e-m+fp/softfp/crtn.o

.comment        0x00000000       0x79
 .comment       0x00000000       0x79 c:/Code/BMI160/build/main.o
                                 0x7a (size before relaxing)
 .comment       0x00000079       0x7a c:/Code/BMI160/build/bmi160.o
 .comment       0x00000079       0x7a c:/Code/BMI160/build/bmi160_max78000evkit.o
 .comment       0x00000079       0x7a c:/Code/BMI160/build/board.o
 .comment       0x00000079       0x7a c:/Code/BMI160/build/stdio.o
 .comment       0x00000079       0x7a c:/Code/BMI160/build/led.o
 .comment       0x00000079       0x7a c:/Code/BMI160/build/pb.o
 .comment       0x00000079       0x7a c:/Code/BMI160/build/heap.o
 .comment       0x00000079       0x7a c:/Code/BMI160/build/system_max78000.o
 .comment       0x00000079       0x7a c:/MaximSDK/Libraries/PeriphDrivers/bin/MAX78000/softfp/libPeriphDriver_softfp.a(mxc_delay.o)
 .comment       0x00000079       0x7a c:/MaximSDK/Libraries/PeriphDrivers/bin/MAX78000/softfp/libPeriphDriver_softfp.a(pins_ai85.o)
 .comment       0x00000079       0x7a c:/MaximSDK/Libraries/PeriphDrivers/bin/MAX78000/softfp/libPeriphDriver_softfp.a(sys_ai85.o)
 .comment       0x00000079       0x7a c:/MaximSDK/Libraries/PeriphDrivers/bin/MAX78000/softfp/libPeriphDriver_softfp.a(gpio_ai85.o)
 .comment       0x00000079       0x7a c:/MaximSDK/Libraries/PeriphDrivers/bin/MAX78000/softfp/libPeriphDriver_softfp.a(gpio_reva.o)
 .comment       0x00000079       0x7a c:/MaximSDK/Libraries/PeriphDrivers/bin/MAX78000/softfp/libPeriphDriver_softfp.a(i2c_me17.o)
 .comment       0x00000079       0x7a c:/MaximSDK/Libraries/PeriphDrivers/bin/MAX78000/softfp/libPeriphDriver_softfp.a(i2c_reva.o)
 .comment       0x00000079       0x7a c:/MaximSDK/Libraries/PeriphDrivers/bin/MAX78000/softfp/libPeriphDriver_softfp.a(uart_ai85.o)
 .comment       0x00000079       0x7a c:/MaximSDK/Libraries/PeriphDrivers/bin/MAX78000/softfp/libPeriphDriver_softfp.a(uart_common.o)
 .comment       0x00000079       0x7a c:/MaximSDK/Libraries/PeriphDrivers/bin/MAX78000/softfp/libPeriphDriver_softfp.a(uart_revb.o)
 .comment       0x00000079       0x7a c:/MaximSDK/Libraries/PeriphDrivers/bin/MAX78000/softfp/libPeriphDriver_softfp.a(gpio_common.o)

.debug_info     0x00000000    0x20cdd
 .debug_info    0x00000000     0x14a9 c:/Code/BMI160/build/main.o
 .debug_info    0x000014a9     0x7dbc c:/Code/BMI160/build/bmi160.o
 .debug_info    0x00009265     0x17bb c:/Code/BMI160/build/bmi160_max78000evkit.o
 .debug_info    0x0000aa20     0x1547 c:/Code/BMI160/build/board.o
 .debug_info    0x0000bf67     0x1513 c:/Code/BMI160/build/stdio.o
 .debug_info    0x0000d47a     0x10e2 c:/Code/BMI160/build/led.o
 .debug_info    0x0000e55c      0xee0 c:/Code/BMI160/build/pb.o
 .debug_info    0x0000f43c      0xa22 c:/Code/BMI160/build/heap.o
 .debug_info    0x0000fe5e     0x1394 c:/Code/BMI160/build/system_max78000.o
 .debug_info    0x000111f2      0x8f5 c:/MaximSDK/Libraries/PeriphDrivers/bin/MAX78000/softfp/libPeriphDriver_softfp.a(mxc_delay.o)
 .debug_info    0x00011ae7      0x8dd c:/MaximSDK/Libraries/PeriphDrivers/bin/MAX78000/softfp/libPeriphDriver_softfp.a(pins_ai85.o)
 .debug_info    0x000123c4      0xe57 c:/MaximSDK/Libraries/PeriphDrivers/bin/MAX78000/softfp/libPeriphDriver_softfp.a(sys_ai85.o)
 .debug_info    0x0001321b     0x130c c:/MaximSDK/Libraries/PeriphDrivers/bin/MAX78000/softfp/libPeriphDriver_softfp.a(gpio_ai85.o)
 .debug_info    0x00014527      0xbed c:/MaximSDK/Libraries/PeriphDrivers/bin/MAX78000/softfp/libPeriphDriver_softfp.a(gpio_reva.o)